[2025-06-06T15:33:31.868+0000][0.016s] Heap region size: 1M
[2025-06-06T15:33:32.359+0000][0.506s] Using G1
[2025-06-06T15:33:32.360+0000][0.508s] Heap address: 0x00000000e0000000, size: 512 MB, Compressed Oops mode: 32-bit
[2025-06-06T15:33:32.361+0000][0.509s] Mark closed archive regions in map: [0x00000000fff00000, 0x00000000fff65ff8]
[2025-06-06T15:33:32.364+0000][0.512s] Mark open archive regions in map: [0x00000000ffe00000, 0x00000000ffe42ff8]
[2025-06-06T15:33:33.024+0000][1.172s] GC(0) Pause Young (Normal) (G1 Evacuation Pause)
[2025-06-06T15:33:33.025+0000][1.173s] GC(0) Using 9 workers of 9 for evacuation
[2025-06-06T15:33:33.037+0000][1.184s] GC(0)   Pre Evacuate Collection Set: 0.1ms
[2025-06-06T15:33:33.037+0000][1.185s] GC(0)   Evacuate Collection Set: 10.5ms
[2025-06-06T15:33:33.037+0000][1.185s] GC(0)   Post Evacuate Collection Set: 0.6ms
[2025-06-06T15:33:33.037+0000][1.185s] GC(0)   Other: 1.6ms
[2025-06-06T15:33:33.037+0000][1.185s] GC(0) Eden regions: 30->0(303)
[2025-06-06T15:33:33.037+0000][1.185s] GC(0) Survivor regions: 0->4(4)
[2025-06-06T15:33:33.037+0000][1.185s] GC(0) Old regions: 2->2
[2025-06-06T15:33:33.037+0000][1.185s] GC(0) Humongous regions: 0->0
[2025-06-06T15:33:33.037+0000][1.185s] GC(0) Metaspace: 9416K(10112K)->9416K(10112K) NonClass: 8248K(8704K)->8248K(8704K) Class: 1168K(1408K)->1168K(1408K)
[2025-06-06T15:33:33.037+0000][1.185s] GC(0) Pause Young (Normal) (G1 Evacuation Pause) 30M->4M(512M) 13.249ms
[2025-06-06T15:33:33.037+0000][1.185s] GC(0) User=0.08s Sys=0.00s Real=0.01s
[2025-06-06T15:33:33.856+0000][2.004s] GC(1) Pause Young (Concurrent Start) (Metadata GC Threshold)
[2025-06-06T15:33:33.856+0000][2.004s] GC(1) Using 9 workers of 9 for evacuation
[2025-06-06T15:33:33.872+0000][2.019s] GC(1)   Pre Evacuate Collection Set: 0.1ms
[2025-06-06T15:33:33.873+0000][2.021s] GC(1)   Evacuate Collection Set: 11.4ms
[2025-06-06T15:33:33.873+0000][2.021s] GC(1)   Post Evacuate Collection Set: 3.7ms
[2025-06-06T15:33:33.873+0000][2.021s] GC(1)   Other: 0.6ms
[2025-06-06T15:33:33.873+0000][2.021s] GC(1) Eden regions: 82->0(76)
[2025-06-06T15:33:33.873+0000][2.021s] GC(1) Survivor regions: 4->20(39)
[2025-06-06T15:33:33.873+0000][2.021s] GC(1) Old regions: 2->2
[2025-06-06T15:33:33.873+0000][2.021s] GC(1) Humongous regions: 4->4
[2025-06-06T15:33:33.873+0000][2.021s] GC(1) Metaspace: 20521K(21248K)->20521K(21248K) NonClass: 18034K(18432K)->18034K(18432K) Class: 2486K(2816K)->2486K(2816K)
[2025-06-06T15:33:33.874+0000][2.022s] GC(1) Pause Young (Concurrent Start) (Metadata GC Threshold) 89M->24M(512M) 17.872ms
[2025-06-06T15:33:33.874+0000][2.022s] GC(1) User=0.06s Sys=0.00s Real=0.02s
[2025-06-06T15:33:33.874+0000][2.022s] GC(2) Concurrent Cycle
[2025-06-06T15:33:33.875+0000][2.023s] GC(2) Concurrent Clear Claimed Marks
[2025-06-06T15:33:33.875+0000][2.023s] GC(2) Concurrent Clear Claimed Marks 0.263ms
[2025-06-06T15:33:33.877+0000][2.025s] GC(2) Concurrent Scan Root Regions
[2025-06-06T15:33:33.881+0000][2.028s] GC(2) Concurrent Scan Root Regions 3.739ms
[2025-06-06T15:33:33.881+0000][2.029s] GC(2) Concurrent Mark (2.029s)
[2025-06-06T15:33:33.881+0000][2.029s] GC(2) Concurrent Mark From Roots
[2025-06-06T15:33:33.881+0000][2.029s] GC(2) Using 2 workers of 2 for marking
[2025-06-06T15:33:33.884+0000][2.032s] GC(2) Concurrent Mark From Roots 3.111ms
[2025-06-06T15:33:33.884+0000][2.032s] GC(2) Concurrent Preclean
[2025-06-06T15:33:33.884+0000][2.032s] GC(2) Concurrent Preclean 0.261ms
[2025-06-06T15:33:33.884+0000][2.032s] GC(2) Concurrent Mark (2.029s, 2.032s) 3.677ms
[2025-06-06T15:33:33.885+0000][2.033s] GC(2) Pause Remark
[2025-06-06T15:33:33.889+0000][2.037s] GC(2) Cleaned string and symbol table, strings: 9038 processed, 0 removed, symbols: 57844 processed, 32 removed
[2025-06-06T15:33:33.890+0000][2.038s] GC(2) Pause Remark 25M->25M(512M) 4.453ms
[2025-06-06T15:33:33.890+0000][2.038s] GC(2) User=0.01s Sys=0.00s Real=0.01s
[2025-06-06T15:33:33.890+0000][2.038s] GC(2) Concurrent Rebuild Remembered Sets
[2025-06-06T15:33:33.891+0000][2.039s] GC(2) Concurrent Rebuild Remembered Sets 1.048ms
[2025-06-06T15:33:33.892+0000][2.040s] GC(2) Pause Cleanup
[2025-06-06T15:33:33.892+0000][2.040s] GC(2) Pause Cleanup 25M->25M(512M) 0.444ms
[2025-06-06T15:33:33.892+0000][2.040s] GC(2) User=0.00s Sys=0.00s Real=0.00s
[2025-06-06T15:33:33.893+0000][2.041s] GC(2) Concurrent Cleanup for Next Mark
[2025-06-06T15:33:33.895+0000][2.043s] GC(2) Concurrent Cleanup for Next Mark 2.484ms
[2025-06-06T15:33:33.896+0000][2.044s] GC(2) Concurrent Cycle 21.927ms
[2025-06-06T15:33:34.455+0000][2.603s] GC(3) Pause Young (Normal) (G1 Evacuation Pause)
[2025-06-06T15:33:34.455+0000][2.603s] GC(3) Using 9 workers of 9 for evacuation
[2025-06-06T15:33:34.472+0000][2.620s] GC(3)   Pre Evacuate Collection Set: 0.0ms
[2025-06-06T15:33:34.474+0000][2.622s] GC(3)   Evacuate Collection Set: 13.6ms
[2025-06-06T15:33:34.474+0000][2.622s] GC(3)   Post Evacuate Collection Set: 3.2ms
[2025-06-06T15:33:34.474+0000][2.622s] GC(3)   Other: 0.2ms
[2025-06-06T15:33:34.474+0000][2.622s] GC(3) Eden regions: 66->0(99)
[2025-06-06T15:33:34.474+0000][2.622s] GC(3) Survivor regions: 20->5(11)
[2025-06-06T15:33:34.474+0000][2.622s] GC(3) Old regions: 2->22
[2025-06-06T15:33:34.474+0000][2.622s] GC(3) Humongous regions: 4->4
[2025-06-06T15:33:34.474+0000][2.622s] GC(3) Metaspace: 29009K(29952K)->29009K(29952K) NonClass: 25543K(26112K)->25543K(26112K) Class: 3465K(3840K)->3465K(3840K)
[2025-06-06T15:33:34.474+0000][2.622s] GC(3) Pause Young (Normal) (G1 Evacuation Pause) 90M->28M(512M) 19.414ms
[2025-06-06T15:33:34.474+0000][2.622s] GC(3) User=0.10s Sys=0.00s Real=0.02s
[2025-06-06T15:33:34.846+0000][2.994s] GC(4) Pause Young (Concurrent Start) (Metadata GC Threshold)
[2025-06-06T15:33:34.846+0000][2.994s] GC(4) Using 9 workers of 9 for evacuation
[2025-06-06T15:33:34.864+0000][3.012s] GC(4)   Pre Evacuate Collection Set: 0.2ms
[2025-06-06T15:33:34.864+0000][3.012s] GC(4)   Evacuate Collection Set: 16.0ms
[2025-06-06T15:33:34.864+0000][3.012s] GC(4)   Post Evacuate Collection Set: 1.8ms
[2025-06-06T15:33:34.865+0000][3.013s] GC(4)   Other: 0.4ms
[2025-06-06T15:33:34.865+0000][3.013s] GC(4) Eden regions: 57->0(122)
[2025-06-06T15:33:34.865+0000][3.013s] GC(4) Survivor regions: 5->6(13)
[2025-06-06T15:33:34.865+0000][3.013s] GC(4) Old regions: 22->22
[2025-06-06T15:33:34.865+0000][3.013s] GC(4) Humongous regions: 4->4
[2025-06-06T15:33:34.865+0000][3.013s] GC(4) Metaspace: 34706K(35840K)->34706K(35840K) NonClass: 30559K(31232K)->30559K(31232K) Class: 4147K(4608K)->4147K(4608K)
[2025-06-06T15:33:34.865+0000][3.013s] GC(4) Pause Young (Concurrent Start) (Metadata GC Threshold) 84M->29M(512M) 19.030ms
[2025-06-06T15:33:34.865+0000][3.013s] GC(4) User=0.07s Sys=0.00s Real=0.02s
[2025-06-06T15:33:34.865+0000][3.013s] GC(5) Concurrent Cycle
[2025-06-06T15:33:34.866+0000][3.014s] GC(5) Concurrent Clear Claimed Marks
[2025-06-06T15:33:34.866+0000][3.014s] GC(5) Concurrent Clear Claimed Marks 0.296ms
[2025-06-06T15:33:34.867+0000][3.015s] GC(5) Concurrent Scan Root Regions
[2025-06-06T15:33:34.870+0000][3.018s] GC(5) Concurrent Scan Root Regions 2.664ms
[2025-06-06T15:33:34.870+0000][3.018s] GC(5) Concurrent Mark (3.018s)
[2025-06-06T15:33:34.870+0000][3.018s] GC(5) Concurrent Mark From Roots
[2025-06-06T15:33:34.871+0000][3.018s] GC(5) Using 2 workers of 2 for marking
[2025-06-06T15:33:34.898+0000][3.046s] GC(5) Concurrent Mark From Roots 26.993ms
[2025-06-06T15:33:34.898+0000][3.046s] GC(5) Concurrent Preclean
[2025-06-06T15:33:34.898+0000][3.046s] GC(5) Concurrent Preclean 0.204ms
[2025-06-06T15:33:34.898+0000][3.046s] GC(5) Concurrent Mark (3.018s, 3.046s) 27.696ms
[2025-06-06T15:33:34.898+0000][3.046s] GC(5) Pause Remark
[2025-06-06T15:33:34.905+0000][3.053s] GC(5) Cleaned string and symbol table, strings: 14917 processed, 32 removed, symbols: 100831 processed, 84 removed
[2025-06-06T15:33:34.905+0000][3.053s] GC(5) Pause Remark 31M->31M(512M) 6.804ms
[2025-06-06T15:33:34.905+0000][3.053s] GC(5) User=0.02s Sys=0.00s Real=0.01s
[2025-06-06T15:33:34.905+0000][3.053s] GC(5) Concurrent Rebuild Remembered Sets
[2025-06-06T15:33:34.913+0000][3.061s] GC(5) Concurrent Rebuild Remembered Sets 7.979ms
[2025-06-06T15:33:34.913+0000][3.061s] GC(5) Pause Cleanup
[2025-06-06T15:33:34.914+0000][3.062s] GC(5) Pause Cleanup 33M->33M(512M) 0.160ms
[2025-06-06T15:33:34.914+0000][3.062s] GC(5) User=0.00s Sys=0.00s Real=0.00s
[2025-06-06T15:33:34.914+0000][3.062s] GC(5) Concurrent Cleanup for Next Mark
[2025-06-06T15:33:34.914+0000][3.062s] GC(5) Concurrent Cleanup for Next Mark 0.170ms
[2025-06-06T15:33:34.914+0000][3.062s] GC(5) Concurrent Cycle 48.669ms
[2025-06-06T15:33:35.538+0000][3.686s] GC(6) Pause Young (Normal) (G1 Evacuation Pause)
[2025-06-06T15:33:35.538+0000][3.686s] GC(6) Using 9 workers of 9 for evacuation
[2025-06-06T15:33:35.547+0000][3.695s] GC(6)   Pre Evacuate Collection Set: 0.8ms
[2025-06-06T15:33:35.548+0000][3.696s] GC(6)   Evacuate Collection Set: 7.7ms
[2025-06-06T15:33:35.548+0000][3.696s] GC(6)   Post Evacuate Collection Set: 0.9ms
[2025-06-06T15:33:35.548+0000][3.696s] GC(6)   Other: 0.3ms
[2025-06-06T15:33:35.548+0000][3.696s] GC(6) Eden regions: 127->0(210)
[2025-06-06T15:33:35.548+0000][3.696s] GC(6) Survivor regions: 6->14(17)
[2025-06-06T15:33:35.548+0000][3.696s] GC(6) Old regions: 22->22
[2025-06-06T15:33:35.548+0000][3.696s] GC(6) Humongous regions: 5->4
[2025-06-06T15:33:35.548+0000][3.696s] GC(6) Metaspace: 41820K(43136K)->41820K(43136K) NonClass: 36760K(37632K)->36760K(37632K) Class: 5059K(5504K)->5059K(5504K)
[2025-06-06T15:33:35.548+0000][3.696s] GC(6) Pause Young (Normal) (G1 Evacuation Pause) 157M->37M(512M) 10.250ms
[2025-06-06T15:33:35.548+0000][3.696s] GC(6) User=0.05s Sys=0.00s Real=0.01s
[2025-06-06T15:36:21.855+0000][170.004s] GC(7) Pause Young (Normal) (G1 Evacuation Pause)
[2025-06-06T15:36:21.855+0000][170.004s] GC(7) Using 9 workers of 9 for evacuation
[2025-06-06T15:36:21.916+0000][170.065s] GC(7)   Pre Evacuate Collection Set: 3.0ms
[2025-06-06T15:36:21.916+0000][170.065s] GC(7)   Evacuate Collection Set: 53.7ms
[2025-06-06T15:36:21.916+0000][170.065s] GC(7)   Post Evacuate Collection Set: 2.9ms
[2025-06-06T15:36:21.917+0000][170.066s] GC(7)   Other: 1.8ms
[2025-06-06T15:36:21.917+0000][170.066s] GC(7) Eden regions: 210->0(286)
[2025-06-06T15:36:21.917+0000][170.066s] GC(7) Survivor regions: 14->21(28)
[2025-06-06T15:36:21.917+0000][170.066s] GC(7) Old regions: 22->22
[2025-06-06T15:36:21.917+0000][170.066s] GC(7) Humongous regions: 7->7
[2025-06-06T15:36:21.917+0000][170.066s] GC(7) Metaspace: 53365K(54656K)->53365K(54656K) NonClass: 47116K(47872K)->47116K(47872K) Class: 6249K(6784K)->6249K(6784K)
[2025-06-06T15:36:21.917+0000][170.066s] GC(7) Pause Young (Normal) (G1 Evacuation Pause) 250M->47M(512M) 62.010ms
[2025-06-06T15:36:21.917+0000][170.066s] GC(7) User=0.46s Sys=0.00s Real=0.06s
[2025-06-06T15:37:00.468+0000][208.617s] GC(8) Pause Young (Normal) (G1 Evacuation Pause)
[2025-06-06T15:37:00.469+0000][208.618s] GC(8) Using 9 workers of 9 for evacuation
[2025-06-06T15:37:00.516+0000][208.665s] GC(8)   Pre Evacuate Collection Set: 0.8ms
[2025-06-06T15:37:00.516+0000][208.665s] GC(8)   Evacuate Collection Set: 43.9ms
[2025-06-06T15:37:00.517+0000][208.665s] GC(8)   Post Evacuate Collection Set: 2.3ms
[2025-06-06T15:37:00.517+0000][208.666s] GC(8)   Other: 1.0ms
[2025-06-06T15:37:00.517+0000][208.666s] GC(8) Eden regions: 286->0(286)
[2025-06-06T15:37:00.517+0000][208.666s] GC(8) Survivor regions: 21->21(39)
[2025-06-06T15:37:00.517+0000][208.666s] GC(8) Old regions: 22->22
[2025-06-06T15:37:00.517+0000][208.666s] GC(8) Humongous regions: 7->7
[2025-06-06T15:37:00.517+0000][208.666s] GC(8) Metaspace: 55276K(56704K)->55276K(56704K) NonClass: 48885K(49664K)->48885K(49664K) Class: 6390K(7040K)->6390K(7040K)
[2025-06-06T15:37:00.517+0000][208.666s] GC(8) Pause Young (Normal) (G1 Evacuation Pause) 333M->47M(512M) 48.516ms
[2025-06-06T15:37:00.517+0000][208.666s] GC(8) User=0.38s Sys=0.00s Real=0.05s
[2025-06-06T15:51:24.856+0000][1073.008s] GC(9) Pause Young (Normal) (G1 Evacuation Pause)
[2025-06-06T15:51:24.856+0000][1073.008s] GC(9) Using 9 workers of 9 for evacuation
[2025-06-06T15:51:24.920+0000][1073.072s] GC(9)   Pre Evacuate Collection Set: 1.6ms
[2025-06-06T15:51:24.920+0000][1073.073s] GC(9)   Evacuate Collection Set: 57.5ms
[2025-06-06T15:51:24.920+0000][1073.073s] GC(9)   Post Evacuate Collection Set: 4.1ms
[2025-06-06T15:51:24.920+0000][1073.073s] GC(9)   Other: 1.6ms
[2025-06-06T15:51:24.921+0000][1073.073s] GC(9) Eden regions: 286->0(284)
[2025-06-06T15:51:24.921+0000][1073.073s] GC(9) Survivor regions: 21->23(39)
[2025-06-06T15:51:24.921+0000][1073.073s] GC(9) Old regions: 22->22
[2025-06-06T15:51:24.921+0000][1073.073s] GC(9) Humongous regions: 7->7
[2025-06-06T15:51:24.921+0000][1073.073s] GC(9) Metaspace: 56459K(58112K)->56459K(58112K) NonClass: 49971K(50944K)->49971K(50944K) Class: 6488K(7168K)->6488K(7168K)
[2025-06-06T15:51:24.921+0000][1073.073s] GC(9) Pause Young (Normal) (G1 Evacuation Pause) 333M->49M(512M) 65.558ms
[2025-06-06T15:51:24.921+0000][1073.073s] GC(9) User=0.49s Sys=0.00s Real=0.06s
[2025-06-06T15:51:57.920+0000][1106.073s] GC(10) Pause Young (Normal) (G1 Evacuation Pause)
[2025-06-06T15:51:57.921+0000][1106.073s] GC(10) Using 9 workers of 9 for evacuation
[2025-06-06T15:51:57.974+0000][1106.126s] GC(10)   Pre Evacuate Collection Set: 0.9ms
[2025-06-06T15:51:57.974+0000][1106.126s] GC(10)   Evacuate Collection Set: 49.1ms
[2025-06-06T15:51:57.974+0000][1106.126s] GC(10)   Post Evacuate Collection Set: 2.6ms
[2025-06-06T15:51:57.974+0000][1106.127s] GC(10)   Other: 1.0ms
[2025-06-06T15:51:57.974+0000][1106.127s] GC(10) Eden regions: 284->0(288)
[2025-06-06T15:51:57.974+0000][1106.127s] GC(10) Survivor regions: 23->19(39)
[2025-06-06T15:51:57.974+0000][1106.127s] GC(10) Old regions: 22->25
[2025-06-06T15:51:57.974+0000][1106.127s] GC(10) Humongous regions: 7->7
[2025-06-06T15:51:57.974+0000][1106.127s] GC(10) Metaspace: 56579K(58112K)->56579K(58112K) NonClass: 50087K(50944K)->50087K(50944K) Class: 6491K(7168K)->6491K(7168K)
[2025-06-06T15:51:57.974+0000][1106.127s] GC(10) Pause Young (Normal) (G1 Evacuation Pause) 333M->48M(512M) 54.295ms
[2025-06-06T15:51:57.975+0000][1106.127s] GC(10) User=0.44s Sys=0.00s Real=0.05s
[2025-06-06T15:52:33.717+0000][1141.871s] GC(11) Pause Young (Normal) (G1 Evacuation Pause)
[2025-06-06T15:52:33.718+0000][1141.872s] GC(11) Using 9 workers of 9 for evacuation
[2025-06-06T15:52:33.776+0000][1141.930s] GC(11)   Pre Evacuate Collection Set: 3.9ms
[2025-06-06T15:52:33.776+0000][1141.930s] GC(11)   Evacuate Collection Set: 41.1ms
[2025-06-06T15:52:33.776+0000][1141.930s] GC(11)   Post Evacuate Collection Set: 11.9ms
[2025-06-06T15:52:33.776+0000][1141.930s] GC(11)   Other: 1.2ms
[2025-06-06T15:52:33.777+0000][1141.931s] GC(11) Eden regions: 288->0(289)
[2025-06-06T15:52:33.777+0000][1141.931s] GC(11) Survivor regions: 19->18(39)
[2025-06-06T15:52:33.777+0000][1141.931s] GC(11) Old regions: 25->25
[2025-06-06T15:52:33.777+0000][1141.931s] GC(11) Humongous regions: 7->7
[2025-06-06T15:52:33.777+0000][1141.931s] GC(11) Metaspace: 56631K(58368K)->56631K(58368K) NonClass: 50136K(51200K)->50136K(51200K) Class: 6495K(7168K)->6495K(7168K)
[2025-06-06T15:52:33.777+0000][1141.931s] GC(11) Pause Young (Normal) (G1 Evacuation Pause) 336M->47M(512M) 59.877ms
[2025-06-06T15:52:33.777+0000][1141.931s] GC(11) User=0.41s Sys=0.00s Real=0.06s
[2025-06-06T15:53:19.403+0000][1187.555s] GC(12) Pause Young (Normal) (G1 Evacuation Pause)
[2025-06-06T15:53:19.403+0000][1187.556s] GC(12) Using 9 workers of 9 for evacuation
[2025-06-06T15:53:19.454+0000][1187.607s] GC(12)   Pre Evacuate Collection Set: 1.1ms
[2025-06-06T15:53:19.455+0000][1187.607s] GC(12)   Evacuate Collection Set: 43.5ms
[2025-06-06T15:53:19.455+0000][1187.607s] GC(12)   Post Evacuate Collection Set: 5.7ms
[2025-06-06T15:53:19.455+0000][1187.607s] GC(12)   Other: 0.9ms
[2025-06-06T15:53:19.455+0000][1187.608s] GC(12) Eden regions: 289->0(290)
[2025-06-06T15:53:19.455+0000][1187.608s] GC(12) Survivor regions: 18->17(39)
[2025-06-06T15:53:19.455+0000][1187.608s] GC(12) Old regions: 25->25
[2025-06-06T15:53:19.455+0000][1187.608s] GC(12) Humongous regions: 7->7
[2025-06-06T15:53:19.455+0000][1187.608s] GC(12) Metaspace: 56820K(58368K)->56820K(58368K) NonClass: 50316K(51200K)->50316K(51200K) Class: 6504K(7168K)->6504K(7168K)
[2025-06-06T15:53:19.455+0000][1187.608s] GC(12) Pause Young (Normal) (G1 Evacuation Pause) 336M->46M(512M) 52.539ms
[2025-06-06T15:53:19.456+0000][1187.608s] GC(12) User=0.41s Sys=0.01s Real=0.06s
[2025-06-06T15:53:23.067+0000][1191.220s] GC(13) Pause Young (Normal) (G1 Evacuation Pause)
[2025-06-06T15:53:23.067+0000][1191.220s] GC(13) Using 9 workers of 9 for evacuation
[2025-06-06T15:53:23.100+0000][1191.252s] GC(13)   Pre Evacuate Collection Set: 0.9ms
[2025-06-06T15:53:23.100+0000][1191.252s] GC(13)   Evacuate Collection Set: 23.7ms
[2025-06-06T15:53:23.100+0000][1191.252s] GC(13)   Post Evacuate Collection Set: 7.2ms
[2025-06-06T15:53:23.100+0000][1191.253s] GC(13)   Other: 1.0ms
[2025-06-06T15:53:23.100+0000][1191.253s] GC(13) Eden regions: 290->0(290)
[2025-06-06T15:53:23.100+0000][1191.253s] GC(13) Survivor regions: 17->17(39)
[2025-06-06T15:53:23.100+0000][1191.253s] GC(13) Old regions: 25->25
[2025-06-06T15:53:23.100+0000][1191.253s] GC(13) Humongous regions: 7->7
[2025-06-06T15:53:23.100+0000][1191.253s] GC(13) Metaspace: 57065K(58624K)->57065K(58624K) NonClass: 50560K(51456K)->50560K(51456K) Class: 6504K(7168K)->6504K(7168K)
[2025-06-06T15:53:23.100+0000][1191.253s] GC(13) Pause Young (Normal) (G1 Evacuation Pause) 336M->46M(512M) 33.109ms
[2025-06-06T15:53:23.100+0000][1191.253s] GC(13) User=0.24s Sys=0.00s Real=0.03s
[2025-06-06T15:53:25.992+0000][1194.147s] GC(14) Pause Young (Normal) (G1 Evacuation Pause)
[2025-06-06T15:53:25.992+0000][1194.147s] GC(14) Using 9 workers of 9 for evacuation
[2025-06-06T15:53:26.001+0000][1194.156s] GC(14)   Pre Evacuate Collection Set: 0.1ms
[2025-06-06T15:53:26.001+0000][1194.156s] GC(14)   Evacuate Collection Set: 6.8ms
[2025-06-06T15:53:26.001+0000][1194.156s] GC(14)   Post Evacuate Collection Set: 1.4ms
[2025-06-06T15:53:26.001+0000][1194.156s] GC(14)   Other: 0.3ms
[2025-06-06T15:53:26.001+0000][1194.156s] GC(14) Eden regions: 290->0(289)
[2025-06-06T15:53:26.001+0000][1194.156s] GC(14) Survivor regions: 17->18(39)
[2025-06-06T15:53:26.001+0000][1194.156s] GC(14) Old regions: 25->25
[2025-06-06T15:53:26.001+0000][1194.156s] GC(14) Humongous regions: 7->7
[2025-06-06T15:53:26.001+0000][1194.156s] GC(14) Metaspace: 57195K(58880K)->57195K(58880K) NonClass: 50689K(51712K)->50689K(51712K) Class: 6505K(7168K)->6505K(7168K)
[2025-06-06T15:53:26.001+0000][1194.156s] GC(14) Pause Young (Normal) (G1 Evacuation Pause) 336M->47M(512M) 9.142ms
[2025-06-06T15:53:26.001+0000][1194.156s] GC(14) User=0.07s Sys=0.00s Real=0.01s
[2025-06-06T16:05:56.709+0000][1944.757s] GC(15) Pause Young (Normal) (G1 Evacuation Pause)
[2025-06-06T16:05:56.710+0000][1944.757s] GC(15) Using 9 workers of 9 for evacuation
[2025-06-06T16:05:56.757+0000][1944.805s] GC(15)   Pre Evacuate Collection Set: 0.9ms
[2025-06-06T16:05:56.757+0000][1944.805s] GC(15)   Evacuate Collection Set: 34.8ms
[2025-06-06T16:05:56.758+0000][1944.805s] GC(15)   Post Evacuate Collection Set: 11.7ms
[2025-06-06T16:05:56.758+0000][1944.805s] GC(15)   Other: 0.7ms
[2025-06-06T16:05:56.758+0000][1944.805s] GC(15) Eden regions: 289->0(290)
[2025-06-06T16:05:56.758+0000][1944.805s] GC(15) Survivor regions: 18->17(39)
[2025-06-06T16:05:56.758+0000][1944.805s] GC(15) Old regions: 25->25
[2025-06-06T16:05:56.758+0000][1944.805s] GC(15) Humongous regions: 7->7
[2025-06-06T16:05:56.758+0000][1944.805s] GC(15) Metaspace: 57615K(59136K)->57615K(59136K) NonClass: 51098K(51968K)->51098K(51968K) Class: 6517K(7168K)->6517K(7168K)
[2025-06-06T16:05:56.758+0000][1944.805s] GC(15) Pause Young (Normal) (G1 Evacuation Pause) 336M->46M(512M) 48.615ms
[2025-06-06T16:05:56.758+0000][1944.805s] GC(15) User=0.34s Sys=0.00s Real=0.05s
[2025-06-06T16:06:01.033+0000][1949.080s] GC(16) Pause Young (Normal) (G1 Evacuation Pause)
[2025-06-06T16:06:01.033+0000][1949.080s] GC(16) Using 9 workers of 9 for evacuation
[2025-06-06T16:06:01.072+0000][1949.120s] GC(16)   Pre Evacuate Collection Set: 0.9ms
[2025-06-06T16:06:01.073+0000][1949.120s] GC(16)   Evacuate Collection Set: 29.7ms
[2025-06-06T16:06:01.073+0000][1949.120s] GC(16)   Post Evacuate Collection Set: 8.1ms
[2025-06-06T16:06:01.073+0000][1949.120s] GC(16)   Other: 1.0ms
[2025-06-06T16:06:01.073+0000][1949.120s] GC(16) Eden regions: 290->0(290)
[2025-06-06T16:06:01.073+0000][1949.120s] GC(16) Survivor regions: 17->17(39)
[2025-06-06T16:06:01.073+0000][1949.120s] GC(16) Old regions: 25->25
[2025-06-06T16:06:01.073+0000][1949.120s] GC(16) Humongous regions: 7->7
[2025-06-06T16:06:01.073+0000][1949.120s] GC(16) Metaspace: 57705K(59392K)->57705K(59392K) NonClass: 51187K(52224K)->51187K(52224K) Class: 6517K(7168K)->6517K(7168K)
[2025-06-06T16:06:01.073+0000][1949.120s] GC(16) Pause Young (Normal) (G1 Evacuation Pause) 336M->46M(512M) 40.431ms
[2025-06-06T16:06:01.073+0000][1949.121s] GC(16) User=0.31s Sys=0.00s Real=0.04s
[2025-06-06T16:06:05.086+0000][1953.133s] GC(17) Pause Young (Normal) (G1 Evacuation Pause)
[2025-06-06T16:06:05.086+0000][1953.134s] GC(17) Using 9 workers of 9 for evacuation
[2025-06-06T16:06:05.137+0000][1953.184s] GC(17)   Pre Evacuate Collection Set: 1.1ms
[2025-06-06T16:06:05.137+0000][1953.184s] GC(17)   Evacuate Collection Set: 42.7ms
[2025-06-06T16:06:05.137+0000][1953.184s] GC(17)   Post Evacuate Collection Set: 6.1ms
[2025-06-06T16:06:05.137+0000][1953.185s] GC(17)   Other: 0.7ms
[2025-06-06T16:06:05.138+0000][1953.185s] GC(17) Eden regions: 290->0(289)
[2025-06-06T16:06:05.138+0000][1953.185s] GC(17) Survivor regions: 17->18(39)
[2025-06-06T16:06:05.138+0000][1953.185s] GC(17) Old regions: 25->25
[2025-06-06T16:06:05.138+0000][1953.185s] GC(17) Humongous regions: 7->7
[2025-06-06T16:06:05.138+0000][1953.185s] GC(17) Metaspace: 57831K(59392K)->57831K(59392K) NonClass: 51313K(52224K)->51313K(52224K) Class: 6517K(7168K)->6517K(7168K)
[2025-06-06T16:06:05.138+0000][1953.186s] GC(17) Pause Young (Normal) (G1 Evacuation Pause) 336M->47M(512M) 52.238ms
[2025-06-06T16:06:05.139+0000][1953.186s] GC(17) User=0.40s Sys=0.00s Real=0.05s
[2025-06-06T16:10:52.254+0000][2240.297s] GC(18) Pause Young (Normal) (G1 Evacuation Pause)
[2025-06-06T16:10:52.254+0000][2240.297s] GC(18) Using 9 workers of 9 for evacuation
[2025-06-06T16:10:52.301+0000][2240.344s] GC(18)   Pre Evacuate Collection Set: 1.2ms
[2025-06-06T16:10:52.301+0000][2240.344s] GC(18)   Evacuate Collection Set: 41.8ms
[2025-06-06T16:10:52.301+0000][2240.344s] GC(18)   Post Evacuate Collection Set: 3.0ms
[2025-06-06T16:10:52.301+0000][2240.344s] GC(18)   Other: 1.1ms
[2025-06-06T16:10:52.301+0000][2240.344s] GC(18) Eden regions: 289->0(288)
[2025-06-06T16:10:52.301+0000][2240.344s] GC(18) Survivor regions: 18->19(39)
[2025-06-06T16:10:52.301+0000][2240.344s] GC(18) Old regions: 25->25
[2025-06-06T16:10:52.301+0000][2240.344s] GC(18) Humongous regions: 7->7
[2025-06-06T16:10:52.301+0000][2240.344s] GC(18) Metaspace: 58100K(59648K)->58100K(59648K) NonClass: 51575K(52480K)->51575K(52480K) Class: 6524K(7168K)->6524K(7168K)
[2025-06-06T16:10:52.301+0000][2240.344s] GC(18) Pause Young (Normal) (G1 Evacuation Pause) 336M->48M(512M) 47.643ms
[2025-06-06T16:10:52.302+0000][2240.344s] GC(18) User=0.38s Sys=0.00s Real=0.05s
[2025-06-06T16:12:08.044+0000][2316.086s] GC(19) Pause Young (Normal) (G1 Evacuation Pause)
[2025-06-06T16:12:08.045+0000][2316.086s] GC(19) Using 9 workers of 9 for evacuation
[2025-06-06T16:12:08.082+0000][2316.123s] GC(19)   Pre Evacuate Collection Set: 0.8ms
[2025-06-06T16:12:08.082+0000][2316.123s] GC(19)   Evacuate Collection Set: 32.0ms
[2025-06-06T16:12:08.082+0000][2316.123s] GC(19)   Post Evacuate Collection Set: 4.3ms
[2025-06-06T16:12:08.082+0000][2316.124s] GC(19)   Other: 0.6ms
[2025-06-06T16:12:08.082+0000][2316.124s] GC(19) Eden regions: 288->0(290)
[2025-06-06T16:12:08.082+0000][2316.124s] GC(19) Survivor regions: 19->17(39)
[2025-06-06T16:12:08.082+0000][2316.124s] GC(19) Old regions: 25->25
[2025-06-06T16:12:08.082+0000][2316.124s] GC(19) Humongous regions: 7->7
[2025-06-06T16:12:08.082+0000][2316.124s] GC(19) Metaspace: 58161K(59904K)->58161K(59904K) NonClass: 51636K(52736K)->51636K(52736K) Class: 6524K(7168K)->6524K(7168K)
[2025-06-06T16:12:08.083+0000][2316.124s] GC(19) Pause Young (Normal) (G1 Evacuation Pause) 336M->46M(512M) 38.262ms
[2025-06-06T16:12:08.083+0000][2316.124s] GC(19) User=0.27s Sys=0.00s Real=0.04s
[2025-06-06T16:12:12.196+0000][2320.237s] GC(20) Pause Young (Normal) (G1 Evacuation Pause)
[2025-06-06T16:12:12.196+0000][2320.237s] GC(20) Using 9 workers of 9 for evacuation
[2025-06-06T16:12:12.239+0000][2320.280s] GC(20)   Pre Evacuate Collection Set: 0.9ms
[2025-06-06T16:12:12.239+0000][2320.280s] GC(20)   Evacuate Collection Set: 30.3ms
[2025-06-06T16:12:12.239+0000][2320.280s] GC(20)   Post Evacuate Collection Set: 11.5ms
[2025-06-06T16:12:12.239+0000][2320.280s] GC(20)   Other: 0.6ms
[2025-06-06T16:12:12.239+0000][2320.281s] GC(20) Eden regions: 290->0(291)
[2025-06-06T16:12:12.239+0000][2320.281s] GC(20) Survivor regions: 17->16(39)
[2025-06-06T16:12:12.239+0000][2320.281s] GC(20) Old regions: 25->26
[2025-06-06T16:12:12.239+0000][2320.281s] GC(20) Humongous regions: 7->7
[2025-06-06T16:12:12.239+0000][2320.281s] GC(20) Metaspace: 58172K(59904K)->58172K(59904K) NonClass: 51647K(52736K)->51647K(52736K) Class: 6524K(7168K)->6524K(7168K)
[2025-06-06T16:12:12.239+0000][2320.281s] GC(20) Pause Young (Normal) (G1 Evacuation Pause) 336M->46M(512M) 43.829ms
[2025-06-06T16:12:12.240+0000][2320.281s] GC(20) User=0.32s Sys=0.00s Real=0.05s
[2025-06-06T16:12:15.684+0000][2323.725s] GC(21) Pause Young (Normal) (G1 Evacuation Pause)
[2025-06-06T16:12:15.684+0000][2323.725s] GC(21) Using 9 workers of 9 for evacuation
[2025-06-06T16:12:15.695+0000][2323.737s] GC(21)   Pre Evacuate Collection Set: 0.1ms
[2025-06-06T16:12:15.695+0000][2323.737s] GC(21)   Evacuate Collection Set: 9.5ms
[2025-06-06T16:12:15.695+0000][2323.737s] GC(21)   Post Evacuate Collection Set: 1.8ms
[2025-06-06T16:12:15.696+0000][2323.737s] GC(21)   Other: 0.3ms
[2025-06-06T16:12:15.696+0000][2323.737s] GC(21) Eden regions: 291->0(298)
[2025-06-06T16:12:15.696+0000][2323.737s] GC(21) Survivor regions: 16->9(39)
[2025-06-06T16:12:15.696+0000][2323.737s] GC(21) Old regions: 26->34
[2025-06-06T16:12:15.696+0000][2323.737s] GC(21) Humongous regions: 7->7
[2025-06-06T16:12:15.696+0000][2323.737s] GC(21) Metaspace: 58176K(59904K)->58176K(59904K) NonClass: 51651K(52736K)->51651K(52736K) Class: 6524K(7168K)->6524K(7168K)
[2025-06-06T16:12:15.696+0000][2323.738s] GC(21) Pause Young (Normal) (G1 Evacuation Pause) 337M->47M(512M) 12.606ms
[2025-06-06T16:12:15.697+0000][2323.738s] GC(21) User=0.08s Sys=0.00s Real=0.02s
[2025-06-06T16:20:23.778+0000][2811.813s] GC(22) Pause Young (Normal) (G1 Evacuation Pause)
[2025-06-06T16:20:23.779+0000][2811.814s] GC(22) Using 9 workers of 9 for evacuation
[2025-06-06T16:20:23.819+0000][2811.854s] GC(22)   Pre Evacuate Collection Set: 0.9ms
[2025-06-06T16:20:23.819+0000][2811.854s] GC(22)   Evacuate Collection Set: 33.7ms
[2025-06-06T16:20:23.819+0000][2811.854s] GC(22)   Post Evacuate Collection Set: 3.9ms
[2025-06-06T16:20:23.819+0000][2811.854s] GC(22)   Other: 4.2ms
[2025-06-06T16:20:23.819+0000][2811.854s] GC(22) Eden regions: 298->0(302)
[2025-06-06T16:20:23.819+0000][2811.854s] GC(22) Survivor regions: 9->5(39)
[2025-06-06T16:20:23.819+0000][2811.854s] GC(22) Old regions: 34->38
[2025-06-06T16:20:23.819+0000][2811.854s] GC(22) Humongous regions: 7->7
[2025-06-06T16:20:23.819+0000][2811.854s] GC(22) Metaspace: 58215K(59904K)->58215K(59904K) NonClass: 51689K(52736K)->51689K(52736K) Class: 6525K(7168K)->6525K(7168K)
[2025-06-06T16:20:23.820+0000][2811.854s] GC(22) Pause Young (Normal) (G1 Evacuation Pause) 345M->48M(512M) 41.442ms
[2025-06-06T16:20:23.820+0000][2811.854s] GC(22) User=0.29s Sys=0.00s Real=0.04s
[2025-06-07T04:23:59.822+0000][30799.699s] GC(23) Pause Young (Normal) (G1 Evacuation Pause)
[2025-06-07T04:23:59.824+0000][30799.701s] GC(23) Using 9 workers of 9 for evacuation
[2025-06-07T04:23:59.893+0000][30799.770s] GC(23)   Pre Evacuate Collection Set: 1.5ms
[2025-06-07T04:23:59.894+0000][30799.771s] GC(23)   Evacuate Collection Set: 55.3ms
[2025-06-07T04:23:59.894+0000][30799.771s] GC(23)   Post Evacuate Collection Set: 10.0ms
[2025-06-07T04:23:59.894+0000][30799.771s] GC(23)   Other: 5.6ms
[2025-06-07T04:23:59.894+0000][30799.771s] GC(23) Eden regions: 302->0(303)
[2025-06-07T04:23:59.894+0000][30799.771s] GC(23) Survivor regions: 5->4(39)
[2025-06-07T04:23:59.894+0000][30799.771s] GC(23) Old regions: 38->39
[2025-06-07T04:23:59.894+0000][30799.771s] GC(23) Humongous regions: 7->7
[2025-06-07T04:23:59.894+0000][30799.771s] GC(23) Metaspace: 58383K(59904K)->58383K(59904K) NonClass: 51857K(52736K)->51857K(52736K) Class: 6525K(7168K)->6525K(7168K)
[2025-06-07T04:23:59.895+0000][30799.772s] GC(23) Pause Young (Normal) (G1 Evacuation Pause) 350M->48M(512M) 72.956ms
[2025-06-07T04:23:59.895+0000][30799.772s] GC(23) User=0.44s Sys=0.00s Real=0.07s
[2025-06-07T16:28:22.482+0000][61836.036s] GC(24) Pause Young (Normal) (G1 Evacuation Pause)
[2025-06-07T16:28:22.485+0000][61836.039s] GC(24) Using 9 workers of 9 for evacuation
[2025-06-07T16:28:22.555+0000][61836.109s] GC(24)   Pre Evacuate Collection Set: 1.5ms
[2025-06-07T16:28:22.555+0000][61836.109s] GC(24)   Evacuate Collection Set: 55.0ms
[2025-06-07T16:28:22.555+0000][61836.109s] GC(24)   Post Evacuate Collection Set: 12.4ms
[2025-06-07T16:28:22.556+0000][61836.110s] GC(24)   Other: 5.5ms
[2025-06-07T16:28:22.556+0000][61836.110s] GC(24) Eden regions: 303->0(303)
[2025-06-07T16:28:22.556+0000][61836.110s] GC(24) Survivor regions: 4->4(39)
[2025-06-07T16:28:22.556+0000][61836.110s] GC(24) Old regions: 39->40
[2025-06-07T16:28:22.556+0000][61836.110s] GC(24) Humongous regions: 7->7
[2025-06-07T16:28:22.556+0000][61836.110s] GC(24) Metaspace: 58383K(59904K)->58383K(59904K) NonClass: 51857K(52736K)->51857K(52736K) Class: 6525K(7168K)->6525K(7168K)
[2025-06-07T16:28:22.556+0000][61836.110s] GC(24) Pause Young (Normal) (G1 Evacuation Pause) 351M->48M(512M) 74.669ms
[2025-06-07T16:28:22.557+0000][61836.110s] GC(24) User=0.47s Sys=0.00s Real=0.08s
[2025-06-08T02:08:49.512+0000][92868.676s] GC(25) Pause Young (Normal) (G1 Evacuation Pause)
[2025-06-08T02:08:49.515+0000][92868.678s] GC(25) Using 9 workers of 9 for evacuation
[2025-06-08T02:08:49.571+0000][92868.734s] GC(25)   Pre Evacuate Collection Set: 1.6ms
[2025-06-08T02:08:49.571+0000][92868.734s] GC(25)   Evacuate Collection Set: 45.7ms
[2025-06-08T02:08:49.571+0000][92868.734s] GC(25)   Post Evacuate Collection Set: 7.5ms
[2025-06-08T02:08:49.571+0000][92868.734s] GC(25)   Other: 3.9ms
[2025-06-08T02:08:49.571+0000][92868.734s] GC(25) Eden regions: 303->0(303)
[2025-06-08T02:08:49.571+0000][92868.734s] GC(25) Survivor regions: 4->4(39)
[2025-06-08T02:08:49.571+0000][92868.734s] GC(25) Old regions: 40->40
[2025-06-08T02:08:49.571+0000][92868.734s] GC(25) Humongous regions: 7->7
[2025-06-08T02:08:49.572+0000][92868.734s] GC(25) Metaspace: 58384K(59904K)->58384K(59904K) NonClass: 51858K(52736K)->51858K(52736K) Class: 6525K(7168K)->6525K(7168K)
[2025-06-08T02:08:49.572+0000][92868.735s] GC(25) Pause Young (Normal) (G1 Evacuation Pause) 351M->48M(512M) 59.358ms
[2025-06-08T02:08:49.572+0000][92868.735s] GC(25) User=0.40s Sys=0.00s Real=0.06s
[2025-06-08T10:53:26.128+0000][119676.421s] GC(26) Pause Young (Normal) (G1 Evacuation Pause)
[2025-06-08T10:53:26.129+0000][119676.422s] GC(26) Using 9 workers of 9 for evacuation
[2025-06-08T10:53:26.162+0000][119676.455s] GC(26)   Pre Evacuate Collection Set: 0.5ms
[2025-06-08T10:53:26.163+0000][119676.455s] GC(26)   Evacuate Collection Set: 19.6ms
[2025-06-08T10:53:26.163+0000][119676.455s] GC(26)   Post Evacuate Collection Set: 12.5ms
[2025-06-08T10:53:26.163+0000][119676.456s] GC(26)   Other: 2.0ms
[2025-06-08T10:53:26.163+0000][119676.456s] GC(26) Eden regions: 303->0(303)
[2025-06-08T10:53:26.163+0000][119676.456s] GC(26) Survivor regions: 4->4(39)
[2025-06-08T10:53:26.163+0000][119676.456s] GC(26) Old regions: 40->40
[2025-06-08T10:53:26.163+0000][119676.456s] GC(26) Humongous regions: 7->7
[2025-06-08T10:53:26.163+0000][119676.456s] GC(26) Metaspace: 58385K(59904K)->58385K(59904K) NonClass: 51859K(52736K)->51859K(52736K) Class: 6525K(7168K)->6525K(7168K)
[2025-06-08T10:53:26.164+0000][119676.456s] GC(26) Pause Young (Normal) (G1 Evacuation Pause) 351M->48M(512M) 35.810ms
[2025-06-08T10:53:26.164+0000][119676.457s] GC(26) User=0.17s Sys=0.00s Real=0.03s
[2025-06-08T10:54:09.757+0000][119720.050s] GC(27) Pause Young (Normal) (G1 Evacuation Pause)
[2025-06-08T10:54:09.758+0000][119720.051s] GC(27) Using 9 workers of 9 for evacuation
[2025-06-08T10:54:09.841+0000][119720.133s] GC(27)   Pre Evacuate Collection Set: 0.5ms
[2025-06-08T10:54:09.841+0000][119720.133s] GC(27)   Evacuate Collection Set: 74.0ms
[2025-06-08T10:54:09.841+0000][119720.134s] GC(27)   Post Evacuate Collection Set: 5.7ms
[2025-06-08T10:54:09.841+0000][119720.134s] GC(27)   Other: 3.6ms
[2025-06-08T10:54:09.841+0000][119720.134s] GC(27) Eden regions: 303->0(302)
[2025-06-08T10:54:09.841+0000][119720.134s] GC(27) Survivor regions: 4->5(39)
[2025-06-08T10:54:09.841+0000][119720.134s] GC(27) Old regions: 40->40
[2025-06-08T10:54:09.841+0000][119720.134s] GC(27) Humongous regions: 7->7
[2025-06-08T10:54:09.842+0000][119720.134s] GC(27) Metaspace: 58386K(59904K)->58386K(59904K) NonClass: 51860K(52736K)->51860K(52736K) Class: 6525K(7168K)->6525K(7168K)
[2025-06-08T10:54:09.842+0000][119720.134s] GC(27) Pause Young (Normal) (G1 Evacuation Pause) 351M->49M(512M) 84.592ms
[2025-06-08T10:54:09.842+0000][119720.134s] GC(27) User=0.62s Sys=0.01s Real=0.08s
[2025-06-08T10:54:48.861+0000][119759.161s] GC(28) Pause Young (Normal) (G1 Evacuation Pause)
[2025-06-08T10:54:48.862+0000][119759.161s] GC(28) Using 9 workers of 9 for evacuation
[2025-06-08T10:54:48.894+0000][119759.193s] GC(28)   Pre Evacuate Collection Set: 0.3ms
[2025-06-08T10:54:48.894+0000][119759.193s] GC(28)   Evacuate Collection Set: 28.2ms
[2025-06-08T10:54:48.894+0000][119759.193s] GC(28)   Post Evacuate Collection Set: 3.1ms
[2025-06-08T10:54:48.894+0000][119759.194s] GC(28)   Other: 1.1ms
[2025-06-08T10:54:48.894+0000][119759.194s] GC(28) Eden regions: 302->0(301)
[2025-06-08T10:54:48.894+0000][119759.194s] GC(28) Survivor regions: 5->6(39)
[2025-06-08T10:54:48.894+0000][119759.194s] GC(28) Old regions: 40->40
[2025-06-08T10:54:48.894+0000][119759.194s] GC(28) Humongous regions: 7->7
[2025-06-08T10:54:48.894+0000][119759.194s] GC(28) Metaspace: 58391K(60160K)->58391K(60160K) NonClass: 51865K(52992K)->51865K(52992K) Class: 6525K(7168K)->6525K(7168K)
[2025-06-08T10:54:48.894+0000][119759.194s] GC(28) Pause Young (Normal) (G1 Evacuation Pause) 351M->50M(512M) 33.206ms
[2025-06-08T10:54:48.895+0000][119759.194s] GC(28) User=0.26s Sys=0.00s Real=0.03s
[2025-06-08T10:56:29.001+0000][119859.292s] GC(29) Pause Young (Normal) (G1 Evacuation Pause)
[2025-06-08T10:56:29.002+0000][119859.292s] GC(29) Using 9 workers of 9 for evacuation
[2025-06-08T10:56:29.036+0000][119859.327s] GC(29)   Pre Evacuate Collection Set: 0.6ms
[2025-06-08T10:56:29.037+0000][119859.327s] GC(29)   Evacuate Collection Set: 23.0ms
[2025-06-08T10:56:29.037+0000][119859.328s] GC(29)   Post Evacuate Collection Set: 10.5ms
[2025-06-08T10:56:29.037+0000][119859.328s] GC(29)   Other: 1.5ms
[2025-06-08T10:56:29.037+0000][119859.328s] GC(29) Eden regions: 301->0(301)
[2025-06-08T10:56:29.037+0000][119859.328s] GC(29) Survivor regions: 6->6(39)
[2025-06-08T10:56:29.037+0000][119859.328s] GC(29) Old regions: 40->40
[2025-06-08T10:56:29.037+0000][119859.328s] GC(29) Humongous regions: 7->7
[2025-06-08T10:56:29.037+0000][119859.328s] GC(29) Metaspace: 58391K(60160K)->58391K(60160K) NonClass: 51865K(52992K)->51865K(52992K) Class: 6525K(7168K)->6525K(7168K)
[2025-06-08T10:56:29.037+0000][119859.328s] GC(29) Pause Young (Normal) (G1 Evacuation Pause) 351M->50M(512M) 36.123ms
[2025-06-08T10:56:29.037+0000][119859.328s] GC(29) User=0.24s Sys=0.00s Real=0.04s
[2025-06-08T10:57:04.631+0000][119894.923s] GC(30) Pause Young (Normal) (G1 Evacuation Pause)
[2025-06-08T10:57:04.631+0000][119894.923s] GC(30) Using 9 workers of 9 for evacuation
[2025-06-08T10:57:04.660+0000][119894.952s] GC(30)   Pre Evacuate Collection Set: 0.5ms
[2025-06-08T10:57:04.660+0000][119894.952s] GC(30)   Evacuate Collection Set: 24.5ms
[2025-06-08T10:57:04.660+0000][119894.952s] GC(30)   Post Evacuate Collection Set: 3.8ms
[2025-06-08T10:57:04.661+0000][119894.952s] GC(30)   Other: 0.9ms
[2025-06-08T10:57:04.661+0000][119894.953s] GC(30) Eden regions: 301->0(301)
[2025-06-08T10:57:04.661+0000][119894.953s] GC(30) Survivor regions: 6->6(39)
[2025-06-08T10:57:04.661+0000][119894.953s] GC(30) Old regions: 40->40
[2025-06-08T10:57:04.661+0000][119894.953s] GC(30) Humongous regions: 7->7
[2025-06-08T10:57:04.661+0000][119894.953s] GC(30) Metaspace: 58403K(60160K)->58403K(60160K) NonClass: 51877K(52992K)->51877K(52992K) Class: 6525K(7168K)->6525K(7168K)
[2025-06-08T10:57:04.661+0000][119894.953s] GC(30) Pause Young (Normal) (G1 Evacuation Pause) 351M->51M(512M) 30.169ms
[2025-06-08T10:57:04.661+0000][119894.953s] GC(30) User=0.23s Sys=0.00s Real=0.03s
[2025-06-08T11:01:09.271+0000][120139.559s] GC(31) Pause Young (Normal) (G1 Evacuation Pause)
[2025-06-08T11:01:09.274+0000][120139.561s] GC(31) Using 9 workers of 9 for evacuation
[2025-06-08T11:01:09.332+0000][120139.620s] GC(31)   Pre Evacuate Collection Set: 0.3ms
[2025-06-08T11:01:09.332+0000][120139.620s] GC(31)   Evacuate Collection Set: 49.4ms
[2025-06-08T11:01:09.332+0000][120139.620s] GC(31)   Post Evacuate Collection Set: 8.0ms
[2025-06-08T11:01:09.332+0000][120139.620s] GC(31)   Other: 3.2ms
[2025-06-08T11:01:09.332+0000][120139.620s] GC(31) Eden regions: 301->0(302)
[2025-06-08T11:01:09.332+0000][120139.620s] GC(31) Survivor regions: 6->5(39)
[2025-06-08T11:01:09.332+0000][120139.620s] GC(31) Old regions: 40->40
[2025-06-08T11:01:09.332+0000][120139.620s] GC(31) Humongous regions: 7->7
[2025-06-08T11:01:09.332+0000][120139.620s] GC(31) Metaspace: 58476K(60160K)->58476K(60160K) NonClass: 51938K(52992K)->51938K(52992K) Class: 6538K(7168K)->6538K(7168K)
[2025-06-08T11:01:09.332+0000][120139.620s] GC(31) Pause Young (Normal) (G1 Evacuation Pause) 352M->50M(512M) 61.316ms
[2025-06-08T11:01:09.332+0000][120139.620s] GC(31) User=0.46s Sys=0.00s Real=0.06s
[2025-06-08T11:21:20.784+0000][121351.051s] GC(32) Pause Young (Concurrent Start) (Metadata GC Threshold)
[2025-06-08T11:21:20.784+0000][121351.052s] GC(32) Using 9 workers of 9 for evacuation
[2025-06-08T11:21:20.816+0000][121351.083s] GC(32)   Pre Evacuate Collection Set: 1.8ms
[2025-06-08T11:21:20.816+0000][121351.083s] GC(32)   Evacuate Collection Set: 22.2ms
[2025-06-08T11:21:20.816+0000][121351.083s] GC(32)   Post Evacuate Collection Set: 5.1ms
[2025-06-08T11:21:20.816+0000][121351.083s] GC(32)   Other: 3.0ms
[2025-06-08T11:21:20.816+0000][121351.083s] GC(32) Eden regions: 202->0(305)
[2025-06-08T11:21:20.816+0000][121351.083s] GC(32) Survivor regions: 5->2(39)
[2025-06-08T11:21:20.816+0000][121351.083s] GC(32) Old regions: 40->40
[2025-06-08T11:21:20.816+0000][121351.083s] GC(32) Humongous regions: 7->7
[2025-06-08T11:21:20.816+0000][121351.083s] GC(32) Metaspace: 58657K(60160K)->58657K(60160K) NonClass: 52099K(52992K)->52099K(52992K) Class: 6557K(7168K)->6557K(7168K)
[2025-06-08T11:21:20.816+0000][121351.083s] GC(32) Pause Young (Concurrent Start) (Metadata GC Threshold) 251M->47M(512M) 32.436ms
[2025-06-08T11:21:20.816+0000][121351.084s] GC(32) User=0.16s Sys=0.00s Real=0.03s
[2025-06-08T11:21:20.817+0000][121351.084s] GC(33) Concurrent Cycle
[2025-06-08T11:21:20.817+0000][121351.084s] GC(33) Concurrent Clear Claimed Marks
[2025-06-08T11:21:20.818+0000][121351.085s] GC(33) Concurrent Clear Claimed Marks 0.631ms
[2025-06-08T11:21:20.818+0000][121351.085s] GC(33) Concurrent Scan Root Regions
[2025-06-08T11:21:20.824+0000][121351.091s] GC(33) Concurrent Scan Root Regions 6.445ms
[2025-06-08T11:21:20.824+0000][121351.092s] GC(33) Concurrent Mark (121351.092s)
[2025-06-08T11:21:20.824+0000][121351.092s] GC(33) Concurrent Mark From Roots
[2025-06-08T11:21:20.824+0000][121351.092s] GC(33) Using 2 workers of 2 for marking
[2025-06-08T11:21:20.922+0000][121351.189s] GC(33) Concurrent Mark From Roots 97.716ms
[2025-06-08T11:21:20.922+0000][121351.189s] GC(33) Concurrent Preclean
[2025-06-08T11:21:20.922+0000][121351.190s] GC(33) Concurrent Preclean 0.284ms
[2025-06-08T11:21:20.922+0000][121351.190s] GC(33) Concurrent Mark (121351.092s, 121351.190s) 98.251ms
[2025-06-08T11:21:20.923+0000][121351.190s] GC(33) Pause Remark
[2025-06-08T11:21:21.113+0000][121351.380s] GC(33) Cleaned string and symbol table, strings: 28446 processed, 1945 removed, symbols: 146164 processed, 555 removed
[2025-06-08T11:21:21.114+0000][121351.381s] GC(33) Pause Remark 51M->51M(512M) 191.234ms
[2025-06-08T11:21:21.114+0000][121351.381s] GC(33) User=1.52s Sys=0.00s Real=0.19s
[2025-06-08T11:21:21.114+0000][121351.381s] GC(33) Concurrent Rebuild Remembered Sets
[2025-06-08T11:21:21.126+0000][121351.393s] GC(33) Concurrent Rebuild Remembered Sets 11.393ms
[2025-06-08T11:21:21.126+0000][121351.393s] GC(33) Pause Cleanup
[2025-06-08T11:21:21.126+0000][121351.393s] GC(33) Pause Cleanup 51M->51M(512M) 0.143ms
[2025-06-08T11:21:21.126+0000][121351.393s] GC(33) User=0.00s Sys=0.00s Real=0.00s
[2025-06-08T11:21:21.126+0000][121351.393s] GC(33) Concurrent Cleanup for Next Mark
[2025-06-08T11:21:21.128+0000][121351.395s] GC(33) Concurrent Cleanup for Next Mark 1.907ms
[2025-06-08T11:21:21.128+0000][121351.395s] GC(33) Concurrent Cycle 311.571ms
[2025-06-08T11:21:21.128+0000][121351.395s] Heap
[2025-06-08T11:21:21.128+0000][121351.396s]  garbage-first heap   total 524288K, used 51665K [0x00000000e0000000, 0x0000000100000000)
[2025-06-08T11:21:21.128+0000][121351.396s]   region size 1024K, 6 young (6144K), 2 survivors (2048K)
[2025-06-08T11:21:21.128+0000][121351.396s]  Metaspace       used 58347K, capacity 59649K, committed 60416K, reserved 1101824K
[2025-06-08T11:21:21.129+0000][121351.396s]   class space    used 6479K, capacity 6991K, committed 7168K, reserved 1048576K
