[2025-06-08T11:21:26.355+0000][0.029s] Heap region size: 1M
[2025-06-08T11:21:27.357+0000][1.030s] Using G1
[2025-06-08T11:21:27.357+0000][1.030s] Heap address: 0x00000000e0000000, size: 512 MB, Compressed Oops mode: 32-bit
[2025-06-08T11:21:27.357+0000][1.031s] Mark closed archive regions in map: [0x00000000fff00000, 0x00000000fff65ff8]
[2025-06-08T11:21:27.357+0000][1.031s] Mark open archive regions in map: [0x00000000ffe00000, 0x00000000ffe42ff8]
[2025-06-08T11:21:28.224+0000][1.898s] GC(0) Pause Young (Normal) (G1 Evacuation Pause)
[2025-06-08T11:21:28.226+0000][1.900s] GC(0) Using 9 workers of 9 for evacuation
[2025-06-08T11:21:28.243+0000][1.917s] GC(0)   Pre Evacuate Collection Set: 0.1ms
[2025-06-08T11:21:28.247+0000][1.920s] GC(0)   Evacuate Collection Set: 4.9ms
[2025-06-08T11:21:28.249+0000][1.923s] GC(0)   Post Evacuate Collection Set: 12.1ms
[2025-06-08T11:21:28.252+0000][1.926s] GC(0)   Other: 1.8ms
[2025-06-08T11:21:28.252+0000][1.926s] GC(0) Eden regions: 30->0(303)
[2025-06-08T11:21:28.254+0000][1.928s] GC(0) Survivor regions: 0->4(4)
[2025-06-08T11:21:28.256+0000][1.930s] GC(0) Old regions: 2->2
[2025-06-08T11:21:28.256+0000][1.930s] GC(0) Humongous regions: 0->0
[2025-06-08T11:21:28.258+0000][1.932s] GC(0) Metaspace: 9421K(10112K)->9421K(10112K) NonClass: 8249K(8704K)->8249K(8704K) Class: 1172K(1408K)->1172K(1408K)
[2025-06-08T11:21:28.258+0000][1.932s] GC(0) Pause Young (Normal) (G1 Evacuation Pause) 30M->4M(512M) 33.877ms
[2025-06-08T11:21:28.258+0000][1.932s] GC(0) User=0.07s Sys=0.00s Real=0.03s
[2025-06-08T11:21:29.610+0000][3.284s] GC(1) Pause Young (Concurrent Start) (Metadata GC Threshold)
[2025-06-08T11:21:29.610+0000][3.284s] GC(1) Using 9 workers of 9 for evacuation
[2025-06-08T11:21:29.647+0000][3.321s] GC(1)   Pre Evacuate Collection Set: 0.3ms
[2025-06-08T11:21:29.648+0000][3.321s] GC(1)   Evacuate Collection Set: 29.9ms
[2025-06-08T11:21:29.648+0000][3.321s] GC(1)   Post Evacuate Collection Set: 4.3ms
[2025-06-08T11:21:29.648+0000][3.322s] GC(1)   Other: 3.1ms
[2025-06-08T11:21:29.648+0000][3.322s] GC(1) Eden regions: 82->0(75)
[2025-06-08T11:21:29.648+0000][3.322s] GC(1) Survivor regions: 4->20(39)
[2025-06-08T11:21:29.648+0000][3.322s] GC(1) Old regions: 2->2
[2025-06-08T11:21:29.648+0000][3.322s] GC(1) Humongous regions: 4->4
[2025-06-08T11:21:29.648+0000][3.322s] GC(1) Metaspace: 20498K(21248K)->20498K(21248K) NonClass: 18009K(18432K)->18009K(18432K) Class: 2488K(2816K)->2488K(2816K)
[2025-06-08T11:21:29.648+0000][3.322s] GC(1) Pause Young (Concurrent Start) (Metadata GC Threshold) 89M->24M(512M) 38.597ms
[2025-06-08T11:21:29.648+0000][3.322s] GC(1) User=0.21s Sys=0.00s Real=0.04s
[2025-06-08T11:21:29.649+0000][3.323s] GC(2) Concurrent Cycle
[2025-06-08T11:21:29.649+0000][3.323s] GC(2) Concurrent Clear Claimed Marks
[2025-06-08T11:21:29.650+0000][3.323s] GC(2) Concurrent Clear Claimed Marks 0.502ms
[2025-06-08T11:21:29.650+0000][3.323s] GC(2) Concurrent Scan Root Regions
[2025-06-08T11:21:29.653+0000][3.327s] GC(2) Concurrent Scan Root Regions 3.462ms
[2025-06-08T11:21:29.653+0000][3.327s] GC(2) Concurrent Mark (3.327s)
[2025-06-08T11:21:29.653+0000][3.327s] GC(2) Concurrent Mark From Roots
[2025-06-08T11:21:29.653+0000][3.327s] GC(2) Using 2 workers of 2 for marking
[2025-06-08T11:21:29.657+0000][3.330s] GC(2) Concurrent Mark From Roots 3.227ms
[2025-06-08T11:21:29.657+0000][3.330s] GC(2) Concurrent Preclean
[2025-06-08T11:21:29.657+0000][3.331s] GC(2) Concurrent Preclean 0.208ms
[2025-06-08T11:21:29.657+0000][3.331s] GC(2) Concurrent Mark (3.327s, 3.331s) 3.732ms
[2025-06-08T11:21:29.657+0000][3.331s] GC(2) Pause Remark
[2025-06-08T11:21:29.660+0000][3.333s] GC(2) Cleaned string and symbol table, strings: 9022 processed, 0 removed, symbols: 57773 processed, 32 removed
[2025-06-08T11:21:29.660+0000][3.334s] GC(2) Pause Remark 25M->25M(512M) 2.919ms
[2025-06-08T11:21:29.660+0000][3.334s] GC(2) User=0.01s Sys=0.00s Real=0.01s
[2025-06-08T11:21:29.660+0000][3.334s] GC(2) Concurrent Rebuild Remembered Sets
[2025-06-08T11:21:29.664+0000][3.338s] GC(2) Concurrent Rebuild Remembered Sets 4.006ms
[2025-06-08T11:21:29.665+0000][3.338s] GC(2) Pause Cleanup
[2025-06-08T11:21:29.665+0000][3.339s] GC(2) Pause Cleanup 25M->25M(512M) 0.234ms
[2025-06-08T11:21:29.665+0000][3.339s] GC(2) User=0.00s Sys=0.00s Real=0.00s
[2025-06-08T11:21:29.665+0000][3.339s] GC(2) Concurrent Cleanup for Next Mark
[2025-06-08T11:21:29.667+0000][3.341s] GC(2) Concurrent Cleanup for Next Mark 1.996ms
[2025-06-08T11:21:29.668+0000][3.341s] GC(2) Concurrent Cycle 18.630ms
[2025-06-08T11:21:30.619+0000][4.293s] GC(3) Pause Young (Normal) (G1 Evacuation Pause)
[2025-06-08T11:21:30.620+0000][4.294s] GC(3) Using 9 workers of 9 for evacuation
[2025-06-08T11:21:30.654+0000][4.328s] GC(3)   Pre Evacuate Collection Set: 1.3ms
[2025-06-08T11:21:30.655+0000][4.329s] GC(3)   Evacuate Collection Set: 26.3ms
[2025-06-08T11:21:30.656+0000][4.329s] GC(3)   Post Evacuate Collection Set: 5.6ms
[2025-06-08T11:21:30.656+0000][4.330s] GC(3)   Other: 1.9ms
[2025-06-08T11:21:30.657+0000][4.330s] GC(3) Eden regions: 67->0(99)
[2025-06-08T11:21:30.657+0000][4.330s] GC(3) Survivor regions: 20->5(11)
[2025-06-08T11:21:30.657+0000][4.330s] GC(3) Old regions: 2->22
[2025-06-08T11:21:30.657+0000][4.330s] GC(3) Humongous regions: 4->4
[2025-06-08T11:21:30.657+0000][4.330s] GC(3) Metaspace: 28961K(29952K)->28961K(29952K) NonClass: 25496K(26112K)->25496K(26112K) Class: 3464K(3840K)->3464K(3840K)
[2025-06-08T11:21:30.658+0000][4.331s] GC(3) Pause Young (Normal) (G1 Evacuation Pause) 91M->28M(512M) 38.487ms
[2025-06-08T11:21:30.658+0000][4.332s] GC(3) User=0.18s Sys=0.00s Real=0.04s
[2025-06-08T11:21:31.033+0000][4.707s] GC(4) Pause Young (Concurrent Start) (Metadata GC Threshold)
[2025-06-08T11:21:31.033+0000][4.707s] GC(4) Using 9 workers of 9 for evacuation
[2025-06-08T11:21:31.038+0000][4.712s] GC(4)   Pre Evacuate Collection Set: 0.1ms
[2025-06-08T11:21:31.038+0000][4.712s] GC(4)   Evacuate Collection Set: 2.9ms
[2025-06-08T11:21:31.039+0000][4.712s] GC(4)   Post Evacuate Collection Set: 1.3ms
[2025-06-08T11:21:31.039+0000][4.712s] GC(4)   Other: 0.7ms
[2025-06-08T11:21:31.039+0000][4.712s] GC(4) Eden regions: 61->0(135)
[2025-06-08T11:21:31.039+0000][4.713s] GC(4) Survivor regions: 5->6(13)
[2025-06-08T11:21:31.039+0000][4.713s] GC(4) Old regions: 22->22
[2025-06-08T11:21:31.039+0000][4.713s] GC(4) Humongous regions: 4->4
[2025-06-08T11:21:31.039+0000][4.713s] GC(4) Metaspace: 34926K(35840K)->34926K(35840K) NonClass: 30722K(31232K)->30722K(31232K) Class: 4203K(4608K)->4203K(4608K)
[2025-06-08T11:21:31.039+0000][4.713s] GC(4) Pause Young (Concurrent Start) (Metadata GC Threshold) 88M->30M(512M) 6.136ms
[2025-06-08T11:21:31.039+0000][4.713s] GC(4) User=0.02s Sys=0.00s Real=0.00s
[2025-06-08T11:21:31.039+0000][4.713s] GC(5) Concurrent Cycle
[2025-06-08T11:21:31.040+0000][4.713s] GC(5) Concurrent Clear Claimed Marks
[2025-06-08T11:21:31.040+0000][4.713s] GC(5) Concurrent Clear Claimed Marks 0.196ms
[2025-06-08T11:21:31.040+0000][4.714s] GC(5) Concurrent Scan Root Regions
[2025-06-08T11:21:31.052+0000][4.726s] GC(5) Concurrent Scan Root Regions 11.773ms
[2025-06-08T11:21:31.053+0000][4.726s] GC(5) Concurrent Mark (4.726s)
[2025-06-08T11:21:31.053+0000][4.727s] GC(5) Concurrent Mark From Roots
[2025-06-08T11:21:31.053+0000][4.727s] GC(5) Using 2 workers of 2 for marking
[2025-06-08T11:21:31.073+0000][4.747s] GC(5) Concurrent Mark From Roots 20.079ms
[2025-06-08T11:21:31.074+0000][4.747s] GC(5) Concurrent Preclean
[2025-06-08T11:21:31.075+0000][4.748s] GC(5) Concurrent Preclean 0.938ms
[2025-06-08T11:21:31.076+0000][4.749s] GC(5) Concurrent Mark (4.726s, 4.749s) 23.120ms
[2025-06-08T11:21:31.076+0000][4.750s] GC(5) Pause Remark
[2025-06-08T11:21:31.095+0000][4.768s] GC(5) Cleaned string and symbol table, strings: 15090 processed, 32 removed, symbols: 101395 processed, 84 removed
[2025-06-08T11:21:31.096+0000][4.770s] GC(5) Pause Remark 33M->33M(512M) 19.897ms
[2025-06-08T11:21:31.097+0000][4.771s] GC(5) User=0.09s Sys=0.00s Real=0.02s
[2025-06-08T11:21:31.097+0000][4.771s] GC(5) Concurrent Rebuild Remembered Sets
[2025-06-08T11:21:31.107+0000][4.780s] GC(5) Concurrent Rebuild Remembered Sets 9.120ms
[2025-06-08T11:21:31.107+0000][4.781s] GC(5) Pause Cleanup
[2025-06-08T11:21:31.108+0000][4.781s] GC(5) Pause Cleanup 34M->34M(512M) 0.531ms
[2025-06-08T11:21:31.108+0000][4.782s] GC(5) User=0.00s Sys=0.00s Real=0.00s
[2025-06-08T11:21:31.108+0000][4.782s] GC(5) Concurrent Cleanup for Next Mark
[2025-06-08T11:21:31.114+0000][4.788s] GC(5) Concurrent Cleanup for Next Mark 5.865ms
[2025-06-08T11:21:31.114+0000][4.788s] GC(5) Concurrent Cycle 75.020ms
[2025-06-08T11:21:31.786+0000][5.460s] GC(6) Pause Young (Normal) (G1 Evacuation Pause)
[2025-06-08T11:21:31.786+0000][5.460s] GC(6) Using 9 workers of 9 for evacuation
[2025-06-08T11:21:31.814+0000][5.488s] GC(6)   Pre Evacuate Collection Set: 0.5ms
[2025-06-08T11:21:31.814+0000][5.488s] GC(6)   Evacuate Collection Set: 24.2ms
[2025-06-08T11:21:31.814+0000][5.488s] GC(6)   Post Evacuate Collection Set: 2.6ms
[2025-06-08T11:21:31.815+0000][5.489s] GC(6)   Other: 0.5ms
[2025-06-08T11:21:31.815+0000][5.489s] GC(6) Eden regions: 141->0(241)
[2025-06-08T11:21:31.815+0000][5.489s] GC(6) Survivor regions: 6->14(19)
[2025-06-08T11:21:31.815+0000][5.489s] GC(6) Old regions: 22->22
[2025-06-08T11:21:31.815+0000][5.489s] GC(6) Humongous regions: 5->4
[2025-06-08T11:21:31.815+0000][5.489s] GC(6) Metaspace: 42021K(43212K)->42021K(43212K) NonClass: 36949K(37580K)->36949K(37580K) Class: 5071K(5632K)->5071K(5632K)
[2025-06-08T11:21:31.816+0000][5.489s] GC(6) Pause Young (Normal) (G1 Evacuation Pause) 172M->37M(512M) 29.443ms
[2025-06-08T11:21:31.816+0000][5.489s] GC(6) User=0.17s Sys=0.01s Real=0.03s
[2025-06-08T11:23:26.149+0000][119.821s] GC(7) Pause Young (Normal) (G1 Evacuation Pause)
[2025-06-08T11:23:26.149+0000][119.821s] GC(7) Using 9 workers of 9 for evacuation
[2025-06-08T11:23:26.183+0000][119.854s] GC(7)   Pre Evacuate Collection Set: 0.8ms
[2025-06-08T11:23:26.183+0000][119.855s] GC(7)   Evacuate Collection Set: 29.9ms
[2025-06-08T11:23:26.183+0000][119.855s] GC(7)   Post Evacuate Collection Set: 1.9ms
[2025-06-08T11:23:26.183+0000][119.855s] GC(7)   Other: 0.9ms
[2025-06-08T11:23:26.183+0000][119.855s] GC(7) Eden regions: 241->0(286)
[2025-06-08T11:23:26.183+0000][119.855s] GC(7) Survivor regions: 14->21(32)
[2025-06-08T11:23:26.183+0000][119.855s] GC(7) Old regions: 22->22
[2025-06-08T11:23:26.183+0000][119.855s] GC(7) Humongous regions: 7->7
[2025-06-08T11:23:26.183+0000][119.855s] GC(7) Metaspace: 53412K(54732K)->53412K(54732K) NonClass: 47097K(47820K)->47097K(47820K) Class: 6314K(6912K)->6314K(6912K)
[2025-06-08T11:23:26.183+0000][119.855s] GC(7) Pause Young (Normal) (G1 Evacuation Pause) 281M->48M(512M) 33.995ms
[2025-06-08T11:23:26.183+0000][119.855s] GC(7) User=0.27s Sys=0.00s Real=0.04s
[2025-06-08T11:24:29.386+0000][183.057s] Heap
[2025-06-08T11:24:29.387+0000][183.058s]  garbage-first heap   total 524288K, used 61663K [0x00000000e0000000, 0x0000000100000000)
[2025-06-08T11:24:29.387+0000][183.058s]   region size 1024K, 34 young (34816K), 21 survivors (21504K)
[2025-06-08T11:24:29.387+0000][183.058s]  Metaspace       used 53777K, capacity 55045K, committed 55244K, reserved 1097728K
[2025-06-08T11:24:29.388+0000][183.059s]   class space    used 6364K, capacity 6889K, committed 6912K, reserved 1048576K
