[2025-06-08T11:38:28.796+0000][0.066s] Heap region size: 1M
[2025-06-08T11:38:29.279+0000][0.549s] Using G1
[2025-06-08T11:38:29.279+0000][0.550s] Heap address: 0x00000000e0000000, size: 512 MB, Compressed Oops mode: 32-bit
[2025-06-08T11:38:29.280+0000][0.550s] Mark closed archive regions in map: [0x00000000fff00000, 0x00000000fff65ff8]
[2025-06-08T11:38:29.280+0000][0.550s] Mark open archive regions in map: [0x00000000ffe00000, 0x00000000ffe42ff8]
[2025-06-08T11:38:29.861+0000][1.132s] GC(0) Pause Young (Normal) (G1 Evacuation Pause)
[2025-06-08T11:38:29.862+0000][1.133s] GC(0) Using 9 workers of 9 for evacuation
[2025-06-08T11:38:29.871+0000][1.142s] GC(0)   Pre Evacuate Collection Set: 0.1ms
[2025-06-08T11:38:29.871+0000][1.142s] GC(0)   Evacuate Collection Set: 7.8ms
[2025-06-08T11:38:29.872+0000][1.142s] GC(0)   Post Evacuate Collection Set: 0.8ms
[2025-06-08T11:38:29.872+0000][1.142s] GC(0)   Other: 1.4ms
[2025-06-08T11:38:29.872+0000][1.142s] GC(0) Eden regions: 30->0(303)
[2025-06-08T11:38:29.872+0000][1.142s] GC(0) Survivor regions: 0->4(4)
[2025-06-08T11:38:29.872+0000][1.142s] GC(0) Old regions: 2->2
[2025-06-08T11:38:29.872+0000][1.142s] GC(0) Humongous regions: 0->0
[2025-06-08T11:38:29.872+0000][1.142s] GC(0) Metaspace: 9320K(9856K)->9320K(9856K) NonClass: 8160K(8448K)->8160K(8448K) Class: 1160K(1408K)->1160K(1408K)
[2025-06-08T11:38:29.872+0000][1.142s] GC(0) Pause Young (Normal) (G1 Evacuation Pause) 30M->4M(512M) 10.528ms
[2025-06-08T11:38:29.872+0000][1.142s] GC(0) User=0.06s Sys=0.01s Real=0.01s
[2025-06-08T11:38:30.475+0000][1.745s] GC(1) Pause Young (Concurrent Start) (Metadata GC Threshold)
[2025-06-08T11:38:30.475+0000][1.746s] GC(1) Using 9 workers of 9 for evacuation
[2025-06-08T11:38:30.484+0000][1.754s] GC(1)   Pre Evacuate Collection Set: 0.1ms
[2025-06-08T11:38:30.484+0000][1.754s] GC(1)   Evacuate Collection Set: 7.0ms
[2025-06-08T11:38:30.484+0000][1.754s] GC(1)   Post Evacuate Collection Set: 1.0ms
[2025-06-08T11:38:30.484+0000][1.754s] GC(1)   Other: 0.6ms
[2025-06-08T11:38:30.484+0000][1.754s] GC(1) Eden regions: 82->0(76)
[2025-06-08T11:38:30.484+0000][1.754s] GC(1) Survivor regions: 4->21(39)
[2025-06-08T11:38:30.484+0000][1.754s] GC(1) Old regions: 2->2
[2025-06-08T11:38:30.484+0000][1.754s] GC(1) Humongous regions: 4->4
[2025-06-08T11:38:30.484+0000][1.754s] GC(1) Metaspace: 20456K(21248K)->20456K(21248K) NonClass: 17967K(18432K)->17967K(18432K) Class: 2488K(2816K)->2488K(2816K)
[2025-06-08T11:38:30.484+0000][1.754s] GC(1) Pause Young (Concurrent Start) (Metadata GC Threshold) 89M->24M(512M) 9.011ms
[2025-06-08T11:38:30.484+0000][1.755s] GC(1) User=0.05s Sys=0.00s Real=0.01s
[2025-06-08T11:38:30.484+0000][1.755s] GC(2) Concurrent Cycle
[2025-06-08T11:38:30.485+0000][1.755s] GC(2) Concurrent Clear Claimed Marks
[2025-06-08T11:38:30.485+0000][1.756s] GC(2) Concurrent Clear Claimed Marks 0.101ms
[2025-06-08T11:38:30.485+0000][1.756s] GC(2) Concurrent Scan Root Regions
[2025-06-08T11:38:30.488+0000][1.759s] GC(2) Concurrent Scan Root Regions 2.907ms
[2025-06-08T11:38:30.488+0000][1.759s] GC(2) Concurrent Mark (1.759s)
[2025-06-08T11:38:30.488+0000][1.759s] GC(2) Concurrent Mark From Roots
[2025-06-08T11:38:30.489+0000][1.759s] GC(2) Using 2 workers of 2 for marking
[2025-06-08T11:38:30.492+0000][1.762s] GC(2) Concurrent Mark From Roots 3.644ms
[2025-06-08T11:38:30.492+0000][1.763s] GC(2) Concurrent Preclean
[2025-06-08T11:38:30.494+0000][1.764s] GC(2) Concurrent Preclean 1.359ms
[2025-06-08T11:38:30.494+0000][1.764s] GC(2) Concurrent Mark (1.759s, 1.764s) 5.294ms
[2025-06-08T11:38:30.494+0000][1.764s] GC(2) Pause Remark
[2025-06-08T11:38:30.497+0000][1.768s] GC(2) Cleaned string and symbol table, strings: 9037 processed, 0 removed, symbols: 57789 processed, 32 removed
[2025-06-08T11:38:30.498+0000][1.768s] GC(2) Pause Remark 25M->25M(512M) 3.751ms
[2025-06-08T11:38:30.498+0000][1.768s] GC(2) User=0.02s Sys=0.00s Real=0.01s
[2025-06-08T11:38:30.498+0000][1.768s] GC(2) Concurrent Rebuild Remembered Sets
[2025-06-08T11:38:30.499+0000][1.769s] GC(2) Concurrent Rebuild Remembered Sets 0.996ms
[2025-06-08T11:38:30.499+0000][1.770s] GC(2) Pause Cleanup
[2025-06-08T11:38:30.500+0000][1.770s] GC(2) Pause Cleanup 25M->25M(512M) 0.391ms
[2025-06-08T11:38:30.500+0000][1.770s] GC(2) User=0.00s Sys=0.00s Real=0.00s
[2025-06-08T11:38:30.500+0000][1.770s] GC(2) Concurrent Cleanup for Next Mark
[2025-06-08T11:38:30.500+0000][1.770s] GC(2) Concurrent Cleanup for Next Mark 0.258ms
[2025-06-08T11:38:30.500+0000][1.771s] GC(2) Concurrent Cycle 15.929ms
[2025-06-08T11:38:30.981+0000][2.251s] GC(3) Pause Young (Normal) (G1 Evacuation Pause)
[2025-06-08T11:38:30.981+0000][2.251s] GC(3) Using 9 workers of 9 for evacuation
[2025-06-08T11:38:30.991+0000][2.262s] GC(3)   Pre Evacuate Collection Set: 0.0ms
[2025-06-08T11:38:30.991+0000][2.262s] GC(3)   Evacuate Collection Set: 9.8ms
[2025-06-08T11:38:30.991+0000][2.262s] GC(3)   Post Evacuate Collection Set: 0.6ms
[2025-06-08T11:38:30.992+0000][2.262s] GC(3)   Other: 0.3ms
[2025-06-08T11:38:30.992+0000][2.262s] GC(3) Eden regions: 71->0(106)
[2025-06-08T11:38:30.992+0000][2.262s] GC(3) Survivor regions: 21->5(12)
[2025-06-08T11:38:30.992+0000][2.262s] GC(3) Old regions: 2->22
[2025-06-08T11:38:30.992+0000][2.262s] GC(3) Humongous regions: 4->4
[2025-06-08T11:38:30.992+0000][2.262s] GC(3) Metaspace: 29637K(30592K)->29637K(30592K) NonClass: 26088K(26624K)->26088K(26624K) Class: 3549K(3968K)->3549K(3968K)
[2025-06-08T11:38:30.992+0000][2.262s] GC(3) Pause Young (Normal) (G1 Evacuation Pause) 95M->28M(512M) 11.306ms
[2025-06-08T11:38:30.992+0000][2.262s] GC(3) User=0.07s Sys=0.01s Real=0.01s
[2025-06-08T11:38:31.244+0000][2.515s] GC(4) Pause Young (Concurrent Start) (Metadata GC Threshold)
[2025-06-08T11:38:31.245+0000][2.515s] GC(4) Using 9 workers of 9 for evacuation
[2025-06-08T11:38:31.254+0000][2.524s] GC(4)   Pre Evacuate Collection Set: 0.1ms
[2025-06-08T11:38:31.254+0000][2.524s] GC(4)   Evacuate Collection Set: 5.3ms
[2025-06-08T11:38:31.254+0000][2.524s] GC(4)   Post Evacuate Collection Set: 3.3ms
[2025-06-08T11:38:31.254+0000][2.524s] GC(4)   Other: 0.4ms
[2025-06-08T11:38:31.254+0000][2.524s] GC(4) Eden regions: 56->0(129)
[2025-06-08T11:38:31.254+0000][2.524s] GC(4) Survivor regions: 5->6(14)
[2025-06-08T11:38:31.254+0000][2.524s] GC(4) Old regions: 22->22
[2025-06-08T11:38:31.254+0000][2.524s] GC(4) Humongous regions: 4->4
[2025-06-08T11:38:31.254+0000][2.524s] GC(4) Metaspace: 34879K(35840K)->34879K(35840K) NonClass: 30676K(31232K)->30676K(31232K) Class: 4203K(4608K)->4203K(4608K)
[2025-06-08T11:38:31.254+0000][2.524s] GC(4) Pause Young (Concurrent Start) (Metadata GC Threshold) 84M->29M(512M) 9.740ms
[2025-06-08T11:38:31.254+0000][2.524s] GC(4) User=0.05s Sys=0.00s Real=0.01s
[2025-06-08T11:38:31.254+0000][2.525s] GC(5) Concurrent Cycle
[2025-06-08T11:38:31.254+0000][2.525s] GC(5) Concurrent Clear Claimed Marks
[2025-06-08T11:38:31.255+0000][2.525s] GC(5) Concurrent Clear Claimed Marks 0.201ms
[2025-06-08T11:38:31.255+0000][2.525s] GC(5) Concurrent Scan Root Regions
[2025-06-08T11:38:31.259+0000][2.530s] GC(5) Concurrent Scan Root Regions 4.802ms
[2025-06-08T11:38:31.260+0000][2.531s] GC(5) Concurrent Mark (2.531s)
[2025-06-08T11:38:31.260+0000][2.531s] GC(5) Concurrent Mark From Roots
[2025-06-08T11:38:31.261+0000][2.531s] GC(5) Using 2 workers of 2 for marking
[2025-06-08T11:38:31.275+0000][2.545s] GC(5) Concurrent Mark From Roots 14.509ms
[2025-06-08T11:38:31.275+0000][2.545s] GC(5) Concurrent Preclean
[2025-06-08T11:38:31.275+0000][2.546s] GC(5) Concurrent Preclean 0.293ms
[2025-06-08T11:38:31.275+0000][2.546s] GC(5) Concurrent Mark (2.531s, 2.546s) 15.149ms
[2025-06-08T11:38:31.276+0000][2.546s] GC(5) Pause Remark
[2025-06-08T11:38:31.287+0000][2.557s] GC(5) Cleaned string and symbol table, strings: 15045 processed, 32 removed, symbols: 101360 processed, 85 removed
[2025-06-08T11:38:31.287+0000][2.558s] GC(5) Pause Remark 32M->32M(512M) 11.630ms
[2025-06-08T11:38:31.287+0000][2.558s] GC(5) User=0.05s Sys=0.00s Real=0.01s
[2025-06-08T11:38:31.287+0000][2.558s] GC(5) Concurrent Rebuild Remembered Sets
[2025-06-08T11:38:31.293+0000][2.563s] GC(5) Concurrent Rebuild Remembered Sets 5.134ms
[2025-06-08T11:38:31.293+0000][2.563s] GC(5) Pause Cleanup
[2025-06-08T11:38:31.293+0000][2.564s] GC(5) Pause Cleanup 34M->34M(512M) 0.216ms
[2025-06-08T11:38:31.293+0000][2.564s] GC(5) User=0.00s Sys=0.00s Real=0.00s
[2025-06-08T11:38:31.293+0000][2.564s] GC(5) Concurrent Cleanup for Next Mark
[2025-06-08T11:38:31.294+0000][2.564s] GC(5) Concurrent Cleanup for Next Mark 0.405ms
[2025-06-08T11:38:31.294+0000][2.564s] GC(5) Concurrent Cycle 39.717ms
[2025-06-08T11:38:31.893+0000][3.163s] GC(6) Pause Young (Normal) (G1 Evacuation Pause)
[2025-06-08T11:38:31.893+0000][3.164s] GC(6) Using 9 workers of 9 for evacuation
[2025-06-08T11:38:31.910+0000][3.181s] GC(6)   Pre Evacuate Collection Set: 0.1ms
[2025-06-08T11:38:31.911+0000][3.181s] GC(6)   Evacuate Collection Set: 13.0ms
[2025-06-08T11:38:31.911+0000][3.181s] GC(6)   Post Evacuate Collection Set: 3.5ms
[2025-06-08T11:38:31.911+0000][3.181s] GC(6)   Other: 0.7ms
[2025-06-08T11:38:31.911+0000][3.181s] GC(6) Eden regions: 135->0(199)
[2025-06-08T11:38:31.911+0000][3.181s] GC(6) Survivor regions: 6->14(18)
[2025-06-08T11:38:31.911+0000][3.181s] GC(6) Old regions: 22->22
[2025-06-08T11:38:31.911+0000][3.181s] GC(6) Humongous regions: 5->4
[2025-06-08T11:38:31.911+0000][3.181s] GC(6) Metaspace: 41946K(43212K)->41946K(43212K) NonClass: 36876K(37580K)->36876K(37580K) Class: 5069K(5632K)->5069K(5632K)
[2025-06-08T11:38:31.911+0000][3.181s] GC(6) Pause Young (Normal) (G1 Evacuation Pause) 165M->37M(512M) 17.780ms
[2025-06-08T11:38:31.911+0000][3.181s] GC(6) User=0.11s Sys=0.01s Real=0.02s
[2025-06-08T11:46:44.709+0000][495.972s] Heap
[2025-06-08T11:46:44.709+0000][495.973s]  garbage-first heap   total 524288K, used 132657K [0x00000000e0000000, 0x0000000100000000)
[2025-06-08T11:46:44.709+0000][495.973s]   region size 1024K, 108 young (110592K), 14 survivors (14336K)
[2025-06-08T11:46:44.709+0000][495.973s]  Metaspace       used 47930K, capacity 49168K, committed 49356K, reserved 1091584K
[2025-06-08T11:46:44.709+0000][495.973s]   class space    used 5866K, capacity 6367K, committed 6400K, reserved 1048576K
