[2025-06-10T07:27:11.520+0000][0.007s] Heap region size: 1M
[2025-06-10T07:27:11.759+0000][0.246s] Using G1
[2025-06-10T07:27:11.759+0000][0.246s] Heap address: 0x00000000e0000000, size: 512 MB, Compressed Oops mode: 32-bit
[2025-06-10T07:27:11.759+0000][0.246s] Mark closed archive regions in map: [0x00000000fff00000, 0x00000000fff65ff8]
[2025-06-10T07:27:11.759+0000][0.246s] Mark open archive regions in map: [0x00000000ffe00000, 0x00000000ffe42ff8]
[2025-06-10T07:27:12.438+0000][0.925s] GC(0) Pause Young (Normal) (G1 Evacuation Pause)
[2025-06-10T07:27:12.439+0000][0.926s] GC(0) Using 9 workers of 9 for evacuation
[2025-06-10T07:27:12.445+0000][0.932s] GC(0)   Pre Evacuate Collection Set: 0.0ms
[2025-06-10T07:27:12.445+0000][0.932s] GC(0)   Evacuate Collection Set: 4.4ms
[2025-06-10T07:27:12.445+0000][0.932s] GC(0)   Post Evacuate Collection Set: 1.7ms
[2025-06-10T07:27:12.445+0000][0.933s] GC(0)   Other: 1.4ms
[2025-06-10T07:27:12.445+0000][0.933s] GC(0) Eden regions: 30->0(303)
[2025-06-10T07:27:12.446+0000][0.933s] GC(0) Survivor regions: 0->4(4)
[2025-06-10T07:27:12.446+0000][0.933s] GC(0) Old regions: 2->2
[2025-06-10T07:27:12.446+0000][0.933s] GC(0) Humongous regions: 0->0
[2025-06-10T07:27:12.446+0000][0.933s] GC(0) Metaspace: 9396K(9856K)->9396K(9856K) NonClass: 8224K(8448K)->8224K(8448K) Class: 1172K(1408K)->1172K(1408K)
[2025-06-10T07:27:12.446+0000][0.933s] GC(0) Pause Young (Normal) (G1 Evacuation Pause) 30M->4M(512M) 8.107ms
[2025-06-10T07:27:12.446+0000][0.933s] GC(0) User=0.03s Sys=0.01s Real=0.01s
[2025-06-10T07:27:13.093+0000][1.580s] GC(1) Pause Young (Concurrent Start) (Metadata GC Threshold)
[2025-06-10T07:27:13.093+0000][1.580s] GC(1) Using 9 workers of 9 for evacuation
[2025-06-10T07:27:13.107+0000][1.594s] GC(1)   Pre Evacuate Collection Set: 0.1ms
[2025-06-10T07:27:13.107+0000][1.594s] GC(1)   Evacuate Collection Set: 10.3ms
[2025-06-10T07:27:13.107+0000][1.594s] GC(1)   Post Evacuate Collection Set: 3.2ms
[2025-06-10T07:27:13.107+0000][1.594s] GC(1)   Other: 0.4ms
[2025-06-10T07:27:13.107+0000][1.594s] GC(1) Eden regions: 82->0(77)
[2025-06-10T07:27:13.107+0000][1.594s] GC(1) Survivor regions: 4->21(39)
[2025-06-10T07:27:13.107+0000][1.594s] GC(1) Old regions: 2->2
[2025-06-10T07:27:13.107+0000][1.595s] GC(1) Humongous regions: 4->4
[2025-06-10T07:27:13.107+0000][1.595s] GC(1) Metaspace: 20510K(21248K)->20510K(21248K) NonClass: 18021K(18432K)->18021K(18432K) Class: 2488K(2816K)->2488K(2816K)
[2025-06-10T07:27:13.108+0000][1.595s] GC(1) Pause Young (Concurrent Start) (Metadata GC Threshold) 89M->24M(512M) 14.923ms
[2025-06-10T07:27:13.108+0000][1.595s] GC(1) User=0.05s Sys=0.00s Real=0.01s
[2025-06-10T07:27:13.108+0000][1.595s] GC(2) Concurrent Cycle
[2025-06-10T07:27:13.108+0000][1.595s] GC(2) Concurrent Clear Claimed Marks
[2025-06-10T07:27:13.108+0000][1.595s] GC(2) Concurrent Clear Claimed Marks 0.367ms
[2025-06-10T07:27:13.108+0000][1.596s] GC(2) Concurrent Scan Root Regions
[2025-06-10T07:27:13.112+0000][1.599s] GC(2) Concurrent Scan Root Regions 3.259ms
[2025-06-10T07:27:13.112+0000][1.599s] GC(2) Concurrent Mark (1.599s)
[2025-06-10T07:27:13.112+0000][1.600s] GC(2) Concurrent Mark From Roots
[2025-06-10T07:27:13.113+0000][1.600s] GC(2) Using 2 workers of 2 for marking
[2025-06-10T07:27:13.116+0000][1.603s] GC(2) Concurrent Mark From Roots 3.306ms
[2025-06-10T07:27:13.116+0000][1.603s] GC(2) Concurrent Preclean
[2025-06-10T07:27:13.116+0000][1.603s] GC(2) Concurrent Preclean 0.068ms
[2025-06-10T07:27:13.116+0000][1.603s] GC(2) Concurrent Mark (1.599s, 1.603s) 3.895ms
[2025-06-10T07:27:13.119+0000][1.606s] GC(2) Pause Remark
[2025-06-10T07:27:13.121+0000][1.608s] GC(2) Cleaned string and symbol table, strings: 9045 processed, 0 removed, symbols: 58193 processed, 32 removed
[2025-06-10T07:27:13.122+0000][1.609s] GC(2) Pause Remark 25M->25M(512M) 2.955ms
[2025-06-10T07:27:13.122+0000][1.609s] GC(2) User=0.01s Sys=0.00s Real=0.01s
[2025-06-10T07:27:13.122+0000][1.610s] GC(2) Concurrent Rebuild Remembered Sets
[2025-06-10T07:27:13.123+0000][1.611s] GC(2) Concurrent Rebuild Remembered Sets 0.896ms
[2025-06-10T07:27:13.124+0000][1.611s] GC(2) Pause Cleanup
[2025-06-10T07:27:13.124+0000][1.611s] GC(2) Pause Cleanup 26M->26M(512M) 0.146ms
[2025-06-10T07:27:13.124+0000][1.611s] GC(2) User=0.00s Sys=0.00s Real=0.00s
[2025-06-10T07:27:13.124+0000][1.611s] GC(2) Concurrent Cleanup for Next Mark
[2025-06-10T07:27:13.125+0000][1.612s] GC(2) Concurrent Cleanup for Next Mark 0.849ms
[2025-06-10T07:27:13.125+0000][1.612s] GC(2) Concurrent Cycle 17.516ms
[2025-06-10T07:27:13.698+0000][2.185s] GC(3) Pause Young (Normal) (G1 Evacuation Pause)
[2025-06-10T07:27:13.698+0000][2.185s] GC(3) Using 9 workers of 9 for evacuation
[2025-06-10T07:27:13.717+0000][2.205s] GC(3)   Pre Evacuate Collection Set: 0.0ms
[2025-06-10T07:27:13.717+0000][2.205s] GC(3)   Evacuate Collection Set: 17.0ms
[2025-06-10T07:27:13.718+0000][2.205s] GC(3)   Post Evacuate Collection Set: 2.2ms
[2025-06-10T07:27:13.718+0000][2.205s] GC(3)   Other: 0.3ms
[2025-06-10T07:27:13.718+0000][2.205s] GC(3) Eden regions: 71->0(108)
[2025-06-10T07:27:13.718+0000][2.205s] GC(3) Survivor regions: 21->5(12)
[2025-06-10T07:27:13.718+0000][2.205s] GC(3) Old regions: 2->22
[2025-06-10T07:27:13.718+0000][2.205s] GC(3) Humongous regions: 4->4
[2025-06-10T07:27:13.718+0000][2.205s] GC(3) Metaspace: 29698K(30592K)->29698K(30592K) NonClass: 26150K(26624K)->26150K(26624K) Class: 3547K(3968K)->3547K(3968K)
[2025-06-10T07:27:13.718+0000][2.205s] GC(3) Pause Young (Normal) (G1 Evacuation Pause) 95M->28M(512M) 19.950ms
[2025-06-10T07:27:13.718+0000][2.205s] GC(3) User=0.08s Sys=0.01s Real=0.02s
[2025-06-10T07:27:13.738+0000][2.226s] Heap
[2025-06-10T07:27:13.739+0000][2.226s]  garbage-first heap   total 524288K, used 31421K [0x00000000e0000000, 0x0000000100000000)
[2025-06-10T07:27:13.739+0000][2.226s]   region size 1024K, 8 young (8192K), 5 survivors (5120K)
[2025-06-10T07:27:13.739+0000][2.226s]  Metaspace       used 29777K, capacity 30563K, committed 30848K, reserved 1077248K
[2025-06-10T07:27:13.739+0000][2.226s]   class space    used 3557K, capacity 3907K, committed 3968K, reserved 1048576K
