[2025-06-13T06:28:38.159+0000][0.015s] Heap region size: 1M
[2025-06-13T06:28:42.923+0000][4.780s] Using G1
[2025-06-13T06:28:42.924+0000][4.781s] Heap address: 0x00000000e0000000, size: 512 MB, Compressed Oops mode: 32-bit
[2025-06-13T06:28:42.936+0000][4.793s] Mark closed archive regions in map: [0x00000000fff00000, 0x00000000fff65ff8]
[2025-06-13T06:28:42.949+0000][4.805s] Mark open archive regions in map: [0x00000000ffe00000, 0x00000000ffe42ff8]
[2025-06-13T06:28:43.673+0000][5.530s] GC(0) Pause Young (Normal) (G1 Evacuation Pause)
[2025-06-13T06:28:43.674+0000][5.531s] GC(0) Using 9 workers of 9 for evacuation
[2025-06-13T06:28:43.696+0000][5.553s] GC(0)   Pre Evacuate Collection Set: 0.1ms
[2025-06-13T06:28:43.696+0000][5.553s] GC(0)   Evacuate Collection Set: 4.2ms
[2025-06-13T06:28:43.696+0000][5.553s] GC(0)   Post Evacuate Collection Set: 2.3ms
[2025-06-13T06:28:43.696+0000][5.553s] GC(0)   Other: 17.0ms
[2025-06-13T06:28:43.696+0000][5.553s] GC(0) Eden regions: 30->0(303)
[2025-06-13T06:28:43.696+0000][5.553s] GC(0) Survivor regions: 0->4(4)
[2025-06-13T06:28:43.696+0000][5.553s] GC(0) Old regions: 2->2
[2025-06-13T06:28:43.697+0000][5.553s] GC(0) Humongous regions: 0->0
[2025-06-13T06:28:43.697+0000][5.553s] GC(0) Metaspace: 9416K(10112K)->9416K(10112K) NonClass: 8247K(8704K)->8247K(8704K) Class: 1168K(1408K)->1168K(1408K)
[2025-06-13T06:28:43.697+0000][5.554s] GC(0) Pause Young (Normal) (G1 Evacuation Pause) 30M->4M(512M) 23.916ms
[2025-06-13T06:28:43.697+0000][5.554s] GC(0) User=0.04s Sys=0.00s Real=0.03s
[2025-06-13T06:28:44.558+0000][6.415s] GC(1) Pause Young (Concurrent Start) (Metadata GC Threshold)
[2025-06-13T06:28:44.559+0000][6.415s] GC(1) Using 9 workers of 9 for evacuation
[2025-06-13T06:28:44.567+0000][6.424s] GC(1)   Pre Evacuate Collection Set: 0.1ms
[2025-06-13T06:28:44.568+0000][6.424s] GC(1)   Evacuate Collection Set: 7.4ms
[2025-06-13T06:28:44.568+0000][6.424s] GC(1)   Post Evacuate Collection Set: 0.7ms
[2025-06-13T06:28:44.568+0000][6.424s] GC(1)   Other: 0.8ms
[2025-06-13T06:28:44.568+0000][6.424s] GC(1) Eden regions: 82->0(76)
[2025-06-13T06:28:44.568+0000][6.425s] GC(1) Survivor regions: 4->20(39)
[2025-06-13T06:28:44.568+0000][6.425s] GC(1) Old regions: 2->2
[2025-06-13T06:28:44.568+0000][6.425s] GC(1) Humongous regions: 4->4
[2025-06-13T06:28:44.568+0000][6.425s] GC(1) Metaspace: 20501K(21248K)->20501K(21248K) NonClass: 18015K(18432K)->18015K(18432K) Class: 2486K(2816K)->2486K(2816K)
[2025-06-13T06:28:44.568+0000][6.425s] GC(1) Pause Young (Concurrent Start) (Metadata GC Threshold) 89M->24M(512M) 9.464ms
[2025-06-13T06:28:44.568+0000][6.425s] GC(1) User=0.05s Sys=0.00s Real=0.01s
[2025-06-13T06:28:44.568+0000][6.425s] GC(2) Concurrent Cycle
[2025-06-13T06:28:44.569+0000][6.426s] GC(2) Concurrent Clear Claimed Marks
[2025-06-13T06:28:44.569+0000][6.426s] GC(2) Concurrent Clear Claimed Marks 0.164ms
[2025-06-13T06:28:44.569+0000][6.426s] GC(2) Concurrent Scan Root Regions
[2025-06-13T06:28:44.572+0000][6.429s] GC(2) Concurrent Scan Root Regions 2.557ms
[2025-06-13T06:28:44.572+0000][6.429s] GC(2) Concurrent Mark (6.429s)
[2025-06-13T06:28:44.572+0000][6.429s] GC(2) Concurrent Mark From Roots
[2025-06-13T06:28:44.572+0000][6.429s] GC(2) Using 2 workers of 2 for marking
[2025-06-13T06:28:44.575+0000][6.432s] GC(2) Concurrent Mark From Roots 3.037ms
[2025-06-13T06:28:44.575+0000][6.432s] GC(2) Concurrent Preclean
[2025-06-13T06:28:44.575+0000][6.432s] GC(2) Concurrent Preclean 0.155ms
[2025-06-13T06:28:44.575+0000][6.432s] GC(2) Concurrent Mark (6.429s, 6.432s) 3.550ms
[2025-06-13T06:28:44.576+0000][6.432s] GC(2) Pause Remark
[2025-06-13T06:28:44.577+0000][6.434s] GC(2) Cleaned string and symbol table, strings: 9041 processed, 0 removed, symbols: 57768 processed, 31 removed
[2025-06-13T06:28:44.577+0000][6.434s] GC(2) Pause Remark 25M->25M(512M) 1.664ms
[2025-06-13T06:28:44.577+0000][6.434s] GC(2) User=0.01s Sys=0.00s Real=0.00s
[2025-06-13T06:28:44.577+0000][6.434s] GC(2) Concurrent Rebuild Remembered Sets
[2025-06-13T06:28:44.578+0000][6.435s] GC(2) Concurrent Rebuild Remembered Sets 0.875ms
[2025-06-13T06:28:44.579+0000][6.435s] GC(2) Pause Cleanup
[2025-06-13T06:28:44.579+0000][6.436s] GC(2) Pause Cleanup 25M->25M(512M) 0.184ms
[2025-06-13T06:28:44.579+0000][6.436s] GC(2) User=0.00s Sys=0.00s Real=0.00s
[2025-06-13T06:28:44.579+0000][6.436s] GC(2) Concurrent Cleanup for Next Mark
[2025-06-13T06:28:44.579+0000][6.436s] GC(2) Concurrent Cleanup for Next Mark 0.231ms
[2025-06-13T06:28:44.579+0000][6.436s] GC(2) Concurrent Cycle 11.185ms
[2025-06-13T06:28:45.107+0000][6.964s] GC(3) Pause Young (Normal) (G1 Evacuation Pause)
[2025-06-13T06:28:45.107+0000][6.964s] GC(3) Using 9 workers of 9 for evacuation
[2025-06-13T06:28:45.136+0000][6.992s] GC(3)   Pre Evacuate Collection Set: 0.0ms
[2025-06-13T06:28:45.137+0000][6.994s] GC(3)   Evacuate Collection Set: 24.0ms
[2025-06-13T06:28:45.137+0000][6.994s] GC(3)   Post Evacuate Collection Set: 3.9ms
[2025-06-13T06:28:45.137+0000][6.994s] GC(3)   Other: 0.6ms
[2025-06-13T06:28:45.137+0000][6.994s] GC(3) Eden regions: 68->0(103)
[2025-06-13T06:28:45.137+0000][6.994s] GC(3) Survivor regions: 20->5(11)
[2025-06-13T06:28:45.137+0000][6.994s] GC(3) Old regions: 2->22
[2025-06-13T06:28:45.137+0000][6.994s] GC(3) Humongous regions: 4->4
[2025-06-13T06:28:45.137+0000][6.994s] GC(3) Metaspace: 28525K(29440K)->28525K(29440K) NonClass: 25128K(25600K)->25128K(25600K) Class: 3396K(3840K)->3396K(3840K)
[2025-06-13T06:28:45.137+0000][6.994s] GC(3) Pause Young (Normal) (G1 Evacuation Pause) 92M->28M(512M) 29.997ms
[2025-06-13T06:28:45.137+0000][6.994s] GC(3) User=0.20s Sys=0.01s Real=0.03s
[2025-06-13T06:28:45.699+0000][7.556s] GC(4) Pause Young (Concurrent Start) (Metadata GC Threshold)
[2025-06-13T06:28:45.707+0000][7.563s] GC(4) Using 9 workers of 9 for evacuation
[2025-06-13T06:28:45.719+0000][7.576s] GC(4)   Pre Evacuate Collection Set: 0.2ms
[2025-06-13T06:28:45.721+0000][7.578s] GC(4)   Evacuate Collection Set: 7.2ms
[2025-06-13T06:28:45.721+0000][7.578s] GC(4)   Post Evacuate Collection Set: 0.6ms
[2025-06-13T06:28:45.722+0000][7.579s] GC(4)   Other: 11.8ms
[2025-06-13T06:28:45.736+0000][7.593s] GC(4) Eden regions: 63->0(132)
[2025-06-13T06:28:45.737+0000][7.594s] GC(4) Survivor regions: 5->6(14)
[2025-06-13T06:28:45.737+0000][7.594s] GC(4) Old regions: 22->22
[2025-06-13T06:28:45.737+0000][7.594s] GC(4) Humongous regions: 4->4
[2025-06-13T06:28:45.737+0000][7.594s] GC(4) Metaspace: 34840K(35840K)->34840K(35840K) NonClass: 30664K(31232K)->30664K(31232K) Class: 4176K(4608K)->4176K(4608K)
[2025-06-13T06:28:45.737+0000][7.594s] GC(4) Pause Young (Concurrent Start) (Metadata GC Threshold) 90M->29M(512M) 38.157ms
[2025-06-13T06:28:45.738+0000][7.594s] GC(4) User=0.03s Sys=0.00s Real=0.04s
[2025-06-13T06:28:45.738+0000][7.595s] GC(5) Concurrent Cycle
[2025-06-13T06:28:45.738+0000][7.595s] GC(5) Concurrent Clear Claimed Marks
[2025-06-13T06:28:45.738+0000][7.595s] GC(5) Concurrent Clear Claimed Marks 0.321ms
[2025-06-13T06:28:45.741+0000][7.598s] GC(5) Concurrent Scan Root Regions
[2025-06-13T06:28:45.746+0000][7.603s] GC(5) Concurrent Scan Root Regions 5.258ms
[2025-06-13T06:28:45.747+0000][7.604s] GC(5) Concurrent Mark (7.604s)
[2025-06-13T06:28:45.747+0000][7.604s] GC(5) Concurrent Mark From Roots
[2025-06-13T06:28:45.747+0000][7.604s] GC(5) Using 2 workers of 2 for marking
[2025-06-13T06:28:45.756+0000][7.613s] GC(5) Concurrent Mark From Roots 8.805ms
[2025-06-13T06:28:45.758+0000][7.614s] GC(5) Concurrent Preclean
[2025-06-13T06:28:45.758+0000][7.615s] GC(5) Concurrent Preclean 0.269ms
[2025-06-13T06:28:45.758+0000][7.615s] GC(5) Concurrent Mark (7.604s, 7.615s) 11.137ms
[2025-06-13T06:28:45.759+0000][7.615s] GC(5) Pause Remark
[2025-06-13T06:28:45.762+0000][7.619s] GC(5) Cleaned string and symbol table, strings: 15041 processed, 32 removed, symbols: 101321 processed, 85 removed
[2025-06-13T06:28:45.762+0000][7.619s] GC(5) Pause Remark 33M->33M(512M) 3.484ms
[2025-06-13T06:28:45.762+0000][7.619s] GC(5) User=0.02s Sys=0.00s Real=0.00s
[2025-06-13T06:28:45.762+0000][7.619s] GC(5) Concurrent Rebuild Remembered Sets
[2025-06-13T06:28:45.773+0000][7.629s] GC(5) Concurrent Rebuild Remembered Sets 10.450ms
[2025-06-13T06:28:45.780+0000][7.637s] GC(5) Pause Cleanup
[2025-06-13T06:28:45.780+0000][7.637s] GC(5) Pause Cleanup 36M->36M(512M) 0.211ms
[2025-06-13T06:28:45.780+0000][7.637s] GC(5) User=0.00s Sys=0.00s Real=0.00s
[2025-06-13T06:28:45.780+0000][7.637s] GC(5) Concurrent Cleanup for Next Mark
[2025-06-13T06:28:45.781+0000][7.637s] GC(5) Concurrent Cleanup for Next Mark 0.201ms
[2025-06-13T06:28:45.781+0000][7.637s] GC(5) Concurrent Cycle 42.900ms
[2025-06-13T06:28:46.454+0000][8.311s] GC(6) Pause Young (Normal) (G1 Evacuation Pause)
[2025-06-13T06:28:46.454+0000][8.311s] GC(6) Using 9 workers of 9 for evacuation
[2025-06-13T06:28:46.471+0000][8.328s] GC(6)   Pre Evacuate Collection Set: 0.2ms
[2025-06-13T06:28:46.471+0000][8.328s] GC(6)   Evacuate Collection Set: 14.5ms
[2025-06-13T06:28:46.471+0000][8.328s] GC(6)   Post Evacuate Collection Set: 2.0ms
[2025-06-13T06:28:46.471+0000][8.328s] GC(6)   Other: 0.3ms
[2025-06-13T06:28:46.471+0000][8.328s] GC(6) Eden regions: 139->0(186)
[2025-06-13T06:28:46.471+0000][8.328s] GC(6) Survivor regions: 6->14(19)
[2025-06-13T06:28:46.471+0000][8.328s] GC(6) Old regions: 22->22
[2025-06-13T06:28:46.471+0000][8.328s] GC(6) Humongous regions: 5->4
[2025-06-13T06:28:46.471+0000][8.328s] GC(6) Metaspace: 42000K(43212K)->42000K(43212K) NonClass: 36932K(37632K)->36932K(37632K) Class: 5068K(5580K)->5068K(5580K)
[2025-06-13T06:28:46.471+0000][8.328s] GC(6) Pause Young (Normal) (G1 Evacuation Pause) 169M->37M(512M) 17.544ms
[2025-06-13T06:28:46.471+0000][8.328s] GC(6) User=0.14s Sys=0.01s Real=0.02s
[2025-06-13T14:07:02.536+0000][13618.885s] GC(7) Pause Young (Normal) (G1 Evacuation Pause)
[2025-06-13T14:07:02.540+0000][13618.888s] GC(7) Using 9 workers of 9 for evacuation
[2025-06-13T14:07:02.730+0000][13619.078s] GC(7)   Pre Evacuate Collection Set: 5.2ms
[2025-06-13T14:07:02.730+0000][13619.078s] GC(7)   Evacuate Collection Set: 172.7ms
[2025-06-13T14:07:02.730+0000][13619.078s] GC(7)   Post Evacuate Collection Set: 7.9ms
[2025-06-13T14:07:02.730+0000][13619.079s] GC(7)   Other: 10.3ms
[2025-06-13T14:07:02.730+0000][13619.079s] GC(7) Eden regions: 186->0(223)
[2025-06-13T14:07:02.730+0000][13619.079s] GC(7) Survivor regions: 14->15(25)
[2025-06-13T14:07:02.730+0000][13619.079s] GC(7) Old regions: 22->25
[2025-06-13T14:07:02.730+0000][13619.079s] GC(7) Humongous regions: 4->4
[2025-06-13T14:07:02.731+0000][13619.079s] GC(7) Metaspace: 47857K(49100K)->47857K(49100K) NonClass: 42045K(42752K)->42045K(42752K) Class: 5812K(6348K)->5812K(6348K)
[2025-06-13T14:07:02.731+0000][13619.080s] GC(7) Pause Young (Normal) (G1 Evacuation Pause) 223M->41M(512M) 195.056ms
[2025-06-13T14:07:02.731+0000][13619.080s] GC(7) User=1.56s Sys=0.00s Real=0.19s
[2025-06-14T02:22:39.636+0000][42266.324s] GC(8) Pause Young (Normal) (G1 Evacuation Pause)
[2025-06-14T02:22:39.640+0000][42266.328s] GC(8) Using 9 workers of 9 for evacuation
[2025-06-14T02:22:39.755+0000][42266.443s] GC(8)   Pre Evacuate Collection Set: 4.7ms
[2025-06-14T02:22:39.755+0000][42266.443s] GC(8)   Evacuate Collection Set: 84.6ms
[2025-06-14T02:22:39.755+0000][42266.443s] GC(8)   Post Evacuate Collection Set: 12.8ms
[2025-06-14T02:22:39.756+0000][42266.444s] GC(8)   Other: 18.5ms
[2025-06-14T02:22:39.756+0000][42266.444s] GC(8) Eden regions: 223->0(292)
[2025-06-14T02:22:39.757+0000][42266.444s] GC(8) Survivor regions: 15->15(30)
[2025-06-14T02:22:39.757+0000][42266.444s] GC(8) Old regions: 25->25
[2025-06-14T02:22:39.757+0000][42266.445s] GC(8) Humongous regions: 4->4
[2025-06-14T02:22:39.757+0000][42266.445s] GC(8) Metaspace: 47966K(49356K)->47966K(49356K) NonClass: 42154K(43008K)->42154K(43008K) Class: 5812K(6348K)->5812K(6348K)
[2025-06-14T02:22:39.758+0000][42266.446s] GC(8) Pause Young (Normal) (G1 Evacuation Pause) 264M->41M(512M) 121.578ms
[2025-06-14T02:22:39.758+0000][42266.446s] GC(8) User=0.80s Sys=0.00s Real=0.12s
[2025-06-14T22:56:02.160+0000][80143.889s] GC(9) Pause Young (Normal) (G1 Evacuation Pause)
[2025-06-14T22:56:02.167+0000][80143.896s] GC(9) Using 9 workers of 9 for evacuation
[2025-06-14T22:56:02.281+0000][80144.010s] GC(9)   Pre Evacuate Collection Set: 6.5ms
[2025-06-14T22:56:02.281+0000][80144.010s] GC(9)   Evacuate Collection Set: 77.8ms
[2025-06-14T22:56:02.282+0000][80144.010s] GC(9)   Post Evacuate Collection Set: 21.0ms
[2025-06-14T22:56:02.282+0000][80144.010s] GC(9)   Other: 20.1ms
[2025-06-14T22:56:02.282+0000][80144.010s] GC(9) Eden regions: 292->0(293)
[2025-06-14T22:56:02.282+0000][80144.010s] GC(9) Survivor regions: 15->14(39)
[2025-06-14T22:56:02.282+0000][80144.010s] GC(9) Old regions: 25->25
[2025-06-14T22:56:02.282+0000][80144.010s] GC(9) Humongous regions: 4->4
[2025-06-14T22:56:02.282+0000][80144.010s] GC(9) Metaspace: 47973K(49356K)->47973K(49356K) NonClass: 42161K(43008K)->42161K(43008K) Class: 5812K(6348K)->5812K(6348K)
[2025-06-14T22:56:02.283+0000][80144.011s] GC(9) Pause Young (Normal) (G1 Evacuation Pause) 333M->41M(512M) 123.695ms
[2025-06-14T22:56:02.283+0000][80144.011s] GC(9) User=0.73s Sys=0.00s Real=0.12s
[2025-06-15T18:59:01.687+0000][118464.974s] GC(10) Pause Young (Normal) (G1 Evacuation Pause)
[2025-06-15T18:59:01.690+0000][118464.978s] GC(10) Using 9 workers of 9 for evacuation
[2025-06-15T18:59:01.760+0000][118465.047s] GC(10)   Pre Evacuate Collection Set: 2.5ms
[2025-06-15T18:59:01.760+0000][118465.047s] GC(10)   Evacuate Collection Set: 47.7ms
[2025-06-15T18:59:01.760+0000][118465.047s] GC(10)   Post Evacuate Collection Set: 17.1ms
[2025-06-15T18:59:01.760+0000][118465.047s] GC(10)   Other: 7.4ms
[2025-06-15T18:59:01.760+0000][118465.048s] GC(10) Eden regions: 293->0(293)
[2025-06-15T18:59:01.760+0000][118465.048s] GC(10) Survivor regions: 14->14(39)
[2025-06-15T18:59:01.760+0000][118465.048s] GC(10) Old regions: 25->25
[2025-06-15T18:59:01.760+0000][118465.048s] GC(10) Humongous regions: 4->4
[2025-06-15T18:59:01.761+0000][118465.048s] GC(10) Metaspace: 47974K(49356K)->47974K(49356K) NonClass: 42162K(43008K)->42162K(43008K) Class: 5812K(6348K)->5812K(6348K)
[2025-06-15T18:59:01.761+0000][118465.048s] GC(10) Pause Young (Normal) (G1 Evacuation Pause) 334M->40M(512M) 74.652ms
[2025-06-15T18:59:01.761+0000][118465.049s] GC(10) User=0.48s Sys=0.00s Real=0.07s
[2025-06-16T07:39:45.318+0000][156340.559s] GC(11) Pause Young (Normal) (G1 Evacuation Pause)
[2025-06-16T07:39:45.323+0000][156340.563s] GC(11) Using 9 workers of 9 for evacuation
[2025-06-16T07:39:45.416+0000][156340.655s] GC(11)   Pre Evacuate Collection Set: 3.1ms
[2025-06-16T07:39:45.416+0000][156340.655s] GC(11)   Evacuate Collection Set: 64.8ms
[2025-06-16T07:39:45.416+0000][156340.655s] GC(11)   Post Evacuate Collection Set: 21.5ms
[2025-06-16T07:39:45.416+0000][156340.656s] GC(11)   Other: 10.1ms
[2025-06-16T07:39:45.417+0000][156340.656s] GC(11) Eden regions: 293->0(293)
[2025-06-16T07:39:45.417+0000][156340.656s] GC(11) Survivor regions: 14->14(39)
[2025-06-16T07:39:45.417+0000][156340.656s] GC(11) Old regions: 25->25
[2025-06-16T07:39:45.417+0000][156340.656s] GC(11) Humongous regions: 4->4
[2025-06-16T07:39:45.417+0000][156340.657s] GC(11) Metaspace: 47976K(49356K)->47976K(49356K) NonClass: 42164K(43008K)->42164K(43008K) Class: 5812K(6348K)->5812K(6348K)
[2025-06-16T07:39:45.417+0000][156340.657s] GC(11) Pause Young (Normal) (G1 Evacuation Pause) 333M->40M(512M) 99.486ms
[2025-06-16T07:39:45.417+0000][156340.657s] GC(11) User=0.60s Sys=0.00s Real=0.10s
[2025-06-17T03:12:41.748+0000][194576.269s] GC(12) Pause Young (Normal) (G1 Evacuation Pause)
[2025-06-17T03:12:41.755+0000][194576.275s] GC(12) Using 9 workers of 9 for evacuation
[2025-06-17T03:12:42.703+0000][194577.223s] GC(12) MMU target violated: 251.0ms (250.0ms/251.0ms)
[2025-06-17T03:12:42.736+0000][194577.257s] GC(12)   Pre Evacuate Collection Set: 4.1ms
[2025-06-17T03:12:42.737+0000][194577.257s] GC(12)   Evacuate Collection Set: 707.5ms
[2025-06-17T03:12:42.737+0000][194577.257s] GC(12)   Post Evacuate Collection Set: 232.0ms
[2025-06-17T03:12:42.738+0000][194577.258s] GC(12)   Other: 47.4ms
[2025-06-17T03:12:42.739+0000][194577.259s] GC(12) Eden regions: 293->0(11)
[2025-06-17T03:12:42.739+0000][194577.259s] GC(12) Survivor regions: 14->14(39)
[2025-06-17T03:12:42.739+0000][194577.260s] GC(12) Old regions: 25->25
[2025-06-17T03:12:42.740+0000][194577.260s] GC(12) Humongous regions: 4->4
[2025-06-17T03:12:42.740+0000][194577.260s] GC(12) Metaspace: 47990K(49356K)->47990K(49356K) NonClass: 42178K(43008K)->42178K(43008K) Class: 5812K(6348K)->5812K(6348K)
[2025-06-17T03:12:42.740+0000][194577.261s] GC(12) Pause Young (Normal) (G1 Evacuation Pause) 333M->40M(512M) 992.653ms
[2025-06-17T03:12:42.741+0000][194577.261s] GC(12) User=5.13s Sys=1.21s Real=0.99s
[2025-06-17T04:24:39.079+0000][196028.974s] GC(13) Pause Young (Normal) (G1 Evacuation Pause)
[2025-06-17T04:24:39.081+0000][196028.976s] GC(13) Using 9 workers of 9 for evacuation
[2025-06-17T04:24:39.114+0000][196029.009s] GC(13)   Pre Evacuate Collection Set: 0.9ms
[2025-06-17T04:24:39.115+0000][196029.009s] GC(13)   Evacuate Collection Set: 31.1ms
[2025-06-17T04:24:39.115+0000][196029.009s] GC(13)   Post Evacuate Collection Set: 0.9ms
[2025-06-17T04:24:39.115+0000][196029.009s] GC(13)   Other: 2.7ms
[2025-06-17T04:24:39.115+0000][196029.010s] GC(13) Eden regions: 11->0(57)
[2025-06-17T04:24:39.115+0000][196029.010s] GC(13) Survivor regions: 14->2(4)
[2025-06-17T04:24:39.115+0000][196029.010s] GC(13) Old regions: 25->38
[2025-06-17T04:24:39.115+0000][196029.010s] GC(13) Humongous regions: 4->4
[2025-06-17T04:24:39.115+0000][196029.010s] GC(13) Metaspace: 47990K(49356K)->47990K(49356K) NonClass: 42178K(43008K)->42178K(43008K) Class: 5812K(6348K)->5812K(6348K)
[2025-06-17T04:24:39.115+0000][196029.010s] GC(13) Pause Young (Normal) (G1 Evacuation Pause) 51M->41M(512M) 36.140ms
[2025-06-17T04:24:39.115+0000][196029.010s] GC(13) User=0.26s Sys=0.00s Real=0.03s
[2025-06-17T07:49:07.027+0000][203602.493s] GC(14) Pause Young (Normal) (G1 Evacuation Pause)
[2025-06-17T07:49:07.029+0000][203602.495s] GC(14) Using 9 workers of 9 for evacuation
[2025-06-17T07:49:07.056+0000][203602.522s] GC(14)   Pre Evacuate Collection Set: 2.1ms
[2025-06-17T07:49:07.056+0000][203602.522s] GC(14)   Evacuate Collection Set: 20.6ms
[2025-06-17T07:49:07.056+0000][203602.522s] GC(14)   Post Evacuate Collection Set: 2.5ms
[2025-06-17T07:49:07.056+0000][203602.522s] GC(14)   Other: 4.7ms
[2025-06-17T07:49:07.056+0000][203602.522s] GC(14) Eden regions: 57->0(112)
[2025-06-17T07:49:07.056+0000][203602.522s] GC(14) Survivor regions: 2->1(8)
[2025-06-17T07:49:07.056+0000][203602.522s] GC(14) Old regions: 38->38
[2025-06-17T07:49:07.056+0000][203602.522s] GC(14) Humongous regions: 4->4
[2025-06-17T07:49:07.056+0000][203602.522s] GC(14) Metaspace: 47990K(49356K)->47990K(49356K) NonClass: 42178K(43008K)->42178K(43008K) Class: 5812K(6348K)->5812K(6348K)
[2025-06-17T07:49:07.056+0000][203602.523s] GC(14) Pause Young (Normal) (G1 Evacuation Pause) 98M->40M(512M) 29.906ms
[2025-06-17T07:49:07.056+0000][203602.523s] GC(14) User=0.16s Sys=0.00s Real=0.03s
[2025-06-17T17:37:26.187+0000][218387.261s] GC(15) Pause Young (Normal) (G1 Evacuation Pause)
[2025-06-17T17:37:26.192+0000][218387.265s] GC(15) Using 9 workers of 9 for evacuation
[2025-06-17T17:37:26.219+0000][218387.291s] GC(15)   Pre Evacuate Collection Set: 2.1ms
[2025-06-17T17:37:26.219+0000][218387.291s] GC(15)   Evacuate Collection Set: 16.2ms
[2025-06-17T17:37:26.219+0000][218387.291s] GC(15)   Post Evacuate Collection Set: 5.1ms
[2025-06-17T17:37:26.219+0000][218387.292s] GC(15)   Other: 10.4ms
[2025-06-17T17:37:26.219+0000][218387.292s] GC(15) Eden regions: 112->0(184)
[2025-06-17T17:37:26.219+0000][218387.292s] GC(15) Survivor regions: 1->1(15)
[2025-06-17T17:37:26.219+0000][218387.292s] GC(15) Old regions: 38->38
[2025-06-17T17:37:26.219+0000][218387.292s] GC(15) Humongous regions: 4->4
[2025-06-17T17:37:26.219+0000][218387.292s] GC(15) Metaspace: 47990K(49356K)->47990K(49356K) NonClass: 42178K(43008K)->42178K(43008K) Class: 5812K(6348K)->5812K(6348K)
[2025-06-17T17:37:26.220+0000][218387.292s] GC(15) Pause Young (Normal) (G1 Evacuation Pause) 152M->39M(512M) 32.880ms
[2025-06-17T17:37:26.220+0000][218387.292s] GC(15) User=0.16s Sys=0.00s Real=0.04s
[2025-06-18T02:11:28.186+0000][242330.336s] GC(16) Pause Young (Normal) (G1 Evacuation Pause)
[2025-06-18T02:11:28.188+0000][242330.338s] GC(16) Using 9 workers of 9 for evacuation
[2025-06-18T02:11:28.225+0000][242330.374s] GC(16)   Pre Evacuate Collection Set: 2.8ms
[2025-06-18T02:11:28.225+0000][242330.375s] GC(16)   Evacuate Collection Set: 21.0ms
[2025-06-18T02:11:28.225+0000][242330.375s] GC(16)   Post Evacuate Collection Set: 9.1ms
[2025-06-18T02:11:28.226+0000][242330.375s] GC(16)   Other: 7.7ms
[2025-06-18T02:11:28.226+0000][242330.376s] GC(16) Eden regions: 184->0(270)
[2025-06-18T02:11:28.227+0000][242330.376s] GC(16) Survivor regions: 1->1(24)
[2025-06-18T02:11:28.227+0000][242330.376s] GC(16) Old regions: 38->38
[2025-06-18T02:11:28.227+0000][242330.376s] GC(16) Humongous regions: 4->4
[2025-06-18T02:11:28.228+0000][242330.377s] GC(16) Metaspace: 47990K(49356K)->47990K(49356K) NonClass: 42178K(43008K)->42178K(43008K) Class: 5812K(6348K)->5812K(6348K)
[2025-06-18T02:11:28.229+0000][242330.378s] GC(16) Pause Young (Normal) (G1 Evacuation Pause) 223M->39M(512M) 43.548ms
[2025-06-18T02:11:28.229+0000][242330.379s] GC(16) User=0.19s Sys=0.00s Real=0.04s
[2025-06-18T13:39:53.096+0000][277324.701s] GC(17) Pause Young (Normal) (G1 Evacuation Pause)
[2025-06-18T13:39:53.099+0000][277324.704s] GC(17) Using 9 workers of 9 for evacuation
[2025-06-18T13:39:53.139+0000][277324.744s] GC(17)   Pre Evacuate Collection Set: 1.6ms
[2025-06-18T13:39:53.139+0000][277324.744s] GC(17)   Evacuate Collection Set: 23.1ms
[2025-06-18T13:39:53.139+0000][277324.744s] GC(17)   Post Evacuate Collection Set: 11.4ms
[2025-06-18T13:39:53.140+0000][277324.745s] GC(17)   Other: 8.6ms
[2025-06-18T13:39:53.140+0000][277324.745s] GC(17) Eden regions: 270->0(306)
[2025-06-18T13:39:53.140+0000][277324.745s] GC(17) Survivor regions: 1->1(34)
[2025-06-18T13:39:53.140+0000][277324.745s] GC(17) Old regions: 38->38
[2025-06-18T13:39:53.140+0000][277324.745s] GC(17) Humongous regions: 4->4
[2025-06-18T13:39:53.140+0000][277324.745s] GC(17) Metaspace: 47997K(49356K)->47997K(49356K) NonClass: 42185K(43008K)->42185K(43008K) Class: 5812K(6348K)->5812K(6348K)
[2025-06-18T13:39:53.140+0000][277324.745s] GC(17) Pause Young (Normal) (G1 Evacuation Pause) 309M->39M(512M) 44.549ms
[2025-06-18T13:39:53.141+0000][277324.745s] GC(17) User=0.20s Sys=0.00s Real=0.05s
[2025-06-19T00:08:35.795+0000][312293.089s] Heap
[2025-06-19T00:08:35.796+0000][312293.089s]  garbage-first heap   total 524288K, used 323428K [0x00000000e0000000, 0x0000000100000000)
[2025-06-19T00:08:35.796+0000][312293.089s]   region size 1024K, 278 young (284672K), 1 survivors (1024K)
[2025-06-19T00:08:35.796+0000][312293.089s]  Metaspace       used 48381K, capacity 49583K, committed 49740K, reserved 1093632K
[2025-06-19T00:08:35.796+0000][312293.089s]   class space    used 5865K, capacity 6370K, committed 6476K, reserved 1048576K
