[2025-06-19T12:49:17.239+0000][0.064s] Heap region size: 1M
[2025-06-19T12:49:19.768+0000][2.594s] Using G1
[2025-06-19T12:49:19.768+0000][2.594s] Heap address: 0x00000000e0000000, size: 512 MB, Compressed Oops mode: 32-bit
[2025-06-19T12:49:19.769+0000][2.594s] Mark closed archive regions in map: [0x00000000fff00000, 0x00000000fff65ff8]
[2025-06-19T12:49:19.769+0000][2.595s] Mark open archive regions in map: [0x00000000ffe00000, 0x00000000ffe42ff8]
[2025-06-19T12:49:20.492+0000][3.318s] GC(0) Pause Young (Normal) (G1 Evacuation Pause)
[2025-06-19T12:49:20.495+0000][3.320s] GC(0) Using 9 workers of 9 for evacuation
[2025-06-19T12:49:20.509+0000][3.335s] GC(0)   Pre Evacuate Collection Set: 0.3ms
[2025-06-19T12:49:20.509+0000][3.335s] GC(0)   Evacuate Collection Set: 7.5ms
[2025-06-19T12:49:20.509+0000][3.335s] GC(0)   Post Evacuate Collection Set: 4.2ms
[2025-06-19T12:49:20.509+0000][3.335s] GC(0)   Other: 5.3ms
[2025-06-19T12:49:20.509+0000][3.335s] GC(0) Eden regions: 30->0(303)
[2025-06-19T12:49:20.509+0000][3.335s] GC(0) Survivor regions: 0->4(4)
[2025-06-19T12:49:20.509+0000][3.335s] GC(0) Old regions: 2->2
[2025-06-19T12:49:20.509+0000][3.335s] GC(0) Humongous regions: 0->0
[2025-06-19T12:49:20.509+0000][3.335s] GC(0) Metaspace: 9367K(9856K)->9367K(9856K) NonClass: 8201K(8448K)->8201K(8448K) Class: 1166K(1408K)->1166K(1408K)
[2025-06-19T12:49:20.512+0000][3.338s] GC(0) Pause Young (Normal) (G1 Evacuation Pause) 30M->4M(512M) 20.602ms
[2025-06-19T12:49:20.512+0000][3.338s] GC(0) User=0.04s Sys=0.00s Real=0.02s
[2025-06-19T12:49:21.256+0000][4.082s] GC(1) Pause Young (Concurrent Start) (Metadata GC Threshold)
[2025-06-19T12:49:21.257+0000][4.082s] GC(1) Using 9 workers of 9 for evacuation
[2025-06-19T12:49:21.266+0000][4.092s] GC(1)   Pre Evacuate Collection Set: 0.1ms
[2025-06-19T12:49:21.266+0000][4.092s] GC(1)   Evacuate Collection Set: 8.2ms
[2025-06-19T12:49:21.266+0000][4.092s] GC(1)   Post Evacuate Collection Set: 0.7ms
[2025-06-19T12:49:21.266+0000][4.092s] GC(1)   Other: 0.3ms
[2025-06-19T12:49:21.266+0000][4.092s] GC(1) Eden regions: 82->0(76)
[2025-06-19T12:49:21.266+0000][4.092s] GC(1) Survivor regions: 4->21(39)
[2025-06-19T12:49:21.266+0000][4.092s] GC(1) Old regions: 2->2
[2025-06-19T12:49:21.266+0000][4.092s] GC(1) Humongous regions: 4->4
[2025-06-19T12:49:21.266+0000][4.092s] GC(1) Metaspace: 20508K(21248K)->20508K(21248K) NonClass: 18019K(18432K)->18019K(18432K) Class: 2488K(2816K)->2488K(2816K)
[2025-06-19T12:49:21.266+0000][4.092s] GC(1) Pause Young (Concurrent Start) (Metadata GC Threshold) 89M->24M(512M) 9.732ms
[2025-06-19T12:49:21.266+0000][4.092s] GC(1) User=0.05s Sys=0.00s Real=0.01s
[2025-06-19T12:49:21.266+0000][4.092s] GC(2) Concurrent Cycle
[2025-06-19T12:49:21.266+0000][4.092s] GC(2) Concurrent Clear Claimed Marks
[2025-06-19T12:49:21.267+0000][4.093s] GC(2) Concurrent Clear Claimed Marks 0.152ms
[2025-06-19T12:49:21.267+0000][4.093s] GC(2) Concurrent Scan Root Regions
[2025-06-19T12:49:21.269+0000][4.095s] GC(2) Concurrent Scan Root Regions 2.740ms
[2025-06-19T12:49:21.269+0000][4.095s] GC(2) Concurrent Mark (4.095s)
[2025-06-19T12:49:21.270+0000][4.096s] GC(2) Concurrent Mark From Roots
[2025-06-19T12:49:21.270+0000][4.096s] GC(2) Using 2 workers of 2 for marking
[2025-06-19T12:49:21.274+0000][4.100s] GC(2) Concurrent Mark From Roots 4.196ms
[2025-06-19T12:49:21.274+0000][4.100s] GC(2) Concurrent Preclean
[2025-06-19T12:49:21.274+0000][4.100s] GC(2) Concurrent Preclean 0.182ms
[2025-06-19T12:49:21.274+0000][4.100s] GC(2) Concurrent Mark (4.095s, 4.100s) 4.920ms
[2025-06-19T12:49:21.275+0000][4.101s] GC(2) Pause Remark
[2025-06-19T12:49:21.276+0000][4.102s] GC(2) Cleaned string and symbol table, strings: 9053 processed, 0 removed, symbols: 57792 processed, 31 removed
[2025-06-19T12:49:21.276+0000][4.102s] GC(2) Pause Remark 25M->25M(512M) 1.604ms
[2025-06-19T12:49:21.276+0000][4.102s] GC(2) User=0.00s Sys=0.00s Real=0.00s
[2025-06-19T12:49:21.276+0000][4.102s] GC(2) Concurrent Rebuild Remembered Sets
[2025-06-19T12:49:21.277+0000][4.103s] GC(2) Concurrent Rebuild Remembered Sets 0.869ms
[2025-06-19T12:49:21.277+0000][4.103s] GC(2) Pause Cleanup
[2025-06-19T12:49:21.278+0000][4.104s] GC(2) Pause Cleanup 25M->25M(512M) 0.128ms
[2025-06-19T12:49:21.278+0000][4.104s] GC(2) User=0.00s Sys=0.00s Real=0.00s
[2025-06-19T12:49:21.278+0000][4.104s] GC(2) Concurrent Cleanup for Next Mark
[2025-06-19T12:49:21.278+0000][4.104s] GC(2) Concurrent Cleanup for Next Mark 0.204ms
[2025-06-19T12:49:21.278+0000][4.104s] GC(2) Concurrent Cycle 11.673ms
[2025-06-19T12:49:22.168+0000][4.994s] GC(3) Pause Young (Normal) (G1 Evacuation Pause)
[2025-06-19T12:49:22.168+0000][4.994s] GC(3) Using 9 workers of 9 for evacuation
[2025-06-19T12:49:22.199+0000][5.025s] GC(3)   Pre Evacuate Collection Set: 1.1ms
[2025-06-19T12:49:22.199+0000][5.025s] GC(3)   Evacuate Collection Set: 29.2ms
[2025-06-19T12:49:22.200+0000][5.025s] GC(3)   Post Evacuate Collection Set: 0.9ms
[2025-06-19T12:49:22.200+0000][5.026s] GC(3)   Other: 0.7ms
[2025-06-19T12:49:22.200+0000][5.026s] GC(3) Eden regions: 71->0(105)
[2025-06-19T12:49:22.200+0000][5.026s] GC(3) Survivor regions: 21->5(12)
[2025-06-19T12:49:22.200+0000][5.026s] GC(3) Old regions: 2->22
[2025-06-19T12:49:22.200+0000][5.026s] GC(3) Humongous regions: 4->4
[2025-06-19T12:49:22.200+0000][5.026s] GC(3) Metaspace: 29728K(30848K)->29728K(30848K) NonClass: 26172K(26880K)->26172K(26880K) Class: 3556K(3968K)->3556K(3968K)
[2025-06-19T12:49:22.200+0000][5.026s] GC(3) Pause Young (Normal) (G1 Evacuation Pause) 95M->28M(512M) 32.229ms
[2025-06-19T12:49:22.200+0000][5.026s] GC(3) User=0.21s Sys=0.00s Real=0.03s
[2025-06-19T12:49:22.613+0000][5.439s] GC(4) Pause Young (Concurrent Start) (Metadata GC Threshold)
[2025-06-19T12:49:22.613+0000][5.439s] GC(4) Using 9 workers of 9 for evacuation
[2025-06-19T12:49:22.619+0000][5.445s] GC(4)   Pre Evacuate Collection Set: 0.2ms
[2025-06-19T12:49:22.619+0000][5.445s] GC(4)   Evacuate Collection Set: 3.7ms
[2025-06-19T12:49:22.620+0000][5.445s] GC(4)   Post Evacuate Collection Set: 2.1ms
[2025-06-19T12:49:22.620+0000][5.445s] GC(4)   Other: 0.7ms
[2025-06-19T12:49:22.620+0000][5.446s] GC(4) Eden regions: 52->0(131)
[2025-06-19T12:49:22.620+0000][5.446s] GC(4) Survivor regions: 5->6(14)
[2025-06-19T12:49:22.620+0000][5.446s] GC(4) Old regions: 22->22
[2025-06-19T12:49:22.620+0000][5.446s] GC(4) Humongous regions: 4->4
[2025-06-19T12:49:22.620+0000][5.446s] GC(4) Metaspace: 34744K(35840K)->34744K(35840K) NonClass: 30588K(31232K)->30588K(31232K) Class: 4155K(4608K)->4155K(4608K)
[2025-06-19T12:49:22.620+0000][5.446s] GC(4) Pause Young (Concurrent Start) (Metadata GC Threshold) 80M->29M(512M) 6.881ms
[2025-06-19T12:49:22.620+0000][5.446s] GC(4) User=0.03s Sys=0.00s Real=0.01s
[2025-06-19T12:49:22.620+0000][5.446s] GC(5) Concurrent Cycle
[2025-06-19T12:49:22.621+0000][5.447s] GC(5) Concurrent Clear Claimed Marks
[2025-06-19T12:49:22.621+0000][5.447s] GC(5) Concurrent Clear Claimed Marks 0.234ms
[2025-06-19T12:49:22.621+0000][5.447s] GC(5) Concurrent Scan Root Regions
[2025-06-19T12:49:22.622+0000][5.448s] GC(5) Concurrent Scan Root Regions 1.385ms
[2025-06-19T12:49:22.623+0000][5.448s] GC(5) Concurrent Mark (5.448s)
[2025-06-19T12:49:22.623+0000][5.449s] GC(5) Concurrent Mark From Roots
[2025-06-19T12:49:22.623+0000][5.449s] GC(5) Using 2 workers of 2 for marking
[2025-06-19T12:49:22.634+0000][5.460s] GC(5) Concurrent Mark From Roots 11.195ms
[2025-06-19T12:49:22.634+0000][5.460s] GC(5) Concurrent Preclean
[2025-06-19T12:49:22.634+0000][5.460s] GC(5) Concurrent Preclean 0.166ms
[2025-06-19T12:49:22.634+0000][5.460s] GC(5) Concurrent Mark (5.448s, 5.460s) 11.746ms
[2025-06-19T12:49:22.635+0000][5.461s] GC(5) Pause Remark
[2025-06-19T12:49:22.639+0000][5.465s] GC(5) Cleaned string and symbol table, strings: 14894 processed, 32 removed, symbols: 100819 processed, 85 removed
[2025-06-19T12:49:22.640+0000][5.466s] GC(5) Pause Remark 30M->30M(512M) 5.170ms
[2025-06-19T12:49:22.640+0000][5.466s] GC(5) User=0.03s Sys=0.00s Real=0.00s
[2025-06-19T12:49:22.640+0000][5.466s] GC(5) Concurrent Rebuild Remembered Sets
[2025-06-19T12:49:22.645+0000][5.471s] GC(5) Concurrent Rebuild Remembered Sets 5.043ms
[2025-06-19T12:49:22.646+0000][5.472s] GC(5) Pause Cleanup
[2025-06-19T12:49:22.646+0000][5.472s] GC(5) Pause Cleanup 31M->31M(512M) 0.213ms
[2025-06-19T12:49:22.646+0000][5.472s] GC(5) User=0.00s Sys=0.00s Real=0.00s
[2025-06-19T12:49:22.646+0000][5.472s] GC(5) Concurrent Cleanup for Next Mark
[2025-06-19T12:49:22.648+0000][5.474s] GC(5) Concurrent Cleanup for Next Mark 1.911ms
[2025-06-19T12:49:22.648+0000][5.474s] GC(5) Concurrent Cycle 28.212ms
[2025-06-19T12:49:23.514+0000][6.340s] GC(6) Pause Young (Normal) (G1 Evacuation Pause)
[2025-06-19T12:49:23.514+0000][6.340s] GC(6) Using 9 workers of 9 for evacuation
[2025-06-19T12:49:23.530+0000][6.356s] GC(6)   Pre Evacuate Collection Set: 0.4ms
[2025-06-19T12:49:23.530+0000][6.356s] GC(6)   Evacuate Collection Set: 14.4ms
[2025-06-19T12:49:23.530+0000][6.356s] GC(6)   Post Evacuate Collection Set: 0.8ms
[2025-06-19T12:49:23.530+0000][6.356s] GC(6)   Other: 0.7ms
[2025-06-19T12:49:23.530+0000][6.356s] GC(6) Eden regions: 138->0(195)
[2025-06-19T12:49:23.530+0000][6.356s] GC(6) Survivor regions: 6->14(18)
[2025-06-19T12:49:23.530+0000][6.356s] GC(6) Old regions: 22->22
[2025-06-19T12:49:23.531+0000][6.356s] GC(6) Humongous regions: 5->4
[2025-06-19T12:49:23.531+0000][6.356s] GC(6) Metaspace: 42083K(43520K)->42083K(43520K) NonClass: 36998K(37888K)->36998K(37888K) Class: 5084K(5632K)->5084K(5632K)
[2025-06-19T12:49:23.531+0000][6.357s] GC(6) Pause Young (Normal) (G1 Evacuation Pause) 168M->37M(512M) 16.622ms
[2025-06-19T12:49:23.531+0000][6.357s] GC(6) User=0.12s Sys=0.00s Real=0.02s
