[2025-06-08T11:46:47.250+0000][0.008s] Heap region size: 1M
[2025-06-08T11:46:47.649+0000][0.407s] Using G1
[2025-06-08T11:46:47.649+0000][0.407s] Heap address: 0x00000000e0000000, size: 512 MB, Compressed Oops mode: 32-bit
[2025-06-08T11:46:47.650+0000][0.407s] Mark closed archive regions in map: [0x00000000fff00000, 0x00000000fff65ff8]
[2025-06-08T11:46:47.650+0000][0.408s] Mark open archive regions in map: [0x00000000ffe00000, 0x00000000ffe42ff8]
[2025-06-08T11:46:48.090+0000][0.848s] GC(0) Pause Young (Normal) (G1 Evacuation Pause)
[2025-06-08T11:46:48.091+0000][0.849s] GC(0) Using 9 workers of 9 for evacuation
[2025-06-08T11:46:48.100+0000][0.857s] GC(0)   Pre Evacuate Collection Set: 0.1ms
[2025-06-08T11:46:48.100+0000][0.857s] GC(0)   Evacuate Collection Set: 7.8ms
[2025-06-08T11:46:48.100+0000][0.857s] GC(0)   Post Evacuate Collection Set: 0.5ms
[2025-06-08T11:46:48.100+0000][0.857s] GC(0)   Other: 1.2ms
[2025-06-08T11:46:48.100+0000][0.858s] GC(0) Eden regions: 30->0(303)
[2025-06-08T11:46:48.100+0000][0.858s] GC(0) Survivor regions: 0->4(4)
[2025-06-08T11:46:48.100+0000][0.858s] GC(0) Old regions: 2->2
[2025-06-08T11:46:48.100+0000][0.858s] GC(0) Humongous regions: 0->0
[2025-06-08T11:46:48.100+0000][0.858s] GC(0) Metaspace: 9383K(9856K)->9383K(9856K) NonClass: 8214K(8448K)->8214K(8448K) Class: 1168K(1408K)->1168K(1408K)
[2025-06-08T11:46:48.100+0000][0.858s] GC(0) Pause Young (Normal) (G1 Evacuation Pause) 30M->4M(512M) 9.925ms
[2025-06-08T11:46:48.100+0000][0.858s] GC(0) User=0.06s Sys=0.00s Real=0.01s
[2025-06-08T11:46:48.838+0000][1.596s] GC(1) Pause Young (Concurrent Start) (Metadata GC Threshold)
[2025-06-08T11:46:48.838+0000][1.596s] GC(1) Using 9 workers of 9 for evacuation
[2025-06-08T11:46:48.848+0000][1.605s] GC(1)   Pre Evacuate Collection Set: 0.1ms
[2025-06-08T11:46:48.848+0000][1.605s] GC(1)   Evacuate Collection Set: 8.2ms
[2025-06-08T11:46:48.848+0000][1.605s] GC(1)   Post Evacuate Collection Set: 0.9ms
[2025-06-08T11:46:48.848+0000][1.606s] GC(1)   Other: 0.6ms
[2025-06-08T11:46:48.848+0000][1.606s] GC(1) Eden regions: 82->0(76)
[2025-06-08T11:46:48.848+0000][1.606s] GC(1) Survivor regions: 4->20(39)
[2025-06-08T11:46:48.848+0000][1.606s] GC(1) Old regions: 2->2
[2025-06-08T11:46:48.848+0000][1.606s] GC(1) Humongous regions: 4->4
[2025-06-08T11:46:48.848+0000][1.606s] GC(1) Metaspace: 20472K(21248K)->20472K(21248K) NonClass: 17985K(18432K)->17985K(18432K) Class: 2486K(2816K)->2486K(2816K)
[2025-06-08T11:46:48.848+0000][1.606s] GC(1) Pause Young (Concurrent Start) (Metadata GC Threshold) 89M->24M(512M) 10.056ms
[2025-06-08T11:46:48.848+0000][1.606s] GC(1) User=0.05s Sys=0.00s Real=0.01s
[2025-06-08T11:46:48.848+0000][1.606s] GC(2) Concurrent Cycle
[2025-06-08T11:46:48.849+0000][1.606s] GC(2) Concurrent Clear Claimed Marks
[2025-06-08T11:46:48.849+0000][1.606s] GC(2) Concurrent Clear Claimed Marks 0.205ms
[2025-06-08T11:46:48.849+0000][1.607s] GC(2) Concurrent Scan Root Regions
[2025-06-08T11:46:48.853+0000][1.610s] GC(2) Concurrent Scan Root Regions 3.741ms
[2025-06-08T11:46:48.853+0000][1.610s] GC(2) Concurrent Mark (1.610s)
[2025-06-08T11:46:48.853+0000][1.611s] GC(2) Concurrent Mark From Roots
[2025-06-08T11:46:48.853+0000][1.611s] GC(2) Using 2 workers of 2 for marking
[2025-06-08T11:46:48.857+0000][1.614s] GC(2) Concurrent Mark From Roots 3.920ms
[2025-06-08T11:46:48.857+0000][1.615s] GC(2) Concurrent Preclean
[2025-06-08T11:46:48.857+0000][1.615s] GC(2) Concurrent Preclean 0.305ms
[2025-06-08T11:46:48.857+0000][1.615s] GC(2) Concurrent Mark (1.610s, 1.615s) 4.550ms
[2025-06-08T11:46:48.858+0000][1.615s] GC(2) Pause Remark
[2025-06-08T11:46:48.861+0000][1.619s] GC(2) Cleaned string and symbol table, strings: 9025 processed, 0 removed, symbols: 57770 processed, 32 removed
[2025-06-08T11:46:48.861+0000][1.619s] GC(2) Pause Remark 25M->25M(512M) 3.612ms
[2025-06-08T11:46:48.861+0000][1.619s] GC(2) User=0.02s Sys=0.00s Real=0.00s
[2025-06-08T11:46:48.861+0000][1.619s] GC(2) Concurrent Rebuild Remembered Sets
[2025-06-08T11:46:48.863+0000][1.620s] GC(2) Concurrent Rebuild Remembered Sets 1.410ms
[2025-06-08T11:46:48.863+0000][1.621s] GC(2) Pause Cleanup
[2025-06-08T11:46:48.863+0000][1.621s] GC(2) Pause Cleanup 25M->25M(512M) 0.218ms
[2025-06-08T11:46:48.863+0000][1.621s] GC(2) User=0.01s Sys=0.00s Real=0.00s
[2025-06-08T11:46:48.864+0000][1.621s] GC(2) Concurrent Cleanup for Next Mark
[2025-06-08T11:46:48.864+0000][1.621s] GC(2) Concurrent Cleanup for Next Mark 0.189ms
[2025-06-08T11:46:48.864+0000][1.621s] GC(2) Concurrent Cycle 15.647ms
[2025-06-08T11:46:49.353+0000][2.111s] GC(3) Pause Young (Normal) (G1 Evacuation Pause)
[2025-06-08T11:46:49.353+0000][2.111s] GC(3) Using 9 workers of 9 for evacuation
[2025-06-08T11:46:49.370+0000][2.128s] GC(3)   Pre Evacuate Collection Set: 0.0ms
[2025-06-08T11:46:49.370+0000][2.128s] GC(3)   Evacuate Collection Set: 15.7ms
[2025-06-08T11:46:49.370+0000][2.128s] GC(3)   Post Evacuate Collection Set: 0.8ms
[2025-06-08T11:46:49.370+0000][2.128s] GC(3)   Other: 0.3ms
[2025-06-08T11:46:49.371+0000][2.128s] GC(3) Eden regions: 67->0(100)
[2025-06-08T11:46:49.371+0000][2.128s] GC(3) Survivor regions: 20->4(11)
[2025-06-08T11:46:49.371+0000][2.128s] GC(3) Old regions: 2->22
[2025-06-08T11:46:49.371+0000][2.128s] GC(3) Humongous regions: 4->4
[2025-06-08T11:46:49.371+0000][2.128s] GC(3) Metaspace: 28358K(29312K)->28358K(29312K) NonClass: 24978K(25600K)->24978K(25600K) Class: 3379K(3712K)->3379K(3712K)
[2025-06-08T11:46:49.371+0000][2.128s] GC(3) Pause Young (Normal) (G1 Evacuation Pause) 91M->27M(512M) 17.413ms
[2025-06-08T11:46:49.371+0000][2.128s] GC(3) User=0.12s Sys=0.00s Real=0.01s
[2025-06-08T11:46:49.688+0000][2.446s] GC(4) Pause Young (Concurrent Start) (Metadata GC Threshold)
[2025-06-08T11:46:49.688+0000][2.446s] GC(4) Using 9 workers of 9 for evacuation
[2025-06-08T11:46:49.693+0000][2.450s] GC(4)   Pre Evacuate Collection Set: 0.1ms
[2025-06-08T11:46:49.693+0000][2.450s] GC(4)   Evacuate Collection Set: 3.9ms
[2025-06-08T11:46:49.693+0000][2.450s] GC(4)   Post Evacuate Collection Set: 0.6ms
[2025-06-08T11:46:49.693+0000][2.451s] GC(4)   Other: 0.3ms
[2025-06-08T11:46:49.693+0000][2.451s] GC(4) Eden regions: 63->0(134)
[2025-06-08T11:46:49.693+0000][2.451s] GC(4) Survivor regions: 4->6(13)
[2025-06-08T11:46:49.693+0000][2.451s] GC(4) Old regions: 22->22
[2025-06-08T11:46:49.693+0000][2.451s] GC(4) Humongous regions: 4->4
[2025-06-08T11:46:49.693+0000][2.451s] GC(4) Metaspace: 34709K(35840K)->34709K(35840K) NonClass: 30564K(31232K)->30564K(31232K) Class: 4144K(4608K)->4144K(4608K)
[2025-06-08T11:46:49.693+0000][2.451s] GC(4) Pause Young (Concurrent Start) (Metadata GC Threshold) 90M->29M(512M) 5.271ms
[2025-06-08T11:46:49.693+0000][2.451s] GC(4) User=0.03s Sys=0.00s Real=0.01s
[2025-06-08T11:46:49.693+0000][2.451s] GC(5) Concurrent Cycle
[2025-06-08T11:46:49.693+0000][2.451s] GC(5) Concurrent Clear Claimed Marks
[2025-06-08T11:46:49.694+0000][2.451s] GC(5) Concurrent Clear Claimed Marks 0.155ms
[2025-06-08T11:46:49.694+0000][2.451s] GC(5) Concurrent Scan Root Regions
[2025-06-08T11:46:49.695+0000][2.453s] GC(5) Concurrent Scan Root Regions 1.322ms
[2025-06-08T11:46:49.695+0000][2.453s] GC(5) Concurrent Mark (2.453s)
[2025-06-08T11:46:49.695+0000][2.453s] GC(5) Concurrent Mark From Roots
[2025-06-08T11:46:49.695+0000][2.453s] GC(5) Using 2 workers of 2 for marking
[2025-06-08T11:46:49.704+0000][2.461s] GC(5) Concurrent Mark From Roots 8.369ms
[2025-06-08T11:46:49.704+0000][2.461s] GC(5) Concurrent Preclean
[2025-06-08T11:46:49.704+0000][2.461s] GC(5) Concurrent Preclean 0.153ms
[2025-06-08T11:46:49.704+0000][2.461s] GC(5) Concurrent Mark (2.453s, 2.461s) 8.764ms
[2025-06-08T11:46:49.704+0000][2.462s] GC(5) Pause Remark
[2025-06-08T11:46:49.706+0000][2.464s] GC(5) Cleaned string and symbol table, strings: 14903 processed, 32 removed, symbols: 100753 processed, 83 removed
[2025-06-08T11:46:49.706+0000][2.464s] GC(5) Pause Remark 33M->33M(512M) 2.271ms
[2025-06-08T11:46:49.706+0000][2.464s] GC(5) User=0.01s Sys=0.00s Real=0.00s
[2025-06-08T11:46:49.707+0000][2.464s] GC(5) Concurrent Rebuild Remembered Sets
[2025-06-08T11:46:49.711+0000][2.469s] GC(5) Concurrent Rebuild Remembered Sets 4.735ms
[2025-06-08T11:46:49.712+0000][2.469s] GC(5) Pause Cleanup
[2025-06-08T11:46:49.712+0000][2.469s] GC(5) Pause Cleanup 35M->35M(512M) 0.147ms
[2025-06-08T11:46:49.712+0000][2.469s] GC(5) User=0.00s Sys=0.00s Real=0.00s
[2025-06-08T11:46:49.712+0000][2.469s] GC(5) Concurrent Cleanup for Next Mark
[2025-06-08T11:46:49.712+0000][2.470s] GC(5) Concurrent Cleanup for Next Mark 0.299ms
[2025-06-08T11:46:49.712+0000][2.470s] GC(5) Concurrent Cycle 18.926ms
[2025-06-08T11:46:50.274+0000][3.031s] GC(6) Pause Young (Normal) (G1 Evacuation Pause)
[2025-06-08T11:46:50.274+0000][3.031s] GC(6) Using 9 workers of 9 for evacuation
[2025-06-08T11:46:50.283+0000][3.040s] GC(6)   Pre Evacuate Collection Set: 0.3ms
[2025-06-08T11:46:50.283+0000][3.041s] GC(6)   Evacuate Collection Set: 7.3ms
[2025-06-08T11:46:50.283+0000][3.041s] GC(6)   Post Evacuate Collection Set: 1.4ms
[2025-06-08T11:46:50.283+0000][3.041s] GC(6)   Other: 0.3ms
[2025-06-08T11:46:50.283+0000][3.041s] GC(6) Eden regions: 141->0(211)
[2025-06-08T11:46:50.283+0000][3.041s] GC(6) Survivor regions: 6->14(19)
[2025-06-08T11:46:50.284+0000][3.041s] GC(6) Old regions: 22->22
[2025-06-08T11:46:50.284+0000][3.041s] GC(6) Humongous regions: 5->4
[2025-06-08T11:46:50.284+0000][3.041s] GC(6) Metaspace: 42033K(43520K)->42033K(43520K) NonClass: 36963K(37888K)->36963K(37888K) Class: 5070K(5632K)->5070K(5632K)
[2025-06-08T11:46:50.284+0000][3.041s] GC(6) Pause Young (Normal) (G1 Evacuation Pause) 171M->38M(512M) 10.171ms
[2025-06-08T11:46:50.284+0000][3.041s] GC(6) User=0.05s Sys=0.00s Real=0.01s
[2025-06-08T11:46:55.438+0000][8.196s] Heap
[2025-06-08T11:46:55.441+0000][8.198s]  garbage-first heap   total 524288K, used 122949K [0x00000000e0000000, 0x0000000100000000)
[2025-06-08T11:46:55.441+0000][8.198s]   region size 1024K, 97 young (99328K), 14 survivors (14336K)
[2025-06-08T11:46:55.441+0000][8.198s]  Metaspace       used 47548K, capacity 48753K, committed 48896K, reserved 1091584K
[2025-06-08T11:46:55.441+0000][8.198s]   class space    used 5814K, capacity 6315K, committed 6400K, reserved 1048576K
