[2025-06-08T12:00:42.190+0000][0.020s] Heap region size: 1M
[2025-06-08T12:00:42.619+0000][0.449s] Using G1
[2025-06-08T12:00:42.619+0000][0.449s] Heap address: 0x00000000e0000000, size: 512 MB, Compressed Oops mode: 32-bit
[2025-06-08T12:00:42.619+0000][0.450s] Mark closed archive regions in map: [0x00000000fff00000, 0x00000000fff65ff8]
[2025-06-08T12:00:42.619+0000][0.450s] Mark open archive regions in map: [0x00000000ffe00000, 0x00000000ffe42ff8]
[2025-06-08T12:00:43.193+0000][1.023s] GC(0) Pause Young (Normal) (G1 Evacuation Pause)
[2025-06-08T12:00:43.194+0000][1.024s] GC(0) Using 9 workers of 9 for evacuation
[2025-06-08T12:00:43.201+0000][1.032s] GC(0)   Pre Evacuate Collection Set: 0.0ms
[2025-06-08T12:00:43.201+0000][1.032s] GC(0)   Evacuate Collection Set: 6.6ms
[2025-06-08T12:00:43.201+0000][1.032s] GC(0)   Post Evacuate Collection Set: 0.7ms
[2025-06-08T12:00:43.202+0000][1.032s] GC(0)   Other: 1.5ms
[2025-06-08T12:00:43.202+0000][1.032s] GC(0) Eden regions: 30->0(303)
[2025-06-08T12:00:43.202+0000][1.032s] GC(0) Survivor regions: 0->4(4)
[2025-06-08T12:00:43.202+0000][1.032s] GC(0) Old regions: 2->2
[2025-06-08T12:00:43.202+0000][1.032s] GC(0) Humongous regions: 0->0
[2025-06-08T12:00:43.202+0000][1.032s] GC(0) Metaspace: 9430K(10112K)->9430K(10112K) NonClass: 8260K(8704K)->8260K(8704K) Class: 1169K(1408K)->1169K(1408K)
[2025-06-08T12:00:43.202+0000][1.032s] GC(0) Pause Young (Normal) (G1 Evacuation Pause) 30M->4M(512M) 9.076ms
[2025-06-08T12:00:43.202+0000][1.032s] GC(0) User=0.05s Sys=0.00s Real=0.01s
[2025-06-08T12:00:44.120+0000][1.950s] GC(1) Pause Young (Concurrent Start) (Metadata GC Threshold)
[2025-06-08T12:00:44.120+0000][1.950s] GC(1) Using 9 workers of 9 for evacuation
[2025-06-08T12:00:44.141+0000][1.971s] GC(1)   Pre Evacuate Collection Set: 0.1ms
[2025-06-08T12:00:44.141+0000][1.971s] GC(1)   Evacuate Collection Set: 18.1ms
[2025-06-08T12:00:44.141+0000][1.971s] GC(1)   Post Evacuate Collection Set: 1.5ms
[2025-06-08T12:00:44.141+0000][1.971s] GC(1)   Other: 1.3ms
[2025-06-08T12:00:44.141+0000][1.971s] GC(1) Eden regions: 82->0(76)
[2025-06-08T12:00:44.141+0000][1.971s] GC(1) Survivor regions: 4->20(39)
[2025-06-08T12:00:44.141+0000][1.971s] GC(1) Old regions: 2->2
[2025-06-08T12:00:44.141+0000][1.971s] GC(1) Humongous regions: 4->4
[2025-06-08T12:00:44.141+0000][1.971s] GC(1) Metaspace: 20497K(21248K)->20497K(21248K) NonClass: 18010K(18432K)->18010K(18432K) Class: 2486K(2816K)->2486K(2816K)
[2025-06-08T12:00:44.141+0000][1.971s] GC(1) Pause Young (Concurrent Start) (Metadata GC Threshold) 89M->24M(512M) 21.566ms
[2025-06-08T12:00:44.141+0000][1.971s] GC(1) User=0.12s Sys=0.00s Real=0.02s
[2025-06-08T12:00:44.141+0000][1.972s] GC(2) Concurrent Cycle
[2025-06-08T12:00:44.142+0000][1.973s] GC(2) Concurrent Clear Claimed Marks
[2025-06-08T12:00:44.142+0000][1.973s] GC(2) Concurrent Clear Claimed Marks 0.237ms
[2025-06-08T12:00:44.143+0000][1.973s] GC(2) Concurrent Scan Root Regions
[2025-06-08T12:00:44.145+0000][1.976s] GC(2) Concurrent Scan Root Regions 2.823ms
[2025-06-08T12:00:44.146+0000][1.976s] GC(2) Concurrent Mark (1.976s)
[2025-06-08T12:00:44.146+0000][1.976s] GC(2) Concurrent Mark From Roots
[2025-06-08T12:00:44.146+0000][1.976s] GC(2) Using 2 workers of 2 for marking
[2025-06-08T12:00:44.151+0000][1.981s] GC(2) Concurrent Mark From Roots 4.806ms
[2025-06-08T12:00:44.151+0000][1.981s] GC(2) Concurrent Preclean
[2025-06-08T12:00:44.151+0000][1.981s] GC(2) Concurrent Preclean 0.414ms
[2025-06-08T12:00:44.151+0000][1.981s] GC(2) Concurrent Mark (1.976s, 1.981s) 5.486ms
[2025-06-08T12:00:44.151+0000][1.982s] GC(2) Pause Remark
[2025-06-08T12:00:44.153+0000][1.984s] GC(2) Cleaned string and symbol table, strings: 9033 processed, 0 removed, symbols: 57783 processed, 32 removed
[2025-06-08T12:00:44.154+0000][1.984s] GC(2) Pause Remark 25M->25M(512M) 2.372ms
[2025-06-08T12:00:44.154+0000][1.984s] GC(2) User=0.01s Sys=0.00s Real=0.00s
[2025-06-08T12:00:44.154+0000][1.984s] GC(2) Concurrent Rebuild Remembered Sets
[2025-06-08T12:00:44.155+0000][1.985s] GC(2) Concurrent Rebuild Remembered Sets 0.919ms
[2025-06-08T12:00:44.155+0000][1.985s] GC(2) Pause Cleanup
[2025-06-08T12:00:44.155+0000][1.986s] GC(2) Pause Cleanup 25M->25M(512M) 0.189ms
[2025-06-08T12:00:44.155+0000][1.986s] GC(2) User=0.00s Sys=0.00s Real=0.00s
[2025-06-08T12:00:44.155+0000][1.986s] GC(2) Concurrent Cleanup for Next Mark
[2025-06-08T12:00:44.156+0000][1.986s] GC(2) Concurrent Cleanup for Next Mark 0.187ms
[2025-06-08T12:00:44.156+0000][1.986s] GC(2) Concurrent Cycle 14.379ms
[2025-06-08T12:00:44.748+0000][2.578s] GC(3) Pause Young (Normal) (G1 Evacuation Pause)
[2025-06-08T12:00:44.748+0000][2.578s] GC(3) Using 9 workers of 9 for evacuation
[2025-06-08T12:00:44.774+0000][2.605s] GC(3)   Pre Evacuate Collection Set: 0.1ms
[2025-06-08T12:00:44.774+0000][2.605s] GC(3)   Evacuate Collection Set: 23.5ms
[2025-06-08T12:00:44.774+0000][2.605s] GC(3)   Post Evacuate Collection Set: 2.4ms
[2025-06-08T12:00:44.774+0000][2.605s] GC(3)   Other: 0.4ms
[2025-06-08T12:00:44.775+0000][2.605s] GC(3) Eden regions: 60->0(98)
[2025-06-08T12:00:44.775+0000][2.605s] GC(3) Survivor regions: 20->4(10)
[2025-06-08T12:00:44.775+0000][2.605s] GC(3) Old regions: 2->22
[2025-06-08T12:00:44.775+0000][2.605s] GC(3) Humongous regions: 4->4
[2025-06-08T12:00:44.775+0000][2.605s] GC(3) Metaspace: 28458K(29312K)->28458K(29312K) NonClass: 25064K(25600K)->25064K(25600K) Class: 3394K(3712K)->3394K(3712K)
[2025-06-08T12:00:44.775+0000][2.605s] GC(3) Pause Young (Normal) (G1 Evacuation Pause) 84M->27M(512M) 26.812ms
[2025-06-08T12:00:44.775+0000][2.605s] GC(3) User=0.16s Sys=0.00s Real=0.03s
[2025-06-08T12:00:45.234+0000][3.064s] GC(4) Pause Young (Concurrent Start) (Metadata GC Threshold)
[2025-06-08T12:00:45.234+0000][3.064s] GC(4) Using 9 workers of 9 for evacuation
[2025-06-08T12:00:45.248+0000][3.079s] GC(4)   Pre Evacuate Collection Set: 0.1ms
[2025-06-08T12:00:45.248+0000][3.079s] GC(4)   Evacuate Collection Set: 11.8ms
[2025-06-08T12:00:45.248+0000][3.079s] GC(4)   Post Evacuate Collection Set: 2.0ms
[2025-06-08T12:00:45.249+0000][3.079s] GC(4)   Other: 0.6ms
[2025-06-08T12:00:45.249+0000][3.079s] GC(4) Eden regions: 63->0(118)
[2025-06-08T12:00:45.249+0000][3.079s] GC(4) Survivor regions: 4->6(13)
[2025-06-08T12:00:45.249+0000][3.079s] GC(4) Old regions: 22->22
[2025-06-08T12:00:45.249+0000][3.079s] GC(4) Humongous regions: 4->4
[2025-06-08T12:00:45.249+0000][3.079s] GC(4) Metaspace: 34732K(35840K)->34732K(35840K) NonClass: 30579K(31232K)->30579K(31232K) Class: 4153K(4608K)->4153K(4608K)
[2025-06-08T12:00:45.249+0000][3.079s] GC(4) Pause Young (Concurrent Start) (Metadata GC Threshold) 90M->29M(512M) 15.301ms
[2025-06-08T12:00:45.249+0000][3.079s] GC(4) User=0.05s Sys=0.01s Real=0.02s
[2025-06-08T12:00:45.249+0000][3.080s] GC(5) Concurrent Cycle
[2025-06-08T12:00:45.250+0000][3.080s] GC(5) Concurrent Clear Claimed Marks
[2025-06-08T12:00:45.250+0000][3.080s] GC(5) Concurrent Clear Claimed Marks 0.208ms
[2025-06-08T12:00:45.251+0000][3.081s] GC(5) Concurrent Scan Root Regions
[2025-06-08T12:00:45.253+0000][3.083s] GC(5) Concurrent Scan Root Regions 2.256ms
[2025-06-08T12:00:45.253+0000][3.083s] GC(5) Concurrent Mark (3.083s)
[2025-06-08T12:00:45.254+0000][3.084s] GC(5) Concurrent Mark From Roots
[2025-06-08T12:00:45.255+0000][3.085s] GC(5) Using 2 workers of 2 for marking
[2025-06-08T12:00:45.269+0000][3.099s] GC(5) Concurrent Mark From Roots 15.012ms
[2025-06-08T12:00:45.269+0000][3.099s] GC(5) Concurrent Preclean
[2025-06-08T12:00:45.269+0000][3.100s] GC(5) Concurrent Preclean 0.324ms
[2025-06-08T12:00:45.270+0000][3.100s] GC(5) Concurrent Mark (3.083s, 3.100s) 16.630ms
[2025-06-08T12:00:45.270+0000][3.100s] GC(5) Pause Remark
[2025-06-08T12:00:45.272+0000][3.103s] GC(5) Cleaned string and symbol table, strings: 14917 processed, 32 removed, symbols: 100798 processed, 82 removed
[2025-06-08T12:00:45.273+0000][3.103s] GC(5) Pause Remark 31M->31M(512M) 2.943ms
[2025-06-08T12:00:45.273+0000][3.103s] GC(5) User=0.01s Sys=0.00s Real=0.00s
[2025-06-08T12:00:45.273+0000][3.103s] GC(5) Concurrent Rebuild Remembered Sets
[2025-06-08T12:00:45.279+0000][3.109s] GC(5) Concurrent Rebuild Remembered Sets 6.226ms
[2025-06-08T12:00:45.279+0000][3.110s] GC(5) Pause Cleanup
[2025-06-08T12:00:45.279+0000][3.110s] GC(5) Pause Cleanup 32M->32M(512M) 0.125ms
[2025-06-08T12:00:45.280+0000][3.110s] GC(5) User=0.00s Sys=0.00s Real=0.00s
[2025-06-08T12:00:45.280+0000][3.110s] GC(5) Concurrent Cleanup for Next Mark
[2025-06-08T12:00:45.280+0000][3.111s] GC(5) Concurrent Cleanup for Next Mark 0.755ms
[2025-06-08T12:00:45.280+0000][3.111s] GC(5) Concurrent Cycle 31.157ms
[2025-06-08T12:00:45.933+0000][3.764s] GC(6) Pause Young (Normal) (G1 Evacuation Pause)
[2025-06-08T12:00:45.933+0000][3.764s] GC(6) Using 9 workers of 9 for evacuation
[2025-06-08T12:00:45.949+0000][3.780s] GC(6)   Pre Evacuate Collection Set: 0.0ms
[2025-06-08T12:00:45.949+0000][3.780s] GC(6)   Evacuate Collection Set: 15.3ms
[2025-06-08T12:00:45.950+0000][3.780s] GC(6)   Post Evacuate Collection Set: 0.5ms
[2025-06-08T12:00:45.950+0000][3.780s] GC(6)   Other: 0.2ms
[2025-06-08T12:00:45.950+0000][3.780s] GC(6) Eden regions: 122->0(167)
[2025-06-08T12:00:45.950+0000][3.780s] GC(6) Survivor regions: 6->14(16)
[2025-06-08T12:00:45.950+0000][3.780s] GC(6) Old regions: 22->22
[2025-06-08T12:00:45.950+0000][3.780s] GC(6) Humongous regions: 5->4
[2025-06-08T12:00:45.950+0000][3.780s] GC(6) Metaspace: 41675K(42880K)->41675K(42880K) NonClass: 36621K(37376K)->36621K(37376K) Class: 5054K(5504K)->5054K(5504K)
[2025-06-08T12:00:45.950+0000][3.780s] GC(6) Pause Young (Normal) (G1 Evacuation Pause) 152M->37M(512M) 16.680ms
[2025-06-08T12:00:45.950+0000][3.780s] GC(6) User=0.09s Sys=0.01s Real=0.02s
[2025-06-08T12:03:39.699+0000][177.529s] GC(7) Pause Young (Normal) (G1 Evacuation Pause)
[2025-06-08T12:03:39.699+0000][177.529s] GC(7) Using 9 workers of 9 for evacuation
[2025-06-08T12:03:39.745+0000][177.574s] GC(7)   Pre Evacuate Collection Set: 1.5ms
[2025-06-08T12:03:39.745+0000][177.574s] GC(7)   Evacuate Collection Set: 39.3ms
[2025-06-08T12:03:39.745+0000][177.574s] GC(7)   Post Evacuate Collection Set: 3.9ms
[2025-06-08T12:03:39.745+0000][177.575s] GC(7)   Other: 1.1ms
[2025-06-08T12:03:39.745+0000][177.575s] GC(7) Eden regions: 167->0(289)
[2025-06-08T12:03:39.745+0000][177.575s] GC(7) Survivor regions: 14->18(23)
[2025-06-08T12:03:39.745+0000][177.575s] GC(7) Old regions: 22->24
[2025-06-08T12:03:39.745+0000][177.575s] GC(7) Humongous regions: 7->7
[2025-06-08T12:03:39.745+0000][177.575s] GC(7) Metaspace: 52267K(53760K)->52267K(53760K) NonClass: 46128K(47104K)->46128K(47104K) Class: 6139K(6656K)->6139K(6656K)
[2025-06-08T12:03:39.746+0000][177.575s] GC(7) Pause Young (Normal) (G1 Evacuation Pause) 207M->46M(512M) 46.759ms
[2025-06-08T12:03:39.746+0000][177.575s] GC(7) User=0.36s Sys=0.00s Real=0.05s
[2025-06-08T12:04:11.429+0000][209.257s] GC(8) Pause Young (Normal) (G1 Evacuation Pause)
[2025-06-08T12:04:11.430+0000][209.257s] GC(8) Using 9 workers of 9 for evacuation
[2025-06-08T12:04:11.466+0000][209.293s] GC(8)   Pre Evacuate Collection Set: 1.3ms
[2025-06-08T12:04:11.466+0000][209.293s] GC(8)   Evacuate Collection Set: 30.4ms
[2025-06-08T12:04:11.466+0000][209.293s] GC(8)   Post Evacuate Collection Set: 2.4ms
[2025-06-08T12:04:11.466+0000][209.293s] GC(8)   Other: 2.4ms
[2025-06-08T12:04:11.466+0000][209.293s] GC(8) Eden regions: 289->0(288)
[2025-06-08T12:04:11.466+0000][209.293s] GC(8) Survivor regions: 18->19(39)
[2025-06-08T12:04:11.466+0000][209.293s] GC(8) Old regions: 24->24
[2025-06-08T12:04:11.466+0000][209.293s] GC(8) Humongous regions: 7->7
[2025-06-08T12:04:11.466+0000][209.294s] GC(8) Metaspace: 53406K(54912K)->53406K(54912K) NonClass: 47184K(48128K)->47184K(48128K) Class: 6222K(6784K)->6222K(6784K)
[2025-06-08T12:04:11.466+0000][209.294s] GC(8) Pause Young (Normal) (G1 Evacuation Pause) 335M->48M(512M) 37.138ms
[2025-06-08T12:04:11.467+0000][209.294s] GC(8) User=0.28s Sys=0.00s Real=0.04s
[2025-06-08T12:04:40.523+0000][238.350s] GC(9) Pause Young (Normal) (G1 Evacuation Pause)
[2025-06-08T12:04:40.524+0000][238.351s] GC(9) Using 9 workers of 9 for evacuation
[2025-06-08T12:04:40.568+0000][238.395s] GC(9)   Pre Evacuate Collection Set: 0.9ms
[2025-06-08T12:04:40.568+0000][238.395s] GC(9)   Evacuate Collection Set: 38.6ms
[2025-06-08T12:04:40.568+0000][238.395s] GC(9)   Post Evacuate Collection Set: 4.3ms
[2025-06-08T12:04:40.568+0000][238.395s] GC(9)   Other: 0.9ms
[2025-06-08T12:04:40.568+0000][238.395s] GC(9) Eden regions: 288->0(288)
[2025-06-08T12:04:40.568+0000][238.395s] GC(9) Survivor regions: 19->19(39)
[2025-06-08T12:04:40.568+0000][238.395s] GC(9) Old regions: 24->24
[2025-06-08T12:04:40.568+0000][238.395s] GC(9) Humongous regions: 7->7
[2025-06-08T12:04:40.568+0000][238.396s] GC(9) Metaspace: 53609K(54912K)->53609K(54912K) NonClass: 47382K(48128K)->47382K(48128K) Class: 6227K(6784K)->6227K(6784K)
[2025-06-08T12:04:40.568+0000][238.396s] GC(9) Pause Young (Normal) (G1 Evacuation Pause) 336M->48M(512M) 45.213ms
[2025-06-08T12:04:40.569+0000][238.396s] GC(9) User=0.34s Sys=0.01s Real=0.04s
[2025-06-08T12:16:48.466+0000][966.286s] GC(10) Pause Young (Normal) (G1 Evacuation Pause)
[2025-06-08T12:16:48.467+0000][966.287s] GC(10) Using 9 workers of 9 for evacuation
[2025-06-08T12:16:48.511+0000][966.331s] GC(10)   Pre Evacuate Collection Set: 2.4ms
[2025-06-08T12:16:48.511+0000][966.331s] GC(10)   Evacuate Collection Set: 38.1ms
[2025-06-08T12:16:48.511+0000][966.331s] GC(10)   Post Evacuate Collection Set: 2.7ms
[2025-06-08T12:16:48.511+0000][966.331s] GC(10)   Other: 1.2ms
[2025-06-08T12:16:48.511+0000][966.331s] GC(10) Eden regions: 288->0(287)
[2025-06-08T12:16:48.511+0000][966.331s] GC(10) Survivor regions: 19->20(39)
[2025-06-08T12:16:48.511+0000][966.331s] GC(10) Old regions: 24->24
[2025-06-08T12:16:48.511+0000][966.331s] GC(10) Humongous regions: 7->7
[2025-06-08T12:16:48.511+0000][966.331s] GC(10) Metaspace: 54201K(55808K)->54201K(55808K) NonClass: 47912K(48896K)->47912K(48896K) Class: 6289K(6912K)->6289K(6912K)
[2025-06-08T12:16:48.511+0000][966.331s] GC(10) Pause Young (Normal) (G1 Evacuation Pause) 336M->48M(512M) 44.769ms
[2025-06-08T12:16:48.511+0000][966.331s] GC(10) User=0.32s Sys=0.00s Real=0.05s
[2025-06-08T12:17:18.681+0000][996.501s] GC(11) Pause Young (Normal) (G1 Evacuation Pause)
[2025-06-08T12:17:18.682+0000][996.501s] GC(11) Using 9 workers of 9 for evacuation
[2025-06-08T12:17:18.718+0000][996.538s] GC(11)   Pre Evacuate Collection Set: 0.7ms
[2025-06-08T12:17:18.718+0000][996.538s] GC(11)   Evacuate Collection Set: 33.7ms
[2025-06-08T12:17:18.718+0000][996.538s] GC(11)   Post Evacuate Collection Set: 1.9ms
[2025-06-08T12:17:18.718+0000][996.538s] GC(11)   Other: 0.6ms
[2025-06-08T12:17:18.718+0000][996.538s] GC(11) Eden regions: 287->0(289)
[2025-06-08T12:17:18.719+0000][996.538s] GC(11) Survivor regions: 20->18(39)
[2025-06-08T12:17:18.719+0000][996.538s] GC(11) Old regions: 24->24
[2025-06-08T12:17:18.719+0000][996.538s] GC(11) Humongous regions: 7->7
[2025-06-08T12:17:18.719+0000][996.538s] GC(11) Metaspace: 54278K(55808K)->54278K(55808K) NonClass: 47987K(48896K)->47987K(48896K) Class: 6291K(6912K)->6291K(6912K)
[2025-06-08T12:17:18.719+0000][996.538s] GC(11) Pause Young (Normal) (G1 Evacuation Pause) 335M->46M(512M) 37.378ms
[2025-06-08T12:17:18.719+0000][996.538s] GC(11) User=0.30s Sys=0.00s Real=0.03s
[2025-06-08T12:17:46.883+0000][1024.703s] GC(12) Pause Young (Normal) (G1 Evacuation Pause)
[2025-06-08T12:17:46.884+0000][1024.703s] GC(12) Using 9 workers of 9 for evacuation
[2025-06-08T12:17:46.926+0000][1024.745s] GC(12)   Pre Evacuate Collection Set: 0.8ms
[2025-06-08T12:17:46.926+0000][1024.745s] GC(12)   Evacuate Collection Set: 35.4ms
[2025-06-08T12:17:46.926+0000][1024.745s] GC(12)   Post Evacuate Collection Set: 5.4ms
[2025-06-08T12:17:46.926+0000][1024.745s] GC(12)   Other: 0.6ms
[2025-06-08T12:17:46.926+0000][1024.745s] GC(12) Eden regions: 289->0(287)
[2025-06-08T12:17:46.926+0000][1024.746s] GC(12) Survivor regions: 18->20(39)
[2025-06-08T12:17:46.926+0000][1024.746s] GC(12) Old regions: 24->24
[2025-06-08T12:17:46.926+0000][1024.746s] GC(12) Humongous regions: 7->7
[2025-06-08T12:17:46.926+0000][1024.746s] GC(12) Metaspace: 54355K(55808K)->54355K(55808K) NonClass: 48062K(48896K)->48062K(48896K) Class: 6293K(6912K)->6293K(6912K)
[2025-06-08T12:17:46.926+0000][1024.746s] GC(12) Pause Young (Normal) (G1 Evacuation Pause) 335M->48M(512M) 42.891ms
[2025-06-08T12:17:46.926+0000][1024.746s] GC(12) User=0.33s Sys=0.00s Real=0.04s
[2025-06-08T12:20:21.710+0000][1179.529s] GC(13) Pause Young (Normal) (G1 Evacuation Pause)
[2025-06-08T12:20:21.712+0000][1179.530s] GC(13) Using 9 workers of 9 for evacuation
[2025-06-08T12:20:21.749+0000][1179.568s] GC(13)   Pre Evacuate Collection Set: 4.5ms
[2025-06-08T12:20:21.749+0000][1179.568s] GC(13)   Evacuate Collection Set: 27.8ms
[2025-06-08T12:20:21.749+0000][1179.568s] GC(13)   Post Evacuate Collection Set: 4.2ms
[2025-06-08T12:20:21.749+0000][1179.568s] GC(13)   Other: 3.4ms
[2025-06-08T12:20:21.750+0000][1179.568s] GC(13) Eden regions: 287->0(288)
[2025-06-08T12:20:21.750+0000][1179.568s] GC(13) Survivor regions: 20->19(39)
[2025-06-08T12:20:21.750+0000][1179.568s] GC(13) Old regions: 24->24
[2025-06-08T12:20:21.750+0000][1179.568s] GC(13) Humongous regions: 7->7
[2025-06-08T12:20:21.750+0000][1179.568s] GC(13) Metaspace: 54406K(55808K)->54406K(55808K) NonClass: 48113K(48896K)->48113K(48896K) Class: 6293K(6912K)->6293K(6912K)
[2025-06-08T12:20:21.750+0000][1179.569s] GC(13) Pause Young (Normal) (G1 Evacuation Pause) 335M->47M(512M) 40.323ms
[2025-06-08T12:20:21.750+0000][1179.569s] GC(13) User=0.25s Sys=0.01s Real=0.04s
[2025-06-08T12:20:53.898+0000][1211.715s] GC(14) Pause Young (Normal) (G1 Evacuation Pause)
[2025-06-08T12:20:53.899+0000][1211.717s] GC(14) Using 9 workers of 9 for evacuation
[2025-06-08T12:20:54.215+0000][1212.033s] GC(14) MMU target violated: 251.0ms (250.0ms/251.0ms)
[2025-06-08T12:20:54.215+0000][1212.033s] GC(14)   Pre Evacuate Collection Set: 0.5ms
[2025-06-08T12:20:54.216+0000][1212.033s] GC(14)   Evacuate Collection Set: 308.5ms
[2025-06-08T12:20:54.216+0000][1212.033s] GC(14)   Post Evacuate Collection Set: 6.3ms
[2025-06-08T12:20:54.216+0000][1212.033s] GC(14)   Other: 3.3ms
[2025-06-08T12:20:54.216+0000][1212.033s] GC(14) Eden regions: 288->0(287)
[2025-06-08T12:20:54.216+0000][1212.033s] GC(14) Survivor regions: 19->20(39)
[2025-06-08T12:20:54.216+0000][1212.034s] GC(14) Old regions: 24->24
[2025-06-08T12:20:54.216+0000][1212.034s] GC(14) Humongous regions: 7->7
[2025-06-08T12:20:54.216+0000][1212.034s] GC(14) Metaspace: 54532K(56064K)->54532K(56064K) NonClass: 48236K(49152K)->48236K(49152K) Class: 6296K(6912K)->6296K(6912K)
[2025-06-08T12:20:54.216+0000][1212.034s] GC(14) Pause Young (Normal) (G1 Evacuation Pause) 335M->48M(512M) 318.559ms
[2025-06-08T12:20:54.216+0000][1212.034s] GC(14) User=1.51s Sys=0.22s Real=0.32s
[2025-06-08T12:22:06.916+0000][1284.734s] GC(15) Pause Young (Normal) (G1 Evacuation Pause)
[2025-06-08T12:22:06.917+0000][1284.735s] GC(15) Using 9 workers of 9 for evacuation
[2025-06-08T12:22:06.955+0000][1284.773s] GC(15)   Pre Evacuate Collection Set: 0.3ms
[2025-06-08T12:22:06.955+0000][1284.774s] GC(15)   Evacuate Collection Set: 29.6ms
[2025-06-08T12:22:06.956+0000][1284.774s] GC(15)   Post Evacuate Collection Set: 8.4ms
[2025-06-08T12:22:06.956+0000][1284.774s] GC(15)   Other: 0.9ms
[2025-06-08T12:22:06.956+0000][1284.774s] GC(15) Eden regions: 287->0(287)
[2025-06-08T12:22:06.956+0000][1284.774s] GC(15) Survivor regions: 20->20(39)
[2025-06-08T12:22:06.956+0000][1284.774s] GC(15) Old regions: 24->24
[2025-06-08T12:22:06.956+0000][1284.774s] GC(15) Humongous regions: 7->7
[2025-06-08T12:22:06.956+0000][1284.774s] GC(15) Metaspace: 55210K(56576K)->55210K(56576K) NonClass: 48835K(49664K)->48835K(49664K) Class: 6374K(6912K)->6374K(6912K)
[2025-06-08T12:22:06.956+0000][1284.774s] GC(15) Pause Young (Normal) (G1 Evacuation Pause) 335M->48M(512M) 40.034ms
[2025-06-08T12:22:06.956+0000][1284.774s] GC(15) User=0.29s Sys=0.00s Real=0.04s
[2025-06-08T14:13:11.530+0000][6405.923s] Heap
[2025-06-08T14:13:11.531+0000][6405.924s]  garbage-first heap   total 524288K, used 281417K [0x00000000e0000000, 0x0000000100000000)
[2025-06-08T14:13:11.531+0000][6405.924s]   region size 1024K, 248 young (253952K), 20 survivors (20480K)
[2025-06-08T14:13:11.532+0000][6405.924s]  Metaspace       used 57311K, capacity 58709K, committed 58880K, reserved 1101824K
[2025-06-08T14:13:11.532+0000][6405.924s]   class space    used 6583K, capacity 7154K, committed 7168K, reserved 1048576K
