[2025-06-08T11:53:53.327+0000][0.023s] Heap region size: 1M
[2025-06-08T11:53:53.892+0000][0.588s] Using G1
[2025-06-08T11:53:53.892+0000][0.588s] Heap address: 0x00000000e0000000, size: 512 MB, Compressed Oops mode: 32-bit
[2025-06-08T11:53:53.895+0000][0.591s] Mark closed archive regions in map: [0x00000000fff00000, 0x00000000fff65ff8]
[2025-06-08T11:53:53.895+0000][0.591s] Mark open archive regions in map: [0x00000000ffe00000, 0x00000000ffe42ff8]
[2025-06-08T11:53:54.774+0000][1.470s] GC(0) Pause Young (Normal) (G1 Evacuation Pause)
[2025-06-08T11:53:54.776+0000][1.472s] GC(0) Using 9 workers of 9 for evacuation
[2025-06-08T11:53:54.788+0000][1.484s] GC(0)   Pre Evacuate Collection Set: 0.2ms
[2025-06-08T11:53:54.788+0000][1.484s] GC(0)   Evacuate Collection Set: 10.1ms
[2025-06-08T11:53:54.788+0000][1.484s] GC(0)   Post Evacuate Collection Set: 1.6ms
[2025-06-08T11:53:54.788+0000][1.484s] GC(0)   Other: 2.1ms
[2025-06-08T11:53:54.788+0000][1.484s] GC(0) Eden regions: 30->0(303)
[2025-06-08T11:53:54.788+0000][1.484s] GC(0) Survivor regions: 0->4(4)
[2025-06-08T11:53:54.788+0000][1.484s] GC(0) Old regions: 2->2
[2025-06-08T11:53:54.788+0000][1.484s] GC(0) Humongous regions: 0->0
[2025-06-08T11:53:54.788+0000][1.484s] GC(0) Metaspace: 9377K(9856K)->9377K(9856K) NonClass: 8209K(8448K)->8209K(8448K) Class: 1168K(1408K)->1168K(1408K)
[2025-06-08T11:53:54.788+0000][1.484s] GC(0) Pause Young (Normal) (G1 Evacuation Pause) 30M->4M(512M) 14.444ms
[2025-06-08T11:53:54.788+0000][1.484s] GC(0) User=0.09s Sys=0.00s Real=0.02s
[2025-06-08T11:53:55.487+0000][2.183s] GC(1) Pause Young (Concurrent Start) (Metadata GC Threshold)
[2025-06-08T11:53:55.487+0000][2.183s] GC(1) Using 9 workers of 9 for evacuation
[2025-06-08T11:53:55.502+0000][2.198s] GC(1)   Pre Evacuate Collection Set: 0.1ms
[2025-06-08T11:53:55.502+0000][2.198s] GC(1)   Evacuate Collection Set: 11.7ms
[2025-06-08T11:53:55.503+0000][2.198s] GC(1)   Post Evacuate Collection Set: 2.6ms
[2025-06-08T11:53:55.503+0000][2.198s] GC(1)   Other: 0.8ms
[2025-06-08T11:53:55.503+0000][2.199s] GC(1) Eden regions: 82->0(75)
[2025-06-08T11:53:55.503+0000][2.199s] GC(1) Survivor regions: 4->20(39)
[2025-06-08T11:53:55.503+0000][2.199s] GC(1) Old regions: 2->2
[2025-06-08T11:53:55.503+0000][2.199s] GC(1) Humongous regions: 4->4
[2025-06-08T11:53:55.503+0000][2.199s] GC(1) Metaspace: 20468K(21248K)->20468K(21248K) NonClass: 17981K(18432K)->17981K(18432K) Class: 2486K(2816K)->2486K(2816K)
[2025-06-08T11:53:55.503+0000][2.199s] GC(1) Pause Young (Concurrent Start) (Metadata GC Threshold) 89M->24M(512M) 15.720ms
[2025-06-08T11:53:55.503+0000][2.199s] GC(1) User=0.07s Sys=0.00s Real=0.01s
[2025-06-08T11:53:55.503+0000][2.199s] GC(2) Concurrent Cycle
[2025-06-08T11:53:55.504+0000][2.200s] GC(2) Concurrent Clear Claimed Marks
[2025-06-08T11:53:55.504+0000][2.200s] GC(2) Concurrent Clear Claimed Marks 0.202ms
[2025-06-08T11:53:55.504+0000][2.200s] GC(2) Concurrent Scan Root Regions
[2025-06-08T11:53:55.507+0000][2.203s] GC(2) Concurrent Scan Root Regions 2.905ms
[2025-06-08T11:53:55.507+0000][2.203s] GC(2) Concurrent Mark (2.203s)
[2025-06-08T11:53:55.507+0000][2.203s] GC(2) Concurrent Mark From Roots
[2025-06-08T11:53:55.508+0000][2.203s] GC(2) Using 2 workers of 2 for marking
[2025-06-08T11:53:55.513+0000][2.208s] GC(2) Concurrent Mark From Roots 5.177ms
[2025-06-08T11:53:55.513+0000][2.209s] GC(2) Concurrent Preclean
[2025-06-08T11:53:55.513+0000][2.209s] GC(2) Concurrent Preclean 0.222ms
[2025-06-08T11:53:55.513+0000][2.209s] GC(2) Concurrent Mark (2.203s, 2.209s) 5.738ms
[2025-06-08T11:53:55.514+0000][2.209s] GC(2) Pause Remark
[2025-06-08T11:53:55.518+0000][2.214s] GC(2) Cleaned string and symbol table, strings: 9024 processed, 0 removed, symbols: 57768 processed, 31 removed
[2025-06-08T11:53:55.518+0000][2.214s] GC(2) Pause Remark 25M->25M(512M) 4.476ms
[2025-06-08T11:53:55.518+0000][2.214s] GC(2) User=0.01s Sys=0.00s Real=0.01s
[2025-06-08T11:53:55.518+0000][2.214s] GC(2) Concurrent Rebuild Remembered Sets
[2025-06-08T11:53:55.520+0000][2.215s] GC(2) Concurrent Rebuild Remembered Sets 1.276ms
[2025-06-08T11:53:55.520+0000][2.216s] GC(2) Pause Cleanup
[2025-06-08T11:53:55.520+0000][2.216s] GC(2) Pause Cleanup 25M->25M(512M) 0.383ms
[2025-06-08T11:53:55.520+0000][2.216s] GC(2) User=0.00s Sys=0.00s Real=0.00s
[2025-06-08T11:53:55.521+0000][2.217s] GC(2) Concurrent Cleanup for Next Mark
[2025-06-08T11:53:55.521+0000][2.217s] GC(2) Concurrent Cleanup for Next Mark 0.442ms
[2025-06-08T11:53:55.523+0000][2.219s] GC(2) Concurrent Cycle 20.109ms
[2025-06-08T11:53:56.029+0000][2.725s] GC(3) Pause Young (Normal) (G1 Evacuation Pause)
[2025-06-08T11:53:56.030+0000][2.725s] GC(3) Using 9 workers of 9 for evacuation
[2025-06-08T11:53:56.076+0000][2.772s] GC(3)   Pre Evacuate Collection Set: 0.7ms
[2025-06-08T11:53:56.076+0000][2.772s] GC(3)   Evacuate Collection Set: 44.0ms
[2025-06-08T11:53:56.076+0000][2.772s] GC(3)   Post Evacuate Collection Set: 1.7ms
[2025-06-08T11:53:56.076+0000][2.772s] GC(3)   Other: 0.3ms
[2025-06-08T11:53:56.076+0000][2.772s] GC(3) Eden regions: 65->0(97)
[2025-06-08T11:53:56.076+0000][2.772s] GC(3) Survivor regions: 20->3(11)
[2025-06-08T11:53:56.076+0000][2.772s] GC(3) Old regions: 2->21
[2025-06-08T11:53:56.077+0000][2.772s] GC(3) Humongous regions: 4->4
[2025-06-08T11:53:56.077+0000][2.772s] GC(3) Metaspace: 27676K(28544K)->27676K(28544K) NonClass: 24357K(24832K)->24357K(24832K) Class: 3318K(3712K)->3318K(3712K)
[2025-06-08T11:53:56.077+0000][2.773s] GC(3) Pause Young (Normal) (G1 Evacuation Pause) 89M->26M(512M) 47.316ms
[2025-06-08T11:53:56.077+0000][2.773s] GC(3) User=0.35s Sys=0.01s Real=0.05s
[2025-06-08T11:53:56.465+0000][3.161s] GC(4) Pause Young (Concurrent Start) (Metadata GC Threshold)
[2025-06-08T11:53:56.465+0000][3.161s] GC(4) Using 9 workers of 9 for evacuation
[2025-06-08T11:53:56.471+0000][3.167s] GC(4)   Pre Evacuate Collection Set: 0.1ms
[2025-06-08T11:53:56.471+0000][3.167s] GC(4)   Evacuate Collection Set: 4.5ms
[2025-06-08T11:53:56.471+0000][3.167s] GC(4)   Post Evacuate Collection Set: 0.9ms
[2025-06-08T11:53:56.471+0000][3.167s] GC(4)   Other: 0.3ms
[2025-06-08T11:53:56.471+0000][3.167s] GC(4) Eden regions: 69->0(119)
[2025-06-08T11:53:56.472+0000][3.167s] GC(4) Survivor regions: 3->6(13)
[2025-06-08T11:53:56.472+0000][3.167s] GC(4) Old regions: 21->21
[2025-06-08T11:53:56.472+0000][3.167s] GC(4) Humongous regions: 4->4
[2025-06-08T11:53:56.472+0000][3.168s] GC(4) Metaspace: 34731K(35840K)->34731K(35840K) NonClass: 30575K(31232K)->30575K(31232K) Class: 4155K(4608K)->4155K(4608K)
[2025-06-08T11:53:56.472+0000][3.168s] GC(4) Pause Young (Concurrent Start) (Metadata GC Threshold) 94M->29M(512M) 6.550ms
[2025-06-08T11:53:56.472+0000][3.168s] GC(4) User=0.02s Sys=0.00s Real=0.01s
[2025-06-08T11:53:56.472+0000][3.168s] GC(5) Concurrent Cycle
[2025-06-08T11:53:56.473+0000][3.169s] GC(5) Concurrent Clear Claimed Marks
[2025-06-08T11:53:56.473+0000][3.169s] GC(5) Concurrent Clear Claimed Marks 0.237ms
[2025-06-08T11:53:56.473+0000][3.169s] GC(5) Concurrent Scan Root Regions
[2025-06-08T11:53:56.474+0000][3.170s] GC(5) Concurrent Scan Root Regions 1.274ms
[2025-06-08T11:53:56.475+0000][3.170s] GC(5) Concurrent Mark (3.170s)
[2025-06-08T11:53:56.475+0000][3.170s] GC(5) Concurrent Mark From Roots
[2025-06-08T11:53:56.475+0000][3.171s] GC(5) Using 2 workers of 2 for marking
[2025-06-08T11:53:56.483+0000][3.179s] GC(5) Concurrent Mark From Roots 8.754ms
[2025-06-08T11:53:56.483+0000][3.179s] GC(5) Concurrent Preclean
[2025-06-08T11:53:56.484+0000][3.179s] GC(5) Concurrent Preclean 0.114ms
[2025-06-08T11:53:56.484+0000][3.180s] GC(5) Concurrent Mark (3.170s, 3.180s) 9.118ms
[2025-06-08T11:53:56.484+0000][3.180s] GC(5) Pause Remark
[2025-06-08T11:53:56.486+0000][3.182s] GC(5) Cleaned string and symbol table, strings: 14966 processed, 32 removed, symbols: 101095 processed, 84 removed
[2025-06-08T11:53:56.487+0000][3.183s] GC(5) Pause Remark 32M->32M(512M) 2.985ms
[2025-06-08T11:53:56.487+0000][3.183s] GC(5) User=0.02s Sys=0.00s Real=0.01s
[2025-06-08T11:53:56.487+0000][3.183s] GC(5) Concurrent Rebuild Remembered Sets
[2025-06-08T11:53:56.492+0000][3.188s] GC(5) Concurrent Rebuild Remembered Sets 5.243ms
[2025-06-08T11:53:56.493+0000][3.189s] GC(5) Pause Cleanup
[2025-06-08T11:53:56.493+0000][3.189s] GC(5) Pause Cleanup 34M->34M(512M) 0.309ms
[2025-06-08T11:53:56.493+0000][3.189s] GC(5) User=0.00s Sys=0.00s Real=0.00s
[2025-06-08T11:53:56.493+0000][3.189s] GC(5) Concurrent Cleanup for Next Mark
[2025-06-08T11:53:56.494+0000][3.190s] GC(5) Concurrent Cleanup for Next Mark 1.135ms
[2025-06-08T11:53:56.495+0000][3.191s] GC(5) Concurrent Cycle 22.750ms
[2025-06-08T11:53:57.081+0000][3.777s] GC(6) Pause Young (Normal) (G1 Evacuation Pause)
[2025-06-08T11:53:57.082+0000][3.778s] GC(6) Using 9 workers of 9 for evacuation
[2025-06-08T11:53:57.108+0000][3.804s] GC(6)   Pre Evacuate Collection Set: 0.1ms
[2025-06-08T11:53:57.108+0000][3.804s] GC(6)   Evacuate Collection Set: 23.9ms
[2025-06-08T11:53:57.108+0000][3.804s] GC(6)   Post Evacuate Collection Set: 1.1ms
[2025-06-08T11:53:57.108+0000][3.804s] GC(6)   Other: 1.8ms
[2025-06-08T11:53:57.108+0000][3.804s] GC(6) Eden regions: 124->0(209)
[2025-06-08T11:53:57.108+0000][3.804s] GC(6) Survivor regions: 6->14(17)
[2025-06-08T11:53:57.109+0000][3.804s] GC(6) Old regions: 21->21
[2025-06-08T11:53:57.109+0000][3.805s] GC(6) Humongous regions: 5->4
[2025-06-08T11:53:57.109+0000][3.805s] GC(6) Metaspace: 41774K(43136K)->41774K(43136K) NonClass: 36711K(37632K)->36711K(37632K) Class: 5062K(5504K)->5062K(5504K)
[2025-06-08T11:53:57.109+0000][3.805s] GC(6) Pause Young (Normal) (G1 Evacuation Pause) 154M->37M(512M) 27.898ms
[2025-06-08T11:53:57.109+0000][3.805s] GC(6) User=0.10s Sys=0.00s Real=0.03s
[2025-06-08T12:00:17.678+0000][384.371s] Heap
[2025-06-08T12:00:17.679+0000][384.371s]  garbage-first heap   total 524288K, used 147539K [0x00000000e0000000, 0x0000000100000000)
[2025-06-08T12:00:17.679+0000][384.371s]   region size 1024K, 123 young (125952K), 14 survivors (14336K)
[2025-06-08T12:00:17.679+0000][384.371s]  Metaspace       used 48072K, capacity 49299K, committed 49408K, reserved 1091584K
[2025-06-08T12:00:17.679+0000][384.371s]   class space    used 5881K, capacity 6368K, committed 6400K, reserved 1048576K
