[2025-06-08T11:24:35.768+0000][0.020s] Heap region size: 1M
[2025-06-08T11:24:36.200+0000][0.452s] Using G1
[2025-06-08T11:24:36.200+0000][0.452s] Heap address: 0x00000000e0000000, size: 512 MB, Compressed Oops mode: 32-bit
[2025-06-08T11:24:36.202+0000][0.453s] Mark closed archive regions in map: [0x00000000fff00000, 0x00000000fff65ff8]
[2025-06-08T11:24:36.202+0000][0.453s] Mark open archive regions in map: [0x00000000ffe00000, 0x00000000ffe42ff8]
[2025-06-08T11:24:36.831+0000][1.082s] GC(0) Pause Young (Normal) (G1 Evacuation Pause)
[2025-06-08T11:24:36.835+0000][1.087s] GC(0) Using 9 workers of 9 for evacuation
[2025-06-08T11:24:36.845+0000][1.096s] GC(0)   Pre Evacuate Collection Set: 0.0ms
[2025-06-08T11:24:36.846+0000][1.097s] GC(0)   Evacuate Collection Set: 5.5ms
[2025-06-08T11:24:36.846+0000][1.097s] GC(0)   Post Evacuate Collection Set: 2.5ms
[2025-06-08T11:24:36.847+0000][1.098s] GC(0)   Other: 6.2ms
[2025-06-08T11:24:36.847+0000][1.098s] GC(0) Eden regions: 30->0(303)
[2025-06-08T11:24:36.847+0000][1.098s] GC(0) Survivor regions: 0->4(4)
[2025-06-08T11:24:36.847+0000][1.098s] GC(0) Old regions: 2->2
[2025-06-08T11:24:36.850+0000][1.101s] GC(0) Humongous regions: 0->0
[2025-06-08T11:24:36.850+0000][1.101s] GC(0) Metaspace: 9372K(9856K)->9372K(9856K) NonClass: 8203K(8448K)->8203K(8448K) Class: 1168K(1408K)->1168K(1408K)
[2025-06-08T11:24:36.850+0000][1.101s] GC(0) Pause Young (Normal) (G1 Evacuation Pause) 30M->4M(512M) 19.048ms
[2025-06-08T11:24:36.850+0000][1.101s] GC(0) User=0.04s Sys=0.00s Real=0.02s
[2025-06-08T11:24:37.817+0000][2.068s] GC(1) Pause Young (Concurrent Start) (Metadata GC Threshold)
[2025-06-08T11:24:37.817+0000][2.068s] GC(1) Using 9 workers of 9 for evacuation
[2025-06-08T11:24:37.853+0000][2.105s] GC(1)   Pre Evacuate Collection Set: 0.1ms
[2025-06-08T11:24:37.853+0000][2.105s] GC(1)   Evacuate Collection Set: 30.7ms
[2025-06-08T11:24:37.854+0000][2.105s] GC(1)   Post Evacuate Collection Set: 4.1ms
[2025-06-08T11:24:37.854+0000][2.105s] GC(1)   Other: 1.7ms
[2025-06-08T11:24:37.854+0000][2.106s] GC(1) Eden regions: 82->0(75)
[2025-06-08T11:24:37.854+0000][2.106s] GC(1) Survivor regions: 4->21(39)
[2025-06-08T11:24:37.854+0000][2.106s] GC(1) Old regions: 2->2
[2025-06-08T11:24:37.854+0000][2.106s] GC(1) Humongous regions: 4->4
[2025-06-08T11:24:37.855+0000][2.106s] GC(1) Metaspace: 20488K(21248K)->20488K(21248K) NonClass: 17999K(18432K)->17999K(18432K) Class: 2488K(2816K)->2488K(2816K)
[2025-06-08T11:24:37.855+0000][2.107s] GC(1) Pause Young (Concurrent Start) (Metadata GC Threshold) 89M->25M(512M) 38.709ms
[2025-06-08T11:24:37.856+0000][2.107s] GC(1) User=0.17s Sys=0.01s Real=0.04s
[2025-06-08T11:24:37.857+0000][2.109s] GC(2) Concurrent Cycle
[2025-06-08T11:24:37.857+0000][2.109s] GC(2) Concurrent Clear Claimed Marks
[2025-06-08T11:24:37.858+0000][2.109s] GC(2) Concurrent Clear Claimed Marks 0.574ms
[2025-06-08T11:24:37.858+0000][2.109s] GC(2) Concurrent Scan Root Regions
[2025-06-08T11:24:37.863+0000][2.114s] GC(2) Concurrent Scan Root Regions 4.761ms
[2025-06-08T11:24:37.863+0000][2.114s] GC(2) Concurrent Mark (2.114s)
[2025-06-08T11:24:37.863+0000][2.115s] GC(2) Concurrent Mark From Roots
[2025-06-08T11:24:37.863+0000][2.115s] GC(2) Using 2 workers of 2 for marking
[2025-06-08T11:24:37.867+0000][2.118s] GC(2) Concurrent Mark From Roots 3.510ms
[2025-06-08T11:24:37.867+0000][2.119s] GC(2) Concurrent Preclean
[2025-06-08T11:24:37.868+0000][2.120s] GC(2) Concurrent Preclean 1.257ms
[2025-06-08T11:24:37.869+0000][2.121s] GC(2) Concurrent Mark (2.114s, 2.121s) 6.357ms
[2025-06-08T11:24:37.870+0000][2.122s] GC(2) Pause Remark
[2025-06-08T11:24:37.875+0000][2.127s] GC(2) Cleaned string and symbol table, strings: 9039 processed, 0 removed, symbols: 57772 processed, 31 removed
[2025-06-08T11:24:37.877+0000][2.128s] GC(2) Pause Remark 25M->25M(512M) 6.620ms
[2025-06-08T11:24:37.877+0000][2.128s] GC(2) User=0.03s Sys=0.00s Real=0.01s
[2025-06-08T11:24:37.882+0000][2.133s] GC(2) Concurrent Rebuild Remembered Sets
[2025-06-08T11:24:37.885+0000][2.137s] GC(2) Concurrent Rebuild Remembered Sets 3.455ms
[2025-06-08T11:24:37.886+0000][2.137s] GC(2) Pause Cleanup
[2025-06-08T11:24:37.886+0000][2.137s] GC(2) Pause Cleanup 26M->26M(512M) 0.279ms
[2025-06-08T11:24:37.886+0000][2.137s] GC(2) User=0.00s Sys=0.00s Real=0.00s
[2025-06-08T11:24:37.886+0000][2.138s] GC(2) Concurrent Cleanup for Next Mark
[2025-06-08T11:24:37.888+0000][2.140s] GC(2) Concurrent Cleanup for Next Mark 1.990ms
[2025-06-08T11:24:37.889+0000][2.140s] GC(2) Concurrent Cycle 31.670ms
[2025-06-08T11:24:38.389+0000][2.640s] GC(3) Pause Young (Normal) (G1 Evacuation Pause)
[2025-06-08T11:24:38.389+0000][2.640s] GC(3) Using 9 workers of 9 for evacuation
[2025-06-08T11:24:38.416+0000][2.667s] GC(3)   Pre Evacuate Collection Set: 0.1ms
[2025-06-08T11:24:38.416+0000][2.667s] GC(3)   Evacuate Collection Set: 23.7ms
[2025-06-08T11:24:38.416+0000][2.668s] GC(3)   Post Evacuate Collection Set: 3.2ms
[2025-06-08T11:24:38.416+0000][2.668s] GC(3)   Other: 0.4ms
[2025-06-08T11:24:38.416+0000][2.668s] GC(3) Eden regions: 60->0(102)
[2025-06-08T11:24:38.416+0000][2.668s] GC(3) Survivor regions: 21->4(11)
[2025-06-08T11:24:38.416+0000][2.668s] GC(3) Old regions: 2->22
[2025-06-08T11:24:38.416+0000][2.668s] GC(3) Humongous regions: 4->4
[2025-06-08T11:24:38.416+0000][2.668s] GC(3) Metaspace: 28342K(29312K)->28342K(29312K) NonClass: 24960K(25600K)->24960K(25600K) Class: 3382K(3712K)->3382K(3712K)
[2025-06-08T11:24:38.416+0000][2.668s] GC(3) Pause Young (Normal) (G1 Evacuation Pause) 85M->27M(512M) 27.628ms
[2025-06-08T11:24:38.416+0000][2.668s] GC(3) User=0.15s Sys=0.00s Real=0.03s
[2025-06-08T11:24:38.797+0000][3.049s] GC(4) Pause Young (Concurrent Start) (Metadata GC Threshold)
[2025-06-08T11:24:38.800+0000][3.051s] GC(4) Using 9 workers of 9 for evacuation
[2025-06-08T11:24:38.807+0000][3.058s] GC(4)   Pre Evacuate Collection Set: 0.1ms
[2025-06-08T11:24:38.807+0000][3.058s] GC(4)   Evacuate Collection Set: 4.6ms
[2025-06-08T11:24:38.807+0000][3.059s] GC(4)   Post Evacuate Collection Set: 2.2ms
[2025-06-08T11:24:38.807+0000][3.059s] GC(4)   Other: 2.6ms
[2025-06-08T11:24:38.807+0000][3.059s] GC(4) Eden regions: 66->0(118)
[2025-06-08T11:24:38.807+0000][3.059s] GC(4) Survivor regions: 4->6(14)
[2025-06-08T11:24:38.807+0000][3.059s] GC(4) Old regions: 22->22
[2025-06-08T11:24:38.807+0000][3.059s] GC(4) Humongous regions: 4->4
[2025-06-08T11:24:38.807+0000][3.059s] GC(4) Metaspace: 34845K(35840K)->34845K(35840K) NonClass: 30661K(31232K)->30661K(31232K) Class: 4183K(4608K)->4183K(4608K)
[2025-06-08T11:24:38.807+0000][3.059s] GC(4) Pause Young (Concurrent Start) (Metadata GC Threshold) 93M->29M(512M) 9.857ms
[2025-06-08T11:24:38.808+0000][3.059s] GC(4) User=0.02s Sys=0.01s Real=0.01s
[2025-06-08T11:24:38.808+0000][3.060s] GC(5) Concurrent Cycle
[2025-06-08T11:24:38.808+0000][3.060s] GC(5) Concurrent Clear Claimed Marks
[2025-06-08T11:24:38.809+0000][3.060s] GC(5) Concurrent Clear Claimed Marks 0.765ms
[2025-06-08T11:24:38.809+0000][3.060s] GC(5) Concurrent Scan Root Regions
[2025-06-08T11:24:38.810+0000][3.062s] GC(5) Concurrent Scan Root Regions 1.474ms
[2025-06-08T11:24:38.814+0000][3.065s] GC(5) Concurrent Mark (3.065s)
[2025-06-08T11:24:38.814+0000][3.065s] GC(5) Concurrent Mark From Roots
[2025-06-08T11:24:38.814+0000][3.065s] GC(5) Using 2 workers of 2 for marking
[2025-06-08T11:24:38.823+0000][3.074s] GC(5) Concurrent Mark From Roots 8.993ms
[2025-06-08T11:24:38.823+0000][3.074s] GC(5) Concurrent Preclean
[2025-06-08T11:24:38.823+0000][3.075s] GC(5) Concurrent Preclean 0.219ms
[2025-06-08T11:24:38.823+0000][3.075s] GC(5) Concurrent Mark (3.065s, 3.075s) 9.508ms
[2025-06-08T11:24:38.823+0000][3.075s] GC(5) Pause Remark
[2025-06-08T11:24:38.834+0000][3.086s] GC(5) Cleaned string and symbol table, strings: 15045 processed, 32 removed, symbols: 101331 processed, 83 removed
[2025-06-08T11:24:38.835+0000][3.086s] GC(5) Pause Remark 33M->33M(512M) 11.196ms
[2025-06-08T11:24:38.835+0000][3.086s] GC(5) User=0.03s Sys=0.00s Real=0.01s
[2025-06-08T11:24:38.835+0000][3.086s] GC(5) Concurrent Rebuild Remembered Sets
[2025-06-08T11:24:38.842+0000][3.093s] GC(5) Concurrent Rebuild Remembered Sets 6.667ms
[2025-06-08T11:24:38.842+0000][3.094s] GC(5) Pause Cleanup
[2025-06-08T11:24:38.843+0000][3.094s] GC(5) Pause Cleanup 34M->34M(512M) 0.234ms
[2025-06-08T11:24:38.843+0000][3.094s] GC(5) User=0.00s Sys=0.00s Real=0.01s
[2025-06-08T11:24:38.843+0000][3.095s] GC(5) Concurrent Cleanup for Next Mark
[2025-06-08T11:24:38.847+0000][3.098s] GC(5) Concurrent Cleanup for Next Mark 3.619ms
[2025-06-08T11:24:38.847+0000][3.098s] GC(5) Concurrent Cycle 38.657ms
[2025-06-08T11:24:39.423+0000][3.674s] GC(6) Pause Young (Normal) (G1 Evacuation Pause)
[2025-06-08T11:24:39.423+0000][3.674s] GC(6) Using 9 workers of 9 for evacuation
[2025-06-08T11:24:39.446+0000][3.697s] GC(6)   Pre Evacuate Collection Set: 0.0ms
[2025-06-08T11:24:39.446+0000][3.697s] GC(6)   Evacuate Collection Set: 21.5ms
[2025-06-08T11:24:39.446+0000][3.697s] GC(6)   Post Evacuate Collection Set: 1.1ms
[2025-06-08T11:24:39.446+0000][3.697s] GC(6)   Other: 0.4ms
[2025-06-08T11:24:39.446+0000][3.697s] GC(6) Eden regions: 122->0(189)
[2025-06-08T11:24:39.446+0000][3.698s] GC(6) Survivor regions: 6->14(16)
[2025-06-08T11:24:39.446+0000][3.698s] GC(6) Old regions: 22->22
[2025-06-08T11:24:39.446+0000][3.698s] GC(6) Humongous regions: 5->4
[2025-06-08T11:24:39.446+0000][3.698s] GC(6) Metaspace: 41700K(42956K)->41700K(42956K) NonClass: 36645K(37376K)->36645K(37376K) Class: 5054K(5580K)->5054K(5580K)
[2025-06-08T11:24:39.446+0000][3.698s] GC(6) Pause Young (Normal) (G1 Evacuation Pause) 152M->37M(512M) 23.694ms
[2025-06-08T11:24:39.446+0000][3.698s] GC(6) User=0.13s Sys=0.01s Real=0.03s
[2025-06-08T11:25:44.408+0000][68.661s] GC(7) Pause Young (Normal) (G1 Evacuation Pause)
[2025-06-08T11:25:44.408+0000][68.662s] GC(7) Using 9 workers of 9 for evacuation
[2025-06-08T11:25:44.441+0000][68.694s] GC(7)   Pre Evacuate Collection Set: 1.2ms
[2025-06-08T11:25:44.441+0000][68.694s] GC(7)   Evacuate Collection Set: 28.6ms
[2025-06-08T11:25:44.441+0000][68.694s] GC(7)   Post Evacuate Collection Set: 2.4ms
[2025-06-08T11:25:44.441+0000][68.695s] GC(7)   Other: 1.0ms
[2025-06-08T11:25:44.441+0000][68.695s] GC(7) Eden regions: 189->0(265)
[2025-06-08T11:25:44.441+0000][68.695s] GC(7) Survivor regions: 14->23(26)
[2025-06-08T11:25:44.441+0000][68.695s] GC(7) Old regions: 22->22
[2025-06-08T11:25:44.441+0000][68.695s] GC(7) Humongous regions: 7->7
[2025-06-08T11:25:44.441+0000][68.695s] GC(7) Metaspace: 52150K(53708K)->52150K(53708K) NonClass: 45912K(46848K)->45912K(46848K) Class: 6237K(6860K)->6237K(6860K)
[2025-06-08T11:25:44.442+0000][68.695s] GC(7) Pause Young (Normal) (G1 Evacuation Pause) 229M->48M(512M) 34.178ms
[2025-06-08T11:25:44.442+0000][68.695s] GC(7) User=0.25s Sys=0.00s Real=0.04s
[2025-06-08T11:38:19.473+0000][823.711s] Heap
[2025-06-08T11:38:19.473+0000][823.712s]  garbage-first heap   total 524288K, used 136145K [0x00000000e0000000, 0x0000000100000000)
[2025-06-08T11:38:19.473+0000][823.712s]   region size 1024K, 109 young (111616K), 23 survivors (23552K)
[2025-06-08T11:38:19.473+0000][823.712s]  Metaspace       used 53754K, capacity 55106K, committed 55372K, reserved 1097728K
[2025-06-08T11:38:19.473+0000][823.712s]   class space    used 6365K, capacity 6887K, committed 6988K, reserved 1048576K
